<?xml version="1.0" encoding="UTF-8"?>
<testsuites name="jest tests" tests="856" failures="0" errors="0" time="10.335">
  <testsuite name="selectFileForPinning" errors="0" failures="0" skipped="16" timestamp="2026-01-22T16:22:16" time="0.419" tests="16">
    <testcase classname="selectFileForPinning with a -r option chooses targetFile" name="selectFileForPinning with a -r option chooses targetFile" time="0">
      <skipped/>
    </testcase>
    <testcase classname="selectFileForPinning without -r or -c option chooses targetFile" name="selectFileForPinning without -r or -c option chooses targetFile" time="0">
      <skipped/>
    </testcase>
    <testcase classname="selectFileForPinning with a -c option chooses constraints.txt file" name="selectFileForPinning with a -c option chooses constraints.txt file" time="0">
      <skipped/>
    </testcase>
    <testcase classname="fix *req*.txt / *.txt Python projects fixes project with a -r option" name="fix *req*.txt / *.txt Python projects fixes project with a -r option" time="0">
      <skipped/>
    </testcase>
    <testcase classname="fix *req*.txt / *.txt Python projects does not add extra new lines" name="fix *req*.txt / *.txt Python projects does not add extra new lines" time="0">
      <skipped/>
    </testcase>
    <testcase classname="fix *req*.txt / *.txt Python projects retains new line eof" name="fix *req*.txt / *.txt Python projects retains new line eof" time="0">
      <skipped/>
    </testcase>
    <testcase classname="fix *req*.txt / *.txt Python projects does not mess formatting" name="fix *req*.txt / *.txt Python projects does not mess formatting" time="0">
      <skipped/>
    </testcase>
    <testcase classname="fix *req*.txt / *.txt Python projects ignores dependency name casing (treats all as lowercase)" name="fix *req*.txt / *.txt Python projects ignores dependency name casing (treats all as lowercase)" time="0">
      <skipped/>
    </testcase>
    <testcase classname="fix *req*.txt / *.txt Python projects maintains package name casing when upgrading" name="fix *req*.txt / *.txt Python projects maintains package name casing when upgrading" time="0">
      <skipped/>
    </testcase>
    <testcase classname="fix *req*.txt / *.txt Python projects matches a package with multiple digit versions i.e. 12.123.14" name="fix *req*.txt / *.txt Python projects matches a package with multiple digit versions i.e. 12.123.14" time="0">
      <skipped/>
    </testcase>
    <testcase classname="fix *req*.txt / *.txt Python projects maintains version comparator when upgrading" name="fix *req*.txt / *.txt Python projects maintains version comparator when upgrading" time="0">
      <skipped/>
    </testcase>
    <testcase classname="fix *req*.txt / *.txt Python projects retains python markers" name="fix *req*.txt / *.txt Python projects retains python markers" time="0">
      <skipped/>
    </testcase>
    <testcase classname="fix *req*.txt / *.txt Python projects fixes multiple files that are included via -r" name="fix *req*.txt / *.txt Python projects fixes multiple files that are included via -r" time="0">
      <skipped/>
    </testcase>
    <testcase classname="fix *req*.txt / *.txt Python projects fixes multiple files via -r with the same name (some were already fixed)" name="fix *req*.txt / *.txt Python projects fixes multiple files via -r with the same name (some were already fixed)" time="0">
      <skipped/>
    </testcase>
    <testcase classname="fix *req*.txt / *.txt Python projects fixes multiple files via -c &amp; -r with the same name (some were already fixed)" name="fix *req*.txt / *.txt Python projects fixes multiple files via -c &amp; -r with the same name (some were already fixed)" time="0">
      <skipped/>
    </testcase>
    <testcase classname="fix custom named Python projects with --file &amp; --packageManager parameters fixes *.frozen manifest with a --packageManager option" name="fix custom named Python projects with --file &amp; --packageManager parameters fixes *.frozen manifest with a --packageManager option" time="0">
      <skipped/>
    </testcase>
  </testsuite>
  <testsuite name="snyk container" errors="0" failures="0" skipped="31" timestamp="2026-01-22T16:22:16" time="0.091" tests="31">
    <testcase classname="snyk container test finds dependencies in rpm sqlite databases" name="snyk container test finds dependencies in rpm sqlite databases" time="0">
      <skipped/>
    </testcase>
    <testcase classname="snyk container test finds dependencies in rpm ndb databases" name="snyk container test finds dependencies in rpm ndb databases" time="0">
      <skipped/>
    </testcase>
    <testcase classname="snyk container test finds dependencies in wolfi/chainguard image" name="snyk container test finds dependencies in wolfi/chainguard image" time="0">
      <skipped/>
    </testcase>
    <testcase classname="snyk container test container tests the platform specified in the parameters" name="snyk container test container tests the platform specified in the parameters" time="0">
      <skipped/>
    </testcase>
    <testcase classname="snyk container test container test scan when the archive type is not specified in the .tar path prefix" name="snyk container test container test scan when the archive type is not specified in the .tar path prefix" time="0">
      <skipped/>
    </testcase>
    <testcase classname="snyk container test detects stripped Go binaries and reports fleet-server dependencies" name="snyk container test detects stripped Go binaries and reports fleet-server dependencies" time="0">
      <skipped/>
    </testcase>
    <testcase classname="snyk container test should correctly scan an OCI image with manifest missing platform field" name="snyk container test should correctly scan an OCI image with manifest missing platform field" time="0">
      <skipped/>
    </testcase>
    <testcase classname="snyk container test npm depGraph is generated in an npm image with lockfiles" name="snyk container test npm depGraph is generated in an npm image with lockfiles" time="0">
      <skipped/>
    </testcase>
    <testcase classname="snyk container test npm depGraph is generated in an npm image without package-lock.json file" name="snyk container test npm depGraph is generated in an npm image without package-lock.json file" time="0">
      <skipped/>
    </testcase>
    <testcase classname="snyk container test npm depGraph is generated in an npm image without package-lock.json and package.json file" name="snyk container test npm depGraph is generated in an npm image without package-lock.json and package.json file" time="0">
      <skipped/>
    </testcase>
    <testcase classname="snyk container test npm projects target file are found in container image" name="snyk container test npm projects target file are found in container image" time="0">
      <skipped/>
    </testcase>
    <testcase classname="snyk container test npm depGraph is generated in an npm image with lockfiles image" name="snyk container test npm depGraph is generated in an npm image with lockfiles image" time="0">
      <skipped/>
    </testcase>
    <testcase classname="snyk container test pnpm depGraph is generated in an image with pnpm-lock.yaml v6" name="snyk container test pnpm depGraph is generated in an image with pnpm-lock.yaml v6" time="0">
      <skipped/>
    </testcase>
    <testcase classname="snyk container test pnpm depGraph is generated in an image with pnpm-lock.yaml v9" name="snyk container test pnpm depGraph is generated in an image with pnpm-lock.yaml v9" time="0">
      <skipped/>
    </testcase>
    <testcase classname="snyk container test pnpm project target file is found in container image" name="snyk container test pnpm project target file is found in container image" time="0">
      <skipped/>
    </testcase>
    <testcase classname="snyk container test finds dependencies in oci image (library/ubuntu)" name="snyk container test finds dependencies in oci image (library/ubuntu)" time="0">
      <skipped/>
    </testcase>
    <testcase classname="snyk container test prints dep graph with --print-graph flag" name="snyk container test prints dep graph with --print-graph flag" time="0">
      <skipped/>
    </testcase>
    <testcase classname="snyk container test includes OS field with prettyName under docker element in JSON output for container tests when OS info is available" name="snyk container test includes OS field with prettyName under docker element in JSON output for container tests when OS info is available" time="0">
      <skipped/>
    </testcase>
    <testcase classname="snyk container test successfully scans a local docker image with private tag" name="snyk container test successfully scans a local docker image with private tag" time="0">
      <skipped/>
    </testcase>
    <testcase classname="snyk container test successfully scans container with an executable file larger than the node.js max file size" name="snyk container test successfully scans container with an executable file larger than the node.js max file size" time="0">
      <skipped/>
    </testcase>
    <testcase classname="snyk container test successfully scans image with empty history array" name="snyk container test successfully scans image with empty history array" time="0">
      <skipped/>
    </testcase>
    <testcase classname="snyk container test detects sub-packages in n8n container image" name="snyk container test detects sub-packages in n8n container image" time="0">
      <skipped/>
    </testcase>
    <testcase classname="snyk container depgraph should print depgraph for image as JSON" name="snyk container depgraph should print depgraph for image as JSON" time="0">
      <skipped/>
    </testcase>
    <testcase classname="snyk container sbom (mock export-sbom service) should print sbom for image - spdx" name="snyk container sbom (mock export-sbom service) should print sbom for image - spdx" time="0">
      <skipped/>
    </testcase>
    <testcase classname="snyk container sbom (mock export-sbom service) should print sbom for image - cyclonedx 1.4" name="snyk container sbom (mock export-sbom service) should print sbom for image - cyclonedx 1.4" time="0">
      <skipped/>
    </testcase>
    <testcase classname="snyk container sbom (mock export-sbom service) should print sbom for image - cyclonedx 1.5" name="snyk container sbom (mock export-sbom service) should print sbom for image - cyclonedx 1.5" time="0">
      <skipped/>
    </testcase>
    <testcase classname="snyk container sbom (mock export-sbom service) should print sbom for image - cyclonedx 1.6" name="snyk container sbom (mock export-sbom service) should print sbom for image - cyclonedx 1.6" time="0">
      <skipped/>
    </testcase>
    <testcase classname="snyk container sbom (mock export-sbom service) finds go binaries on windows with complex paths" name="snyk container sbom (mock export-sbom service) finds go binaries on windows with complex paths" time="0">
      <skipped/>
    </testcase>
    <testcase classname="snyk container snyk container monitor --json output snyk container monitor json produces expected output for a single depgraph" name="snyk container snyk container monitor --json output snyk container monitor json produces expected output for a single depgraph" time="0">
      <skipped/>
    </testcase>
    <testcase classname="snyk container snyk container monitor --json output snyk container monitor json produces expected output for multiple depgraphs" name="snyk container snyk container monitor --json output snyk container monitor json produces expected output for multiple depgraphs" time="0">
      <skipped/>
    </testcase>
    <testcase classname="snyk container snyk container monitor supports --target-reference forwards value of target-reference to monitor-dependencies endpoint" name="snyk container snyk container monitor supports --target-reference forwards value of target-reference to monitor-dependencies endpoint" time="0">
      <skipped/>
    </testcase>
  </testsuite>
  <testsuite name="snyk code test" errors="0" failures="0" skipped="47" timestamp="2026-01-22T16:22:16" time="0.068" tests="47">
    <testcase classname="snyk code test user journey typescript workflow snyk code flag options works with --remote-repo-url" name="snyk code test user journey typescript workflow snyk code flag options works with --remote-repo-url" time="0">
      <skipped/>
    </testcase>
    <testcase classname="snyk code test user journey typescript workflow snyk code flag options works with --severity-threshold" name="snyk code test user journey typescript workflow snyk code flag options works with --severity-threshold" time="0">
      <skipped/>
    </testcase>
    <testcase classname="snyk code test user journey typescript workflow snyk code flag options works with --severity-threshold when all issues are filtered out" name="snyk code test user journey typescript workflow snyk code flag options works with --severity-threshold when all issues are filtered out" time="0">
      <skipped/>
    </testcase>
    <testcase classname="snyk code test user journey typescript workflow snyk code flag options works with --org" name="snyk code test user journey typescript workflow snyk code flag options works with --org" time="0">
      <skipped/>
    </testcase>
    <testcase classname="snyk code test user journey typescript workflow works on projects with no git context" name="snyk code test user journey typescript workflow works on projects with no git context" time="0">
      <skipped/>
    </testcase>
    <testcase classname="snyk code test user journey typescript workflow should succeed - when no vulnerabilities found" name="snyk code test user journey typescript workflow should succeed - when no vulnerabilities found" time="0">
      <skipped/>
    </testcase>
    <testcase classname="snyk code test user journey typescript workflow should not include code quality issues in results" name="snyk code test user journey typescript workflow should not include code quality issues in results" time="0">
      <skipped/>
    </testcase>
    <testcase classname="snyk code test user journey typescript workflow should fail with correct exit code - when testing empty project" name="snyk code test user journey typescript workflow should fail with correct exit code - when testing empty project" time="0">
      <skipped/>
    </testcase>
    <testcase classname="snyk code test user journey typescript workflow should fail with correct exit code - when using invalid token" name="snyk code test user journey typescript workflow should fail with correct exit code - when using invalid token" time="0">
      <skipped/>
    </testcase>
    <testcase classname="snyk code test user journey typescript workflow works with --json" name="snyk code test user journey typescript workflow works with --json" time="0">
      <skipped/>
    </testcase>
    <testcase classname="snyk code test user journey typescript workflow supports whitespaces in the path" name="snyk code test user journey typescript workflow supports whitespaces in the path" time="0">
      <skipped/>
    </testcase>
    <testcase classname="snyk code test user journey typescript workflow works with --sarif" name="snyk code test user journey typescript workflow works with --sarif" time="0">
      <skipped/>
    </testcase>
    <testcase classname="snyk code test user journey typescript workflow works with --json-file-output" name="snyk code test user journey typescript workflow works with --json-file-output" time="0">
      <skipped/>
    </testcase>
    <testcase classname="snyk code test user journey typescript workflow works with --sarif-file-output" name="snyk code test user journey typescript workflow works with --sarif-file-output" time="0">
      <skipped/>
    </testcase>
    <testcase classname="snyk code test user journey typescript workflow works with both --sarif-file-output and --json-file-output" name="snyk code test user journey typescript workflow works with both --sarif-file-output and --json-file-output" time="0">
      <skipped/>
    </testcase>
    <testcase classname="snyk code test user journey typescript workflow zero findings is handled differently with --sarif-file-output and --json-file-output" name="snyk code test user journey typescript workflow zero findings is handled differently with --sarif-file-output and --json-file-output" time="0">
      <skipped/>
    </testcase>
    <testcase classname="snyk code test user journey typescript workflow works with human readable output" name="snyk code test user journey typescript workflow works with human readable output" time="0">
      <skipped/>
    </testcase>
    <testcase classname="snyk code test user journey typescript workflow should pass when given a folder with spaces" name="snyk code test user journey typescript workflow should pass when given a folder with spaces" time="0">
      <skipped/>
    </testcase>
    <testcase classname="snyk code test user journey typescript workflow shows all issues when scanning a folder without repository context" name="snyk code test user journey typescript workflow shows all issues when scanning a folder without repository context" time="0">
      <skipped/>
    </testcase>
    <testcase classname="snyk code test user journey typescript workflow Stateful local code test --report" name="snyk code test user journey typescript workflow Stateful local code test --report" time="0">
      <skipped/>
    </testcase>
    <testcase classname="snyk code test user journey typescript workflow Stateful remote code test --report" name="snyk code test user journey typescript workflow Stateful remote code test --report" time="0">
      <skipped/>
    </testcase>
    <testcase classname="snyk code test user journey golang/native workflow snyk code flag options works with --remote-repo-url" name="snyk code test user journey golang/native workflow snyk code flag options works with --remote-repo-url" time="0">
      <skipped/>
    </testcase>
    <testcase classname="snyk code test user journey golang/native workflow snyk code flag options works with --severity-threshold" name="snyk code test user journey golang/native workflow snyk code flag options works with --severity-threshold" time="0">
      <skipped/>
    </testcase>
    <testcase classname="snyk code test user journey golang/native workflow snyk code flag options works with --severity-threshold when all issues are filtered out" name="snyk code test user journey golang/native workflow snyk code flag options works with --severity-threshold when all issues are filtered out" time="0">
      <skipped/>
    </testcase>
    <testcase classname="snyk code test user journey golang/native workflow works on projects with no git context" name="snyk code test user journey golang/native workflow works on projects with no git context" time="0">
      <skipped/>
    </testcase>
    <testcase classname="snyk code test user journey golang/native workflow should succeed - when no vulnerabilities found" name="snyk code test user journey golang/native workflow should succeed - when no vulnerabilities found" time="0">
      <skipped/>
    </testcase>
    <testcase classname="snyk code test user journey golang/native workflow should not include code quality issues in results" name="snyk code test user journey golang/native workflow should not include code quality issues in results" time="0">
      <skipped/>
    </testcase>
    <testcase classname="snyk code test user journey golang/native workflow should fail with correct exit code - when testing empty project" name="snyk code test user journey golang/native workflow should fail with correct exit code - when testing empty project" time="0">
      <skipped/>
    </testcase>
    <testcase classname="snyk code test user journey golang/native workflow should fail with correct exit code - when using invalid token" name="snyk code test user journey golang/native workflow should fail with correct exit code - when using invalid token" time="0">
      <skipped/>
    </testcase>
    <testcase classname="snyk code test user journey golang/native workflow works with --json" name="snyk code test user journey golang/native workflow works with --json" time="0">
      <skipped/>
    </testcase>
    <testcase classname="snyk code test user journey golang/native workflow supports whitespaces in the path" name="snyk code test user journey golang/native workflow supports whitespaces in the path" time="0">
      <skipped/>
    </testcase>
    <testcase classname="snyk code test user journey golang/native workflow works with --sarif" name="snyk code test user journey golang/native workflow works with --sarif" time="0">
      <skipped/>
    </testcase>
    <testcase classname="snyk code test user journey golang/native workflow works with --json-file-output" name="snyk code test user journey golang/native workflow works with --json-file-output" time="0">
      <skipped/>
    </testcase>
    <testcase classname="snyk code test user journey golang/native workflow works with --sarif-file-output" name="snyk code test user journey golang/native workflow works with --sarif-file-output" time="0">
      <skipped/>
    </testcase>
    <testcase classname="snyk code test user journey golang/native workflow works with both --sarif-file-output and --json-file-output" name="snyk code test user journey golang/native workflow works with both --sarif-file-output and --json-file-output" time="0">
      <skipped/>
    </testcase>
    <testcase classname="snyk code test user journey golang/native workflow zero findings is handled differently with --sarif-file-output and --json-file-output" name="snyk code test user journey golang/native workflow zero findings is handled differently with --sarif-file-output and --json-file-output" time="0">
      <skipped/>
    </testcase>
    <testcase classname="snyk code test user journey golang/native workflow works with human readable output" name="snyk code test user journey golang/native workflow works with human readable output" time="0">
      <skipped/>
    </testcase>
    <testcase classname="snyk code test user journey golang/native workflow should pass when given a folder with spaces" name="snyk code test user journey golang/native workflow should pass when given a folder with spaces" time="0">
      <skipped/>
    </testcase>
    <testcase classname="snyk code test user journey golang/native workflow shows all issues when scanning a folder without repository context" name="snyk code test user journey golang/native workflow shows all issues when scanning a folder without repository context" time="0">
      <skipped/>
    </testcase>
    <testcase classname="snyk code test user journey golang/native workflow Stateful local code test --report" name="snyk code test user journey golang/native workflow Stateful local code test --report" time="0">
      <skipped/>
    </testcase>
    <testcase classname="snyk code test user journey golang/native workflow Stateful remote code test --report" name="snyk code test user journey golang/native workflow Stateful remote code test --report" time="0">
      <skipped/>
    </testcase>
    <testcase classname="snyk code test user journey golang/native workflow with ignored issues given 4 issues are ignored and 5 open issues are present with --severity-threshold" name="snyk code test user journey golang/native workflow with ignored issues given 4 issues are ignored and 5 open issues are present with --severity-threshold" time="0">
      <skipped/>
    </testcase>
    <testcase classname="snyk code test user journey golang/native workflow with ignored issues given 4 issues are ignored and 5 open issues are present with --include-ignores" name="snyk code test user journey golang/native workflow with ignored issues given 4 issues are ignored and 5 open issues are present with --include-ignores" time="0">
      <skipped/>
    </testcase>
    <testcase classname="snyk code test user journey golang/native workflow with ignored issues given 4 issues are ignored and 0 open issues are present with --severity-threshold" name="snyk code test user journey golang/native workflow with ignored issues given 4 issues are ignored and 0 open issues are present with --severity-threshold" time="0">
      <skipped/>
    </testcase>
    <testcase classname="snyk code test user journey golang/native workflow with ignored issues given 4 issues are ignored and 0 open issues are present with --include-ignores" name="snyk code test user journey golang/native workflow with ignored issues given 4 issues are ignored and 0 open issues are present with --include-ignores" time="0">
      <skipped/>
    </testcase>
    <testcase classname="snyk code test user journey golang/native workflow with ignored issues test a single file" name="snyk code test user journey golang/native workflow with ignored issues test a single file" time="0">
      <skipped/>
    </testcase>
    <testcase classname="snyk code test user journey golang/native workflow file filtering support should support .gitignore file filtering" name="snyk code test user journey golang/native workflow file filtering support should support .gitignore file filtering" time="0">
      <skipped/>
    </testcase>
  </testsuite>
  <testsuite name="fix Poetry Python projects" errors="0" failures="0" skipped="16" timestamp="2026-01-22T16:22:17" time="0.034" tests="16">
    <testcase classname="fix Poetry Python projects shows expected changes with lockfile in --dry-run mode" name="fix Poetry Python projects shows expected changes with lockfile in --dry-run mode" time="0">
      <skipped/>
    </testcase>
    <testcase classname="fix Poetry Python projects error is bubbled up" name="fix Poetry Python projects error is bubbled up" time="0">
      <skipped/>
    </testcase>
    <testcase classname="fix Poetry Python projects Calls the plugin with expected parameters (upgrade &amp; pin)" name="fix Poetry Python projects Calls the plugin with expected parameters (upgrade &amp; pin)" time="0">
      <skipped/>
    </testcase>
    <testcase classname="fix Poetry Python projects Calls the plugin with expected parameters with --dev (upgrade &amp; pin)" name="fix Poetry Python projects Calls the plugin with expected parameters with --dev (upgrade &amp; pin)" time="0">
      <skipped/>
    </testcase>
    <testcase classname="fix Poetry Python projects pins a transitive dep with custom python interpreter via --command" name="fix Poetry Python projects pins a transitive dep with custom python interpreter via --command" time="0">
      <skipped/>
    </testcase>
    <testcase classname="fix Poetry Python projects shows expected changes when updating a dev dep" name="fix Poetry Python projects shows expected changes when updating a dev dep" time="0">
      <skipped/>
    </testcase>
    <testcase classname="fix Poetry Python projects upgrade fails since the env already has the right versions (full failure)" name="fix Poetry Python projects upgrade fails since the env already has the right versions (full failure)" time="0">
      <skipped/>
    </testcase>
    <testcase classname="fix Poetry Python projects upgrade of dev deps fails (partial failure)" name="fix Poetry Python projects upgrade of dev deps fails (partial failure)" time="0">
      <skipped/>
    </testcase>
    <testcase classname="fix Poetry Python projects fix sequentially shows expected changes with lockfile in --dry-run mode" name="fix Poetry Python projects fix sequentially shows expected changes with lockfile in --dry-run mode" time="0">
      <skipped/>
    </testcase>
    <testcase classname="fix Poetry Python projects fix sequentially error is bubbled up" name="fix Poetry Python projects fix sequentially error is bubbled up" time="0">
      <skipped/>
    </testcase>
    <testcase classname="fix Poetry Python projects fix sequentially Calls the plugin with expected parameters (upgrade &amp; pin)" name="fix Poetry Python projects fix sequentially Calls the plugin with expected parameters (upgrade &amp; pin)" time="0">
      <skipped/>
    </testcase>
    <testcase classname="fix Poetry Python projects fix sequentially Calls the plugin with expected parameters with --dev (upgrade &amp; pin)" name="fix Poetry Python projects fix sequentially Calls the plugin with expected parameters with --dev (upgrade &amp; pin)" time="0">
      <skipped/>
    </testcase>
    <testcase classname="fix Poetry Python projects fix sequentially pins a transitive dep with custom python interpreter via --command" name="fix Poetry Python projects fix sequentially pins a transitive dep with custom python interpreter via --command" time="0">
      <skipped/>
    </testcase>
    <testcase classname="fix Poetry Python projects fix sequentially shows expected changes when updating a dev dep" name="fix Poetry Python projects fix sequentially shows expected changes when updating a dev dep" time="0">
      <skipped/>
    </testcase>
    <testcase classname="fix Poetry Python projects fix sequentially upgrade fails since the env already has the right versions (full failure)" name="fix Poetry Python projects fix sequentially upgrade fails since the env already has the right versions (full failure)" time="0">
      <skipped/>
    </testcase>
    <testcase classname="fix Poetry Python projects fix sequentially upgrade of dev deps fails (partial failure)" name="fix Poetry Python projects fix sequentially upgrade of dev deps fails (partial failure)" time="0">
      <skipped/>
    </testcase>
  </testsuite>
  <testsuite name="Directory scan" errors="0" failures="0" skipped="40" timestamp="2026-01-22T16:22:17" time="0.133" tests="40">
    <testcase classname="Directory scan scans all files in a directory with Kubernetes files" name="Directory scan scans all files in a directory with Kubernetes files" time="0">
      <skipped/>
    </testcase>
    <testcase classname="Directory scan scans all files in a directory with a mix of IaC files" name="Directory scan scans all files in a directory with a mix of IaC files" time="0">
      <skipped/>
    </testcase>
    <testcase classname="Directory scan filters out issues when using severity threshold" name="Directory scan filters out issues when using severity threshold" time="0">
      <skipped/>
    </testcase>
    <testcase classname="Directory scan outputs the expected text when running with --sarif flag" name="Directory scan outputs the expected text when running with --sarif flag" time="0">
      <skipped/>
    </testcase>
    <testcase classname="Directory scan outputs the expected text when running with --json flag" name="Directory scan outputs the expected text when running with --json flag" time="0">
      <skipped/>
    </testcase>
    <testcase classname="Directory scan limits the depth of the directories" name="Directory scan limits the depth of the directories" time="0">
      <skipped/>
    </testcase>
    <testcase classname="Directory scan Variadic - multiple path scans outputs both results and failures combined when scanning three paths" name="Directory scan Variadic - multiple path scans outputs both results and failures combined when scanning three paths" time="0">
      <skipped/>
    </testcase>
    <testcase classname="Directory scan Variadic - multiple path scans outputs both results and failures combined with --json flag" name="Directory scan Variadic - multiple path scans outputs both results and failures combined with --json flag" time="0">
      <skipped/>
    </testcase>
    <testcase classname="Directory scan Variadic - multiple path scans outputs both results and failures combined with --sarif flag" name="Directory scan Variadic - multiple path scans outputs both results and failures combined with --sarif flag" time="0">
      <skipped/>
    </testcase>
    <testcase classname="Directory scan Variadic - multiple path scans outputs both results and failures for first path when the last path is empty or non-existent" name="Directory scan Variadic - multiple path scans outputs both results and failures for first path when the last path is empty or non-existent" time="0">
      <skipped/>
    </testcase>
    <testcase classname="Directory scan Variadic - multiple path scans outputs issues and errors when one of the paths fails, with --json flag" name="Directory scan Variadic - multiple path scans outputs issues and errors when one of the paths fails, with --json flag" time="0">
      <skipped/>
    </testcase>
    <testcase classname="Directory scan Variadic - multiple path scans filters out errors when one of the paths fails, with --sarif flag" name="Directory scan Variadic - multiple path scans filters out errors when one of the paths fails, with --sarif flag" time="0">
      <skipped/>
    </testcase>
    <testcase classname="Directory scan directory with files that can not be parsed prints all invalid paths" name="Directory scan directory with files that can not be parsed prints all invalid paths" time="0">
      <skipped/>
    </testcase>
    <testcase classname="Directory scan directory with files that can not be parsed prints all errors and paths in --json" name="Directory scan directory with files that can not be parsed prints all errors and paths in --json" time="0">
      <skipped/>
    </testcase>
    <testcase classname="Directory scan Exit codes Issues found returns 1 even if some files failed to parse" name="Directory scan Exit codes Issues found returns 1 even if some files failed to parse" time="0">
      <skipped/>
    </testcase>
    <testcase classname="Directory scan Exit codes Issues found returns 1 even if some files failed to parse - using --json flag" name="Directory scan Exit codes Issues found returns 1 even if some files failed to parse - using --json flag" time="0">
      <skipped/>
    </testcase>
    <testcase classname="Directory scan Exit codes Issues found returns 1 even if some files failed to parse - using --sarif flag" name="Directory scan Exit codes Issues found returns 1 even if some files failed to parse - using --sarif flag" time="0">
      <skipped/>
    </testcase>
    <testcase classname="Directory scan Exit codes No Issues found returns 0 even if some files failed to parse" name="Directory scan Exit codes No Issues found returns 0 even if some files failed to parse" time="0">
      <skipped/>
    </testcase>
    <testcase classname="Directory scan Exit codes No Issues found returns 0 even if some files failed to parse - using --json flag" name="Directory scan Exit codes No Issues found returns 0 even if some files failed to parse - using --json flag" time="0">
      <skipped/>
    </testcase>
    <testcase classname="Directory scan Exit codes No Issues found returns 0 even if some files failed to parse - using --sarif flag" name="Directory scan Exit codes No Issues found returns 0 even if some files failed to parse - using --sarif flag" time="0">
      <skipped/>
    </testcase>
    <testcase classname="Directory scan for IaCV2 scans all files in a directory with Kubernetes files" name="Directory scan for IaCV2 scans all files in a directory with Kubernetes files" time="0">
      <skipped/>
    </testcase>
    <testcase classname="Directory scan for IaCV2 scans all files in a directory with a mix of IaC files" name="Directory scan for IaCV2 scans all files in a directory with a mix of IaC files" time="0">
      <skipped/>
    </testcase>
    <testcase classname="Directory scan for IaCV2 filters out issues when using severity threshold" name="Directory scan for IaCV2 filters out issues when using severity threshold" time="0">
      <skipped/>
    </testcase>
    <testcase classname="Directory scan for IaCV2 outputs the expected text when running with --sarif flag" name="Directory scan for IaCV2 outputs the expected text when running with --sarif flag" time="0">
      <skipped/>
    </testcase>
    <testcase classname="Directory scan for IaCV2 outputs the expected text when running with --json flag" name="Directory scan for IaCV2 outputs the expected text when running with --json flag" time="0">
      <skipped/>
    </testcase>
    <testcase classname="Directory scan for IaCV2 limits the depth of the directories" name="Directory scan for IaCV2 limits the depth of the directories" time="0">
      <skipped/>
    </testcase>
    <testcase classname="Directory scan for IaCV2 Variadic - multiple path scans outputs both results and failures combined when scanning three paths" name="Directory scan for IaCV2 Variadic - multiple path scans outputs both results and failures combined when scanning three paths" time="0">
      <skipped/>
    </testcase>
    <testcase classname="Directory scan for IaCV2 Variadic - multiple path scans outputs both results and failures combined with --json flag" name="Directory scan for IaCV2 Variadic - multiple path scans outputs both results and failures combined with --json flag" time="0">
      <skipped/>
    </testcase>
    <testcase classname="Directory scan for IaCV2 Variadic - multiple path scans outputs both results and failures combined with --sarif flag" name="Directory scan for IaCV2 Variadic - multiple path scans outputs both results and failures combined with --sarif flag" time="0">
      <skipped/>
    </testcase>
    <testcase classname="Directory scan for IaCV2 Variadic - multiple path scans outputs both results and failures for first path when the last path is empty or non-existent" name="Directory scan for IaCV2 Variadic - multiple path scans outputs both results and failures for first path when the last path is empty or non-existent" time="0">
      <skipped/>
    </testcase>
    <testcase classname="Directory scan for IaCV2 Variadic - multiple path scans outputs issues and errors when one of the paths fails, with --json flag" name="Directory scan for IaCV2 Variadic - multiple path scans outputs issues and errors when one of the paths fails, with --json flag" time="0">
      <skipped/>
    </testcase>
    <testcase classname="Directory scan for IaCV2 Variadic - multiple path scans filters out errors when one of the paths fails, with --sarif flag" name="Directory scan for IaCV2 Variadic - multiple path scans filters out errors when one of the paths fails, with --sarif flag" time="0">
      <skipped/>
    </testcase>
    <testcase classname="Directory scan for IaCV2 directory with files that can not be parsed prints all invalid paths" name="Directory scan for IaCV2 directory with files that can not be parsed prints all invalid paths" time="0">
      <skipped/>
    </testcase>
    <testcase classname="Directory scan for IaCV2 directory with files that can not be parsed prints all errors and paths in --json" name="Directory scan for IaCV2 directory with files that can not be parsed prints all errors and paths in --json" time="0">
      <skipped/>
    </testcase>
    <testcase classname="Directory scan for IaCV2 Exit codes Issues found returns 1 even if some files failed to parse" name="Directory scan for IaCV2 Exit codes Issues found returns 1 even if some files failed to parse" time="0">
      <skipped/>
    </testcase>
    <testcase classname="Directory scan for IaCV2 Exit codes Issues found returns 1 even if some files failed to parse - using --json flag" name="Directory scan for IaCV2 Exit codes Issues found returns 1 even if some files failed to parse - using --json flag" time="0">
      <skipped/>
    </testcase>
    <testcase classname="Directory scan for IaCV2 Exit codes Issues found returns 1 even if some files failed to parse - using --sarif flag" name="Directory scan for IaCV2 Exit codes Issues found returns 1 even if some files failed to parse - using --sarif flag" time="0">
      <skipped/>
    </testcase>
    <testcase classname="Directory scan for IaCV2 Exit codes No Issues found returns 0 even if some files failed to parse" name="Directory scan for IaCV2 Exit codes No Issues found returns 0 even if some files failed to parse" time="0">
      <skipped/>
    </testcase>
    <testcase classname="Directory scan for IaCV2 Exit codes No Issues found returns 0 even if some files failed to parse - using --json flag" name="Directory scan for IaCV2 Exit codes No Issues found returns 0 even if some files failed to parse - using --json flag" time="0">
      <skipped/>
    </testcase>
    <testcase classname="Directory scan for IaCV2 Exit codes No Issues found returns 0 even if some files failed to parse - using --sarif flag" name="Directory scan for IaCV2 Exit codes No Issues found returns 0 even if some files failed to parse - using --sarif flag" time="0">
      <skipped/>
    </testcase>
  </testsuite>
  <testsuite name="user journey" errors="0" failures="0" skipped="40" timestamp="2026-01-22T16:22:17" time="0.037" tests="40">
    <testcase classname="user journey typescript workflow `snyk test` of basic projects for each language/ecosystem run `snyk test` on a go project and ensure that required modules are not cached" name="user journey typescript workflow `snyk test` of basic projects for each language/ecosystem run `snyk test` on a go project and ensure that required modules are not cached" time="0">
      <skipped/>
    </testcase>
    <testcase classname="user journey typescript workflow `snyk test` of basic projects for each language/ecosystem run `snyk test` on a python project pip-app" name="user journey typescript workflow `snyk test` of basic projects for each language/ecosystem run `snyk test` on a python project pip-app" time="0">
      <skipped/>
    </testcase>
    <testcase classname="user journey typescript workflow `snyk test` of basic projects for each language/ecosystem run `snyk test` on a python project pip-app-robust" name="user journey typescript workflow `snyk test` of basic projects for each language/ecosystem run `snyk test` on a python project pip-app-robust" time="0">
      <skipped/>
    </testcase>
    <testcase classname="user journey typescript workflow `snyk test` of basic projects for each language/ecosystem fails `snyk test` on a python project with wrong command exits with code 2" name="user journey typescript workflow `snyk test` of basic projects for each language/ecosystem fails `snyk test` on a python project with wrong command exits with code 2" time="0">
      <skipped/>
    </testcase>
    <testcase classname="user journey typescript workflow `snyk test` of basic projects for each language/ecosystem run `snyk test` on a pipenv project" name="user journey typescript workflow `snyk test` of basic projects for each language/ecosystem run `snyk test` on a pipenv project" time="0">
      <skipped/>
    </testcase>
    <testcase classname="user journey typescript workflow `snyk test` of basic projects for each language/ecosystem run `snyk test` on a gradle project" name="user journey typescript workflow `snyk test` of basic projects for each language/ecosystem run `snyk test` on a gradle project" time="0">
      <skipped/>
    </testcase>
    <testcase classname="user journey typescript workflow `snyk test` of basic projects for each language/ecosystem run `snyk test` on a gradle project and check top-level dependency node id" name="user journey typescript workflow `snyk test` of basic projects for each language/ecosystem run `snyk test` on a gradle project and check top-level dependency node id" time="0">
      <skipped/>
    </testcase>
    <testcase classname="user journey typescript workflow `snyk test` of basic projects for each language/ecosystem run `snyk test` on a cocoapods project" name="user journey typescript workflow `snyk test` of basic projects for each language/ecosystem run `snyk test` on a cocoapods project" time="0">
      <skipped/>
    </testcase>
    <testcase classname="user journey typescript workflow `snyk test` of basic projects for each language/ecosystem run `snyk test` on a maven project" name="user journey typescript workflow `snyk test` of basic projects for each language/ecosystem run `snyk test` on a maven project" time="0">
      <skipped/>
    </testcase>
    <testcase classname="user journey typescript workflow `snyk test` of basic projects for each language/ecosystem run `snyk test` on a maven 4 basic project with wrapper" name="user journey typescript workflow `snyk test` of basic projects for each language/ecosystem run `snyk test` on a maven 4 basic project with wrapper" time="0">
      <skipped/>
    </testcase>
    <testcase classname="user journey typescript workflow `snyk test` of basic projects for each language/ecosystem run `snyk test --maven-aggregate-project` on a maven 4 aggregate project with wrapper" name="user journey typescript workflow `snyk test` of basic projects for each language/ecosystem run `snyk test --maven-aggregate-project` on a maven 4 aggregate project with wrapper" time="0">
      <skipped/>
    </testcase>
    <testcase classname="user journey typescript workflow `snyk test` of basic projects for each language/ecosystem run `snyk test` on a nuget project" name="user journey typescript workflow `snyk test` of basic projects for each language/ecosystem run `snyk test` on a nuget project" time="0">
      <skipped/>
    </testcase>
    <testcase classname="user journey typescript workflow `snyk test` of basic projects for each language/ecosystem run `snyk test` on a nuget project using v2 dotnet runtime resolution logic for nuget-app-6" name="user journey typescript workflow `snyk test` of basic projects for each language/ecosystem run `snyk test` on a nuget project using v2 dotnet runtime resolution logic for nuget-app-6" time="0">
      <skipped/>
    </testcase>
    <testcase classname="user journey typescript workflow `snyk test` of basic projects for each language/ecosystem run `snyk test` on a nuget project using v2 dotnet runtime resolution logic for nuget-app-6-no-rid" name="user journey typescript workflow `snyk test` of basic projects for each language/ecosystem run `snyk test` on a nuget project using v2 dotnet runtime resolution logic for nuget-app-6-no-rid" time="0">
      <skipped/>
    </testcase>
    <testcase classname="user journey typescript workflow `snyk test` of basic projects for each language/ecosystem run `snyk test` on a nuget project using v2 dotnet runtime resolution logic for nuget-app-7-windows" name="user journey typescript workflow `snyk test` of basic projects for each language/ecosystem run `snyk test` on a nuget project using v2 dotnet runtime resolution logic for nuget-app-7-windows" time="0">
      <skipped/>
    </testcase>
    <testcase classname="user journey typescript workflow `snyk test` of basic projects for each language/ecosystem run `snyk test` on a nuget project using v2 dotnet runtime resolution logic for nuget-app-netstandard20" name="user journey typescript workflow `snyk test` of basic projects for each language/ecosystem run `snyk test` on a nuget project using v2 dotnet runtime resolution logic for nuget-app-netstandard20" time="0">
      <skipped/>
    </testcase>
    <testcase classname="user journey typescript workflow `snyk test` of basic projects for each language/ecosystem run `snyk test` on a nuget project using v2 dotnet runtime resolution logic for nuget-app-8-with-azure-functions" name="user journey typescript workflow `snyk test` of basic projects for each language/ecosystem run `snyk test` on a nuget project using v2 dotnet runtime resolution logic for nuget-app-8-with-azure-functions" time="0">
      <skipped/>
    </testcase>
    <testcase classname="user journey typescript workflow `snyk test` of basic projects for each language/ecosystem run `snyk test` on a nuget project using v2 dotnet runtime resolution logic for nuget-app-8-with-multi-project and spaces" name="user journey typescript workflow `snyk test` of basic projects for each language/ecosystem run `snyk test` on a nuget project using v2 dotnet runtime resolution logic for nuget-app-8-with-multi-project and spaces" time="0">
      <skipped/>
    </testcase>
    <testcase classname="user journey typescript workflow `snyk test` of basic projects for each language/ecosystem run `snyk test` on a nuget project using v2 dotnet runtime resolution logic for nuget-app-9-globaljson" name="user journey typescript workflow `snyk test` of basic projects for each language/ecosystem run `snyk test` on a nuget project using v2 dotnet runtime resolution logic for nuget-app-9-globaljson" time="0">
      <skipped/>
    </testcase>
    <testcase classname="user journey typescript workflow `snyk test` of basic projects for each language/ecosystem run `snyk test` on a .net framework project using v3 dotnet runtime resolution logic" name="user journey typescript workflow `snyk test` of basic projects for each language/ecosystem run `snyk test` on a .net framework project using v3 dotnet runtime resolution logic" time="0">
      <skipped/>
    </testcase>
    <testcase classname="user journey typescript workflow `snyk test` of basic projects for each language/ecosystem run `snyk test` on a .net 8 project with pinned dependencies using v3 dotnet runtime resolution logic" name="user journey typescript workflow `snyk test` of basic projects for each language/ecosystem run `snyk test` on a .net 8 project with pinned dependencies using v3 dotnet runtime resolution logic" time="0">
      <skipped/>
    </testcase>
    <testcase classname="user journey typescript workflow `snyk test` of basic projects for each language/ecosystem run `snyk test` on a .net core 3.1 web project using v3 dotnet runtime resolution logic" name="user journey typescript workflow `snyk test` of basic projects for each language/ecosystem run `snyk test` on a .net core 3.1 web project using v3 dotnet runtime resolution logic" time="0">
      <skipped/>
    </testcase>
    <testcase classname="user journey typescript workflow `snyk test` of basic projects for each language/ecosystem run `snyk test` on a nuget project using v2 dotnet runtime resolution logic with a custom output path" name="user journey typescript workflow `snyk test` of basic projects for each language/ecosystem run `snyk test` on a nuget project using v2 dotnet runtime resolution logic with a custom output path" time="0">
      <skipped/>
    </testcase>
    <testcase classname="user journey typescript workflow `snyk test` of basic projects for each language/ecosystem run `snyk test` on a nuget project using v2 dotnet runtime resolution logic with explicit target framework net6.0" name="user journey typescript workflow `snyk test` of basic projects for each language/ecosystem run `snyk test` on a nuget project using v2 dotnet runtime resolution logic with explicit target framework net6.0" time="0">
      <skipped/>
    </testcase>
    <testcase classname="user journey typescript workflow `snyk test` of basic projects for each language/ecosystem run `snyk test` on a nuget project using v2 dotnet runtime resolution logic with explicit target framework net7.0" name="user journey typescript workflow `snyk test` of basic projects for each language/ecosystem run `snyk test` on a nuget project using v2 dotnet runtime resolution logic with explicit target framework net7.0" time="0">
      <skipped/>
    </testcase>
    <testcase classname="user journey typescript workflow `snyk test` of basic projects for each language/ecosystem run `snyk test` on a nuget project using v2 dotnet runtime resolution logic with explicit target framework net8.0" name="user journey typescript workflow `snyk test` of basic projects for each language/ecosystem run `snyk test` on a nuget project using v2 dotnet runtime resolution logic with explicit target framework net8.0" time="0">
      <skipped/>
    </testcase>
    <testcase classname="user journey typescript workflow `snyk test` of basic projects for each language/ecosystem run `snyk test` on a nuget project using v2 dotnet runtime resolution logic with explicit target framework undefined" name="user journey typescript workflow `snyk test` of basic projects for each language/ecosystem run `snyk test` on a nuget project using v2 dotnet runtime resolution logic with explicit target framework undefined" time="0">
      <skipped/>
    </testcase>
    <testcase classname="user journey typescript workflow `snyk test` of basic projects for each language/ecosystem run `snyk test` on an unmanaged project" name="user journey typescript workflow `snyk test` of basic projects for each language/ecosystem run `snyk test` on an unmanaged project" time="0">
      <skipped/>
    </testcase>
    <testcase classname="user journey typescript workflow `snyk test` of basic projects for each language/ecosystem run `snyk test` on an unmanaged project with a org-slug" name="user journey typescript workflow `snyk test` of basic projects for each language/ecosystem run `snyk test` on an unmanaged project with a org-slug" time="0">
      <skipped/>
    </testcase>
    <testcase classname="user journey typescript workflow `snyk test` of basic projects for each language/ecosystem run `snyk test` on an unmanaged project with purls" name="user journey typescript workflow `snyk test` of basic projects for each language/ecosystem run `snyk test` on an unmanaged project with purls" time="0">
      <skipped/>
    </testcase>
    <testcase classname="user journey typescript workflow `snyk test` of basic projects for each language/ecosystem run `snyk test --json` on an unmanaged project with purls" name="user journey typescript workflow `snyk test` of basic projects for each language/ecosystem run `snyk test --json` on an unmanaged project with purls" time="0">
      <skipped/>
    </testcase>
    <testcase classname="user journey typescript workflow `snyk test` of basic projects for each language/ecosystem run `snyk test` on a hex project" name="user journey typescript workflow `snyk test` of basic projects for each language/ecosystem run `snyk test` on a hex project" time="0">
      <skipped/>
    </testcase>
    <testcase classname="user journey typescript workflow `snyk test` of basic projects for each language/ecosystem run `snyk test` on a composer project" name="user journey typescript workflow `snyk test` of basic projects for each language/ecosystem run `snyk test` on a composer project" time="0">
      <skipped/>
    </testcase>
    <testcase classname="user journey typescript workflow `snyk test` of basic projects for each language/ecosystem run `snyk test` on a sbt project" name="user journey typescript workflow `snyk test` of basic projects for each language/ecosystem run `snyk test` on a sbt project" time="0">
      <skipped/>
    </testcase>
    <testcase classname="user journey typescript workflow `snyk test` of basic projects for each language/ecosystem run `snyk test` on a pnpm project" name="user journey typescript workflow `snyk test` of basic projects for each language/ecosystem run `snyk test` on a pnpm project" time="0">
      <skipped/>
    </testcase>
    <testcase classname="user journey typescript workflow `snyk test` of basic projects for each language/ecosystem run `snyk test` on an npm project with lockfile" name="user journey typescript workflow `snyk test` of basic projects for each language/ecosystem run `snyk test` on an npm project with lockfile" time="0">
      <skipped/>
    </testcase>
    <testcase classname="user journey typescript workflow `snyk test` of basic projects for each language/ecosystem run `snyk test` on a pnpm project without `enablePnpmCli` feature flag enabled" name="user journey typescript workflow `snyk test` of basic projects for each language/ecosystem run `snyk test` on a pnpm project without `enablePnpmCli` feature flag enabled" time="0">
      <skipped/>
    </testcase>
    <testcase classname="user journey typescript workflow `snyk test` of basic projects for each language/ecosystem run `snyk test` on a pnpm project with `enablePnpmCli` feature flag enabled" name="user journey typescript workflow `snyk test` of basic projects for each language/ecosystem run `snyk test` on a pnpm project with `enablePnpmCli` feature flag enabled" time="0">
      <skipped/>
    </testcase>
    <testcase classname="user journey typescript workflow `snyk test` of basic projects for each language/ecosystem run `snyk test` on an out of sync pnpm project with --strict-out-of-sync=false" name="user journey typescript workflow `snyk test` of basic projects for each language/ecosystem run `snyk test` on an out of sync pnpm project with --strict-out-of-sync=false" time="0">
      <skipped/>
    </testcase>
    <testcase classname="user journey typescript workflow `snyk test` of basic projects for each language/ecosystem run `snyk test` on an out of sync pnpm project without out of sync option" name="user journey typescript workflow `snyk test` of basic projects for each language/ecosystem run `snyk test` on an out of sync pnpm project without out of sync option" time="0">
      <skipped/>
    </testcase>
  </testsuite>
  <testsuite name="fix Pipfile Python projects" errors="0" failures="0" skipped="10" timestamp="2026-01-22T16:22:17" time="0.03" tests="10">
    <testcase classname="fix Pipfile Python projects shows expected changes with lockfile in --dry-run mode" name="fix Pipfile Python projects shows expected changes with lockfile in --dry-run mode" time="0">
      <skipped/>
    </testcase>
    <testcase classname="fix Pipfile Python projects applies expected changes to Pipfile when locking fails" name="fix Pipfile Python projects applies expected changes to Pipfile when locking fails" time="0">
      <skipped/>
    </testcase>
    <testcase classname="fix Pipfile Python projects applies expected changes to Pipfile when install fails" name="fix Pipfile Python projects applies expected changes to Pipfile when install fails" time="0">
      <skipped/>
    </testcase>
    <testcase classname="fix Pipfile Python projects applies expected changes to Pipfile (100% success)" name="fix Pipfile Python projects applies expected changes to Pipfile (100% success)" time="0">
      <skipped/>
    </testcase>
    <testcase classname="fix Pipfile Python projects passes down custom --python if the project was tested with this (--command) from CLI" name="fix Pipfile Python projects passes down custom --python if the project was tested with this (--command) from CLI" time="0">
      <skipped/>
    </testcase>
    <testcase classname="fix Pipfile Python projects (fix sequentially) shows expected changes with lockfile in --dry-run mode" name="fix Pipfile Python projects (fix sequentially) shows expected changes with lockfile in --dry-run mode" time="0">
      <skipped/>
    </testcase>
    <testcase classname="fix Pipfile Python projects (fix sequentially) applies expected changes to Pipfile when locking fails" name="fix Pipfile Python projects (fix sequentially) applies expected changes to Pipfile when locking fails" time="0">
      <skipped/>
    </testcase>
    <testcase classname="fix Pipfile Python projects (fix sequentially) applies expected changes to Pipfile when install fails" name="fix Pipfile Python projects (fix sequentially) applies expected changes to Pipfile when install fails" time="0">
      <skipped/>
    </testcase>
    <testcase classname="fix Pipfile Python projects (fix sequentially) applies expected changes to Pipfile (100% success)" name="fix Pipfile Python projects (fix sequentially) applies expected changes to Pipfile (100% success)" time="0">
      <skipped/>
    </testcase>
    <testcase classname="fix Pipfile Python projects (fix sequentially) passes down custom --python if the project was tested with this (--command) from CLI" name="fix Pipfile Python projects (fix sequentially) passes down custom --python if the project was tested with this (--command) from CLI" time="0">
      <skipped/>
    </testcase>
  </testsuite>
  <testsuite name="analytics module" errors="0" failures="0" skipped="12" timestamp="2026-01-22T16:22:17" time="0.034" tests="12">
    <testcase classname="analytics module sends analytics for `snyk test` with no vulns found" name="analytics module sends analytics for `snyk test` with no vulns found" time="0">
      <skipped/>
    </testcase>
    <testcase classname="analytics module sends analytics for `snyk test` with vulns found" name="analytics module sends analytics for `snyk test` with vulns found" time="0">
      <skipped/>
    </testcase>
    <testcase classname="analytics module sends correct analytics data a bad command" name="analytics module sends correct analytics data a bad command" time="0">
      <skipped/>
    </testcase>
    <testcase classname="analytics module sends correct analytics with error-details containing 403 error body" name="analytics module sends correct analytics with error-details containing 403 error body" time="0">
      <skipped/>
    </testcase>
    <testcase classname="analytics module sends analytics data a bad command" name="analytics module sends analytics data a bad command" time="0">
      <skipped/>
    </testcase>
    <testcase classname="analytics module sends analytics data with basic check only" name="analytics module sends analytics data with basic check only" time="0">
      <skipped/>
    </testcase>
    <testcase classname="analytics module uses OAUTH token if set" name="analytics module uses OAUTH token if set" time="0">
      <skipped/>
    </testcase>
    <testcase classname="analytics module won&apos;t send analytics if disable analytics is set via SNYK_DISABLE_ANALYTICS" name="analytics module won&apos;t send analytics if disable analytics is set via SNYK_DISABLE_ANALYTICS" time="0">
      <skipped/>
    </testcase>
    <testcase classname="analytics module won&apos;t send analytics if disable analytics is set via SNYK_CFG_DISABLE_ANALYTICS" name="analytics module won&apos;t send analytics if disable analytics is set via SNYK_CFG_DISABLE_ANALYTICS" time="0">
      <skipped/>
    </testcase>
    <testcase classname="analytics module won&apos;t send analytics if disable analytics is set via config and disable-analytics" name="analytics module won&apos;t send analytics if disable analytics is set via config and disable-analytics" time="0">
      <skipped/>
    </testcase>
    <testcase classname="analytics module won&apos;t send analytics if disable analytics is set via --DISABLE_ANALYTICS" name="analytics module won&apos;t send analytics if disable analytics is set via --DISABLE_ANALYTICS" time="0">
      <skipped/>
    </testcase>
    <testcase classname="analytics module if analytics are disabled with --DISABLE_ANALYTICS, SNYK_DISABLE_ANALYTICS will be set to 1" name="analytics module if analytics are disabled with --DISABLE_ANALYTICS, SNYK_DISABLE_ANALYTICS will be set to 1" time="0">
      <skipped/>
    </testcase>
  </testsuite>
  <testsuite name="snyk test --all-projects (mocked server only)" errors="0" failures="0" skipped="17" timestamp="2026-01-22T16:22:17" time="0.032" tests="17">
    <testcase classname="snyk test --all-projects (mocked server only) `test yarn-out-of-sync` skips the out of sync project and scans the rest" name="snyk test --all-projects (mocked server only) `test yarn-out-of-sync` skips the out of sync project and scans the rest" time="0">
      <skipped/>
    </testcase>
    <testcase classname="snyk test --all-projects (mocked server only) `test yarn-out-of-sync` with --fail-fast errors the whole scan" name="snyk test --all-projects (mocked server only) `test yarn-out-of-sync` with --fail-fast errors the whole scan" time="0">
      <skipped/>
    </testcase>
    <testcase classname="snyk test --all-projects (mocked server only) `test yarn-out-of-sync` with --fail-fast and --json errors the whole scan" name="snyk test --all-projects (mocked server only) `test yarn-out-of-sync` with --fail-fast and --json errors the whole scan" time="0">
      <skipped/>
    </testcase>
    <testcase classname="snyk test --all-projects (mocked server only) `test yarn-out-of-sync` --strict-out-of-sync=false scans all the workspace projects" name="snyk test --all-projects (mocked server only) `test yarn-out-of-sync` --strict-out-of-sync=false scans all the workspace projects" time="0">
      <skipped/>
    </testcase>
    <testcase classname="snyk test --all-projects (mocked server only) `test ruby-app --all-projects`" name="snyk test --all-projects (mocked server only) `test ruby-app --all-projects`" time="0">
      <skipped/>
    </testcase>
    <testcase classname="snyk test --all-projects (mocked server only) `test ruby-app-thresholds --all-projects --ignore-policy`" name="snyk test --all-projects (mocked server only) `test ruby-app-thresholds --all-projects --ignore-policy`" time="0">
      <skipped/>
    </testcase>
    <testcase classname="snyk test --all-projects (mocked server only) `test mono-repo-with-ignores --all-projects` respects .snyk policy" name="snyk test --all-projects (mocked server only) `test mono-repo-with-ignores --all-projects` respects .snyk policy" time="0">
      <skipped/>
    </testcase>
    <testcase classname="snyk test --all-projects (mocked server only) `test empty --all-projects`" name="snyk test --all-projects (mocked server only) `test empty --all-projects`" time="0">
      <skipped/>
    </testcase>
    <testcase classname="snyk test --all-projects (mocked server only) `test composer-app --all-projects`" name="snyk test --all-projects (mocked server only) `test composer-app --all-projects`" time="0">
      <skipped/>
    </testcase>
    <testcase classname="snyk test --all-projects (mocked server only) `test npm NX Build Platform --all-projects --print-graph --json --fail-fast`" name="snyk test --all-projects (mocked server only) `test npm NX Build Platform --all-projects --print-graph --json --fail-fast`" time="0">
      <skipped/>
    </testcase>
    <testcase classname="snyk test --all-projects (mocked server only) `test node workspaces --all-projects`" name="snyk test --all-projects (mocked server only) `test node workspaces --all-projects`" time="0">
      <skipped/>
    </testcase>
    <testcase classname="snyk test --all-projects (mocked server only) `test node workspaces --all-projects with `enablePnpmCli` feature flag`" name="snyk test --all-projects (mocked server only) `test node workspaces --all-projects with `enablePnpmCli` feature flag`" time="0">
      <skipped/>
    </testcase>
    <testcase classname="snyk test --all-projects (mocked server only) `test one project with an invalid manifest file displays error details`" name="snyk test --all-projects (mocked server only) `test one project with an invalid manifest file displays error details`" time="0">
      <skipped/>
    </testcase>
    <testcase classname="snyk test --all-projects (mocked server only) `test multiple projects with different invalid manifest files displays specific error details`" name="snyk test --all-projects (mocked server only) `test multiple projects with different invalid manifest files displays specific error details`" time="0">
      <skipped/>
    </testcase>
    <testcase classname="snyk test --all-projects (mocked server only) `test pnpm-workspace --all-projects --exclude=shared` excludes specified directory" name="snyk test --all-projects (mocked server only) `test pnpm-workspace --all-projects --exclude=shared` excludes specified directory" time="0">
      <skipped/>
    </testcase>
    <testcase classname="snyk test --all-projects (mocked server only) `test pnpm-workspace --all-projects --exclude=shared --detection-depth=2` excludes specified directory" name="snyk test --all-projects (mocked server only) `test pnpm-workspace --all-projects --exclude=shared --detection-depth=2` excludes specified directory" time="0">
      <skipped/>
    </testcase>
    <testcase classname="snyk test --all-projects (mocked server only) `test pnpm-workspace --all-projects` scans all workspace projects" name="snyk test --all-projects (mocked server only) `test pnpm-workspace --all-projects` scans all workspace projects" time="0">
      <skipped/>
    </testcase>
  </testsuite>
  <testsuite name="@snyk/protect" errors="0" failures="0" skipped="13" timestamp="2026-01-22T16:22:17" time="0.304" tests="13">
    <testcase classname="@snyk/protect applies patch(es) works for project with a single patchable module" name="@snyk/protect applies patch(es) works for project with a single patchable module" time="0">
      <skipped/>
    </testcase>
    <testcase classname="@snyk/protect applies patch(es) works for project with multiple patchable modules" name="@snyk/protect applies patch(es) works for project with multiple patchable modules" time="0">
      <skipped/>
    </testcase>
    <testcase classname="@snyk/protect applies patch(es) works when the vulnId in a .snyk file is quoted" name="@snyk/protect applies patch(es) works when the vulnId in a .snyk file is quoted" time="0">
      <skipped/>
    </testcase>
    <testcase classname="@snyk/protect does not apply any patches and does not fail for project with no modules with the target package name" name="@snyk/protect does not apply any patches and does not fail for project with no modules with the target package name" time="0">
      <skipped/>
    </testcase>
    <testcase classname="@snyk/protect does not apply any patches and does not fail for project with no .snyk file" name="@snyk/protect does not apply any patches and does not fail for project with no .snyk file" time="0">
      <skipped/>
    </testcase>
    <testcase classname="@snyk/protect does not send analytics if analytics is disabled via snyk.json file when disable-analytics equals &quot;1&quot; (as a string)" name="@snyk/protect does not send analytics if analytics is disabled via snyk.json file when disable-analytics equals &quot;1&quot; (as a string)" time="0">
      <skipped/>
    </testcase>
    <testcase classname="@snyk/protect does not send analytics if analytics is disabled via snyk.json file when disable-analytics equals 1 (as a number)" name="@snyk/protect does not send analytics if analytics is disabled via snyk.json file when disable-analytics equals 1 (as a number)" time="0">
      <skipped/>
    </testcase>
    <testcase classname="@snyk/protect does not send analytics if analytics is disabled via SNYK_DISABLE_ANALYTICS env var when SNYK_DISABLE_ANALYTICS is &quot;true&quot;" name="@snyk/protect does not send analytics if analytics is disabled via SNYK_DISABLE_ANALYTICS env var when SNYK_DISABLE_ANALYTICS is &quot;true&quot;" time="0">
      <skipped/>
    </testcase>
    <testcase classname="@snyk/protect does not send analytics if analytics is disabled via SNYK_DISABLE_ANALYTICS env var when SNYK_DISABLE_ANALYTICS is &quot;1&quot;" name="@snyk/protect does not send analytics if analytics is disabled via SNYK_DISABLE_ANALYTICS env var when SNYK_DISABLE_ANALYTICS is &quot;1&quot;" time="0">
      <skipped/>
    </testcase>
    <testcase classname="@snyk/protect outputs correct help documentation when called with --help" name="@snyk/protect outputs correct help documentation when called with --help" time="0">
      <skipped/>
    </testcase>
    <testcase classname="@snyk/protect outputs correct version when called with --version" name="@snyk/protect outputs correct version when called with --version" time="0">
      <skipped/>
    </testcase>
    <testcase classname="@snyk/protect does not attempt to apply patch if a flag file exists indicating the file has already been patched with `.orig` file from the old protect" name="@snyk/protect does not attempt to apply patch if a flag file exists indicating the file has already been patched with `.orig` file from the old protect" time="0">
      <skipped/>
    </testcase>
    <testcase classname="@snyk/protect does not attempt to apply patch if a flag file exists indicating the file has already been patched with `.snyk-protect.flag` file from the new protect" name="@snyk/protect does not attempt to apply patch if a flag file exists indicating the file has already been patched with `.snyk-protect.flag` file from the new protect" time="0">
      <skipped/>
    </testcase>
  </testsuite>
  <testsuite name="Proxy configuration behavior" errors="0" failures="0" skipped="9" timestamp="2026-01-22T16:22:17" time="0.128" tests="9">
    <testcase classname="Proxy configuration behavior *_PROXY against HTTPS host tries to connect to the HTTPS_PROXY when HTTPS_PROXY is set" name="Proxy configuration behavior *_PROXY against HTTPS host tries to connect to the HTTPS_PROXY when HTTPS_PROXY is set" time="0">
      <skipped/>
    </testcase>
    <testcase classname="Proxy configuration behavior *_PROXY against HTTPS host uses NO_PROXY to avoid connecting to the HTTPS_PROXY that is set" name="Proxy configuration behavior *_PROXY against HTTPS host uses NO_PROXY to avoid connecting to the HTTPS_PROXY that is set" time="0">
      <skipped/>
    </testcase>
    <testcase classname="Proxy configuration behavior *_PROXY against HTTPS host does not try to connect to the HTTP_PROXY when it is set" name="Proxy configuration behavior *_PROXY against HTTPS host does not try to connect to the HTTP_PROXY when it is set" time="0">
      <skipped/>
    </testcase>
    <testcase classname="Proxy configuration behavior *_PROXY against HTTP host tries to connect to the HTTP_PROXY when HTTP_PROXY is set" name="Proxy configuration behavior *_PROXY against HTTP host tries to connect to the HTTP_PROXY when HTTP_PROXY is set" time="0">
      <skipped/>
    </testcase>
    <testcase classname="Proxy Authentication (all platforms) fails to run snyk test due to disabled proxy authentication" name="Proxy Authentication (all platforms) fails to run snyk test due to disabled proxy authentication" time="0">
      <skipped/>
    </testcase>
    <testcase classname="Proxy Authentication (all platforms) successfully runs snyk test with proxy (AnyAuth)" name="Proxy Authentication (all platforms) successfully runs snyk test with proxy (AnyAuth)" time="0">
      <skipped/>
    </testcase>
    <testcase classname="Proxy Authentication (all platforms) successfully runs snyk test with proxy (Basic)" name="Proxy Authentication (all platforms) successfully runs snyk test with proxy (Basic)" time="0">
      <skipped/>
    </testcase>
    <testcase classname="Proxy Authentication (Non-Windows) fail to run snyk test with proxy due to incorrect cache configuration" name="Proxy Authentication (Non-Windows) fail to run snyk test with proxy due to incorrect cache configuration" time="0">
      <skipped/>
    </testcase>
    <testcase classname="Proxy Authentication (Non-Windows) fail to run snyk test with proxy due to incorrect config file" name="Proxy Authentication (Non-Windows) fail to run snyk test with proxy due to incorrect config file" time="0">
      <skipped/>
    </testcase>
  </testsuite>
  <testsuite name="snyk ignore" errors="0" failures="0" skipped="12" timestamp="2026-01-22T16:22:17" time="0.042" tests="12">
    <testcase classname="snyk ignore creates a policy file with exclude, using default group" name="snyk ignore creates a policy file with exclude, using default group" time="0">
      <skipped/>
    </testcase>
    <testcase classname="snyk ignore add multiple uniq patterns to the same group" name="snyk ignore add multiple uniq patterns to the same group" time="0">
      <skipped/>
    </testcase>
    <testcase classname="snyk ignore create a policy file with exclude, using custom group" name="snyk ignore create a policy file with exclude, using custom group" time="0">
      <skipped/>
    </testcase>
    <testcase classname="snyk ignore update a policy file with exclude, using different groups" name="snyk ignore update a policy file with exclude, using different groups" time="0">
      <skipped/>
    </testcase>
    <testcase classname="snyk ignore write a policy file for exclude by providing group, expiry and reason" name="snyk ignore write a policy file for exclude by providing group, expiry and reason" time="0">
      <skipped/>
    </testcase>
    <testcase classname="snyk ignore updates a policy file for exclude by providing group, expiry and reason" name="snyk ignore updates a policy file for exclude by providing group, expiry and reason" time="0">
      <skipped/>
    </testcase>
    <testcase classname="snyk ignore creates a policy file using minimal options" name="snyk ignore creates a policy file using minimal options" time="0">
      <skipped/>
    </testcase>
    <testcase classname="snyk ignore creates a policy file using provided options" name="snyk ignore creates a policy file using provided options" time="0">
      <skipped/>
    </testcase>
    <testcase classname="snyk ignore correctly creates ignore rules for multiple paths" name="snyk ignore correctly creates ignore rules for multiple paths" time="0">
      <skipped/>
    </testcase>
    <testcase classname="snyk ignore correctly updates an ignore rule when given an existing resource paths" name="snyk ignore correctly updates an ignore rule when given an existing resource paths" time="0">
      <skipped/>
    </testcase>
    <testcase classname="snyk ignore fails on missing ID" name="snyk ignore fails on missing ID" time="0">
      <skipped/>
    </testcase>
    <testcase classname="snyk ignore errors when user is not authorized to ignore" name="snyk ignore errors when user is not authorized to ignore" time="0">
      <skipped/>
    </testcase>
  </testsuite>
  <testsuite name="snyk aibom (mocked servers only)" errors="0" failures="0" skipped="10" timestamp="2026-01-22T16:22:17" time="0.031" tests="10">
    <testcase classname="snyk aibom (mocked servers only) `aibom` generates an AI-BOM CycloneDX with components" name="snyk aibom (mocked servers only) `aibom` generates an AI-BOM CycloneDX with components" time="0">
      <skipped/>
    </testcase>
    <testcase classname="snyk aibom (mocked servers only) `aibom` uses upload endpoint if --upload flag is set" name="snyk aibom (mocked servers only) `aibom` uses upload endpoint if --upload flag is set" time="0">
      <skipped/>
    </testcase>
    <testcase classname="snyk aibom (mocked servers only) `aibom` fails if api is unavailable" name="snyk aibom (mocked servers only) `aibom` fails if api is unavailable" time="0">
      <skipped/>
    </testcase>
    <testcase classname="snyk aibom (mocked servers only) `aibom` adds the depgraph to the bundle" name="snyk aibom (mocked servers only) `aibom` adds the depgraph to the bundle" time="0">
      <skipped/>
    </testcase>
    <testcase classname="snyk aibom (mocked servers only) `aibom` generates an AI-BOM CycloneDX in the HTML format" name="snyk aibom (mocked servers only) `aibom` generates an AI-BOM CycloneDX in the HTML format" time="0">
      <skipped/>
    </testcase>
    <testcase classname="snyk aibom (mocked servers only) aibom error handling handles a missing experimental flag" name="snyk aibom (mocked servers only) aibom error handling handles a missing experimental flag" time="0">
      <skipped/>
    </testcase>
    <testcase classname="snyk aibom (mocked servers only) aibom error handling handles unauthenticated" name="snyk aibom (mocked servers only) aibom error handling handles unauthenticated" time="0">
      <skipped/>
    </testcase>
    <testcase classname="snyk aibom (mocked servers only) aibom error handling handles org has no access" name="snyk aibom (mocked servers only) aibom error handling handles org has no access" time="0">
      <skipped/>
    </testcase>
    <testcase classname="snyk aibom (mocked servers only) aibom error handling handles an unsupported project" name="snyk aibom (mocked servers only) aibom error handling handles an unsupported project" time="0">
      <skipped/>
    </testcase>
    <testcase classname="snyk aibom (mocked servers only) aibom error handling handles no SNYK_TOKEN" name="snyk aibom (mocked servers only) aibom error handling handles no SNYK_TOKEN" time="0">
      <skipped/>
    </testcase>
  </testsuite>
  <testsuite name="snyk-apps: create app" errors="0" failures="0" skipped="14" timestamp="2026-01-22T16:22:17" time="0.036" tests="14">
    <testcase classname="snyk-apps: create app experimental flag should throw error without the experimental flag" name="snyk-apps: create app experimental flag should throw error without the experimental flag" time="0">
      <skipped/>
    </testcase>
    <testcase classname="snyk-apps: create app help should print the apps helps document when apps subcommand invalid" name="snyk-apps: create app help should print the apps helps document when apps subcommand invalid" time="0">
      <skipped/>
    </testcase>
    <testcase classname="snyk-apps: create app interactive mode should prompt for app name and print error if not provided" name="snyk-apps: create app interactive mode should prompt for app name and print error if not provided" time="0">
      <skipped/>
    </testcase>
    <testcase classname="snyk-apps: create app interactive mode should prompt for redirect uris and print error if not provided" name="snyk-apps: create app interactive mode should prompt for redirect uris and print error if not provided" time="0">
      <skipped/>
    </testcase>
    <testcase classname="snyk-apps: create app interactive mode should prompt for scopes and print error if not provided" name="snyk-apps: create app interactive mode should prompt for scopes and print error if not provided" time="0">
      <skipped/>
    </testcase>
    <testcase classname="snyk-apps: create app interactive mode should prompt for org id and print error if not provided" name="snyk-apps: create app interactive mode should prompt for org id and print error if not provided" time="0">
      <skipped/>
    </testcase>
    <testcase classname="snyk-apps: create app interactive mode should create app with user provided data (interactive mode)" name="snyk-apps: create app interactive mode should create app with user provided data (interactive mode)" time="0">
      <skipped/>
    </testcase>
    <testcase classname="snyk-apps: create app interactive mode should prompt users for input with flag shortcut (-i)" name="snyk-apps: create app interactive mode should prompt users for input with flag shortcut (-i)" time="0">
      <skipped/>
    </testcase>
    <testcase classname="snyk-apps: create app scriptable mode should throw error when org id not provided" name="snyk-apps: create app scriptable mode should throw error when org id not provided" time="0">
      <skipped/>
    </testcase>
    <testcase classname="snyk-apps: create app scriptable mode should throw error when app name not provided" name="snyk-apps: create app scriptable mode should throw error when app name not provided" time="0">
      <skipped/>
    </testcase>
    <testcase classname="snyk-apps: create app scriptable mode should throw error when redirect uris not provided" name="snyk-apps: create app scriptable mode should throw error when redirect uris not provided" time="0">
      <skipped/>
    </testcase>
    <testcase classname="snyk-apps: create app scriptable mode should throw error when scopes not provided" name="snyk-apps: create app scriptable mode should throw error when scopes not provided" time="0">
      <skipped/>
    </testcase>
    <testcase classname="snyk-apps: create app scriptable mode throws an error when an invalid context is provided" name="snyk-apps: create app scriptable mode throws an error when an invalid context is provided" time="0">
      <skipped/>
    </testcase>
    <testcase classname="snyk-apps: create app scriptable mode should create app with user provided data" name="snyk-apps: create app scriptable mode should create app with user provided data" time="0">
      <skipped/>
    </testcase>
  </testsuite>
  <testsuite name="iac test --json-file-output" errors="0" failures="0" skipped="10" timestamp="2026-01-22T16:22:17" time="0.031" tests="10">
    <testcase classname="iac test --json-file-output contains a valid line number" name="iac test --json-file-output contains a valid line number" time="0">
      <skipped/>
    </testcase>
    <testcase classname="iac test --json-file-output returns the correct paths for provided path" name="iac test --json-file-output returns the correct paths for provided path" time="0">
      <skipped/>
    </testcase>
    <testcase classname="iac test --sarif-file-output contains a valid line number" name="iac test --sarif-file-output contains a valid line number" time="0">
      <skipped/>
    </testcase>
    <testcase classname="iac test --sarif-file-output returns the correct paths for provided path" name="iac test --sarif-file-output returns the correct paths for provided path" time="0">
      <skipped/>
    </testcase>
    <testcase classname="iac test --sarif-file-output does not include file content in analytics logs" name="iac test --sarif-file-output does not include file content in analytics logs" time="0">
      <skipped/>
    </testcase>
    <testcase classname="iac test --json-file-output and --sarif-file-output for IaCV2 iac test --json-file-output contains a valid line number" name="iac test --json-file-output and --sarif-file-output for IaCV2 iac test --json-file-output contains a valid line number" time="0">
      <skipped/>
    </testcase>
    <testcase classname="iac test --json-file-output and --sarif-file-output for IaCV2 iac test --json-file-output returns the correct paths for provided path" name="iac test --json-file-output and --sarif-file-output for IaCV2 iac test --json-file-output returns the correct paths for provided path" time="0">
      <skipped/>
    </testcase>
    <testcase classname="iac test --json-file-output and --sarif-file-output for IaCV2 iac test --sarif-file-output contains a valid line number" name="iac test --json-file-output and --sarif-file-output for IaCV2 iac test --sarif-file-output contains a valid line number" time="0">
      <skipped/>
    </testcase>
    <testcase classname="iac test --json-file-output and --sarif-file-output for IaCV2 iac test --sarif-file-output returns the correct paths for provided path" name="iac test --json-file-output and --sarif-file-output for IaCV2 iac test --sarif-file-output returns the correct paths for provided path" time="0">
      <skipped/>
    </testcase>
    <testcase classname="iac test --json-file-output and --sarif-file-output for IaCV2 iac test --sarif-file-output does not include file content in analytics logs" name="iac test --json-file-output and --sarif-file-output for IaCV2 iac test --sarif-file-output does not include file content in analytics logs" time="0">
      <skipped/>
    </testcase>
  </testsuite>
  <testsuite name="container test projects behavior with --app-vulns, --file and --exclude-base-image-vulns flags" errors="0" failures="0" skipped="13" timestamp="2026-01-22T16:22:17" time="0.03" tests="13">
    <testcase classname="container test projects behavior with --app-vulns, --file and --exclude-base-image-vulns flags should find nothing when only vulns are in base image" name="container test projects behavior with --app-vulns, --file and --exclude-base-image-vulns flags should find nothing when only vulns are in base image" time="0">
      <skipped/>
    </testcase>
    <testcase classname="container test projects behavior with --app-vulns, --file and --exclude-base-image-vulns flags should find all vulns including app vulns" name="container test projects behavior with --app-vulns, --file and --exclude-base-image-vulns flags should find all vulns including app vulns" time="0">
      <skipped/>
    </testcase>
    <testcase classname="container test projects behavior with --app-vulns, --file and --exclude-base-image-vulns flags should find nothing when app-vulns are explicitly disabled" name="container test projects behavior with --app-vulns, --file and --exclude-base-image-vulns flags should find nothing when app-vulns are explicitly disabled" time="0">
      <skipped/>
    </testcase>
    <testcase classname="container test projects behavior with --app-vulns, --file and --exclude-base-image-vulns flags should find nothing on conflicting app-vulns flags" name="container test projects behavior with --app-vulns, --file and --exclude-base-image-vulns flags should find nothing on conflicting app-vulns flags" time="0">
      <skipped/>
    </testcase>
    <testcase classname="container test projects behavior with --app-vulns, --file and --exclude-base-image-vulns flags should find vulns on an npm project application image without package-lock.json file" name="container test projects behavior with --app-vulns, --file and --exclude-base-image-vulns flags should find vulns on an npm project application image without package-lock.json file" time="0">
      <skipped/>
    </testcase>
    <testcase classname="container test projects behavior with --app-vulns, --file and --exclude-base-image-vulns flags should find vulns on an npm project application image without package.json and package-lock.json file" name="container test projects behavior with --app-vulns, --file and --exclude-base-image-vulns flags should find vulns on an npm project application image without package.json and package-lock.json file" time="0">
      <skipped/>
    </testcase>
    <testcase classname="container test projects behavior with --app-vulns, --file and --exclude-base-image-vulns flags should show app vulns tip when available" name="container test projects behavior with --app-vulns, --file and --exclude-base-image-vulns flags should show app vulns tip when available" time="0">
      <skipped/>
    </testcase>
    <testcase classname="container test projects behavior with --app-vulns, --file and --exclude-base-image-vulns flags should find all vulns without experimental flag" name="container test projects behavior with --app-vulns, --file and --exclude-base-image-vulns flags should find all vulns without experimental flag" time="0">
      <skipped/>
    </testcase>
    <testcase classname="container test projects behavior with --app-vulns, --file and --exclude-base-image-vulns flags should return only dockerfile instructions vulnerabilities when excluding base image vulns" name="container test projects behavior with --app-vulns, --file and --exclude-base-image-vulns flags should return only dockerfile instructions vulnerabilities when excluding base image vulns" time="0">
      <skipped/>
    </testcase>
    <testcase classname="container test projects behavior with --app-vulns, --file and --exclude-base-image-vulns flags finds dockerfile instructions and app vulns when excluding base image vulns" name="container test projects behavior with --app-vulns, --file and --exclude-base-image-vulns flags finds dockerfile instructions and app vulns when excluding base image vulns" time="0">
      <skipped/>
    </testcase>
    <testcase classname="container test projects behavior with --json flag returns a json with the --experimental flags" name="container test projects behavior with --json flag returns a json with the --experimental flags" time="0">
      <skipped/>
    </testcase>
    <testcase classname="container test projects behavior with --exclude-node-modules flag should scan npm projects only when package.json and package-lock.json pairs are identified in the container image" name="container test projects behavior with --exclude-node-modules flag should scan npm projects only when package.json and package-lock.json pairs are identified in the container image" time="0">
      <skipped/>
    </testcase>
    <testcase classname="container test projects behavior with --exclude-node-modules flag should scan npm projects from package.json and package-lock.json pairs and node_modules dependencies" name="container test projects behavior with --exclude-node-modules flag should scan npm projects from package.json and package-lock.json pairs and node_modules dependencies" time="0">
      <skipped/>
    </testcase>
  </testsuite>
  <testsuite name="Terraform" errors="0" failures="0" skipped="13" timestamp="2026-01-22T16:22:17" time="0.734" tests="13">
    <testcase classname="Terraform Terraform single file scans finds issues in Terraform file" name="Terraform Terraform single file scans finds issues in Terraform file" time="0">
      <skipped/>
    </testcase>
    <testcase classname="Terraform Terraform single file scans filters out issues when using severity threshold" name="Terraform Terraform single file scans filters out issues when using severity threshold" time="0">
      <skipped/>
    </testcase>
    <testcase classname="Terraform Terraform single file scans outputs an error for files with invalid HCL2" name="Terraform Terraform single file scans outputs an error for files with invalid HCL2" time="0">
      <skipped/>
    </testcase>
    <testcase classname="Terraform Terraform single file scans outputs the expected text when running with --sarif flag" name="Terraform Terraform single file scans outputs the expected text when running with --sarif flag" time="0">
      <skipped/>
    </testcase>
    <testcase classname="Terraform Terraform single file scans outputs the expected text when running with --json flag" name="Terraform Terraform single file scans outputs the expected text when running with --json flag" time="0">
      <skipped/>
    </testcase>
    <testcase classname="Terraform Terraform single file scans returns error empty Terraform file" name="Terraform Terraform single file scans returns error empty Terraform file" time="0">
      <skipped/>
    </testcase>
    <testcase classname="Terraform Terraform single file scans when the iacNewEngine feature flag is enabled uses the new engine, hence the new policies are used" name="Terraform Terraform single file scans when the iacNewEngine feature flag is enabled uses the new engine, hence the new policies are used" time="0">
      <skipped/>
    </testcase>
    <testcase classname="Terraform Terraform directories dereferences variables in nested directories" name="Terraform Terraform directories dereferences variables in nested directories" time="0">
      <skipped/>
    </testcase>
    <testcase classname="Terraform Terraform directories scans a mix of IaC files in nested directories" name="Terraform Terraform directories scans a mix of IaC files in nested directories" time="0">
      <skipped/>
    </testcase>
    <testcase classname="Terraform Terraform directories filters out issues when using detection depth" name="Terraform Terraform directories filters out issues when using detection depth" time="0">
      <skipped/>
    </testcase>
    <testcase classname="Terraform with the --var-file flag picks up the file and dereferences the variable context for the right directory (pathToScan)" name="Terraform with the --var-file flag picks up the file and dereferences the variable context for the right directory (pathToScan)" time="0">
      <skipped/>
    </testcase>
    <testcase classname="Terraform with the --var-file flag returns error if the file does not exist" name="Terraform with the --var-file flag returns error if the file does not exist" time="0">
      <skipped/>
    </testcase>
    <testcase classname="Terraform with the --var-file flag will not parse the external file if it is invalid" name="Terraform with the --var-file flag will not parse the external file if it is invalid" time="0">
      <skipped/>
    </testcase>
  </testsuite>
  <testsuite name="iac describe" errors="0" failures="0" skipped="9" timestamp="2026-01-22T16:22:18" time="0.068" tests="9">
    <testcase classname="iac describe describe fail when not used as an iac sub-command" name="iac describe describe fail when not used as an iac sub-command" time="0">
      <skipped/>
    </testcase>
    <testcase classname="iac describe describe fail without the right entitlement" name="iac describe describe fail without the right entitlement" time="0">
      <skipped/>
    </testcase>
    <testcase classname="iac describe Test when driftctl scan exit in error" name="iac describe Test when driftctl scan exit in error" time="0">
      <skipped/>
    </testcase>
    <testcase classname="iac describe Launch driftctl from SNYK_DRIFTCTL_PATH env var when org has the entitlement" name="iac describe Launch driftctl from SNYK_DRIFTCTL_PATH env var when org has the entitlement" time="0">
      <skipped/>
    </testcase>
    <testcase classname="iac describe Download and launch driftctl when executable is not found and org has the entitlement" name="iac describe Download and launch driftctl when executable is not found and org has the entitlement" time="0">
      <skipped/>
    </testcase>
    <testcase classname="iac describe Launch driftctl from SNYK_DRIFTCTL_PATH with html output" name="iac describe Launch driftctl from SNYK_DRIFTCTL_PATH with html output" time="0">
      <skipped/>
    </testcase>
    <testcase classname="iac describe Test html file output Launch driftctl with html output format" name="iac describe Test html file output Launch driftctl with html output format" time="0">
      <skipped/>
    </testcase>
    <testcase classname="processDriftctlOutput test that html in stdout is parsed correctly" name="processDriftctlOutput test that html in stdout is parsed correctly" time="0">
      <skipped/>
    </testcase>
    <testcase classname="processDriftctlOutput test that html in file is parsed correctly" name="processDriftctlOutput test that html in file is parsed correctly" time="0">
      <skipped/>
    </testcase>
  </testsuite>
  <testsuite name="snyk test --reachability" errors="0" failures="0" skipped="9" timestamp="2026-01-22T16:22:18" time="0.018" tests="9">
    <testcase classname="snyk test --reachability runs in the requested path and emits human readable output" name="snyk test --reachability runs in the requested path and emits human readable output" time="0">
      <skipped/>
    </testcase>
    <testcase classname="snyk test --reachability runs in the requested path with configured local policy .snyk" name="snyk test --reachability runs in the requested path with configured local policy .snyk" time="0">
      <skipped/>
    </testcase>
    <testcase classname="snyk test --reachability runs in the requested path with configured local policy .snyk but ignores the policy if --ignore-policy is enabled" name="snyk test --reachability runs in the requested path with configured local policy .snyk but ignores the policy if --ignore-policy is enabled" time="0">
      <skipped/>
    </testcase>
    <testcase classname="snyk test --reachability emits a valid json output with filtering only reachable vulnerabilities" name="snyk test --reachability emits a valid json output with filtering only reachable vulnerabilities" time="0">
      <skipped/>
    </testcase>
    <testcase classname="snyk test --reachability emits a valid json output and fails the test if vulnerabilies are upgradable" name="snyk test --reachability emits a valid json output and fails the test if vulnerabilies are upgradable" time="0">
      <skipped/>
    </testcase>
    <testcase classname="snyk test --reachability only uploads the requested source code dir and emits a valid json output with" name="snyk test --reachability only uploads the requested source code dir and emits a valid json output with" time="0">
      <skipped/>
    </testcase>
    <testcase classname="snyk test --reachability works with --sarif" name="snyk test --reachability works with --sarif" time="0">
      <skipped/>
    </testcase>
    <testcase classname="snyk test --reachability works with --json and --sarif-file-output" name="snyk test --reachability works with --json and --sarif-file-output" time="0">
      <skipped/>
    </testcase>
    <testcase classname="snyk test --reachability works with --json-file-output and --sarif-file-output" name="snyk test --reachability works with --json-file-output and --sarif-file-output" time="0">
      <skipped/>
    </testcase>
  </testsuite>
  <testsuite name="CLI Share Results" errors="0" failures="0" skipped="10" timestamp="2026-01-22T16:22:18" time="0.029" tests="10">
    <testcase classname="CLI Share Results feature flag iacCliShareResults is not enabled the output includes an error" name="CLI Share Results feature flag iacCliShareResults is not enabled the output includes an error" time="0">
      <skipped/>
    </testcase>
    <testcase classname="CLI Share Results feature flag iacCliShareResults is enabled the output of a regular scan includes a link to the projects page" name="CLI Share Results feature flag iacCliShareResults is enabled the output of a regular scan includes a link to the projects page" time="0">
      <skipped/>
    </testcase>
    <testcase classname="CLI Share Results feature flag iacCliShareResults is enabled forwards value to iac-cli-share-results endpoint" name="CLI Share Results feature flag iacCliShareResults is enabled forwards value to iac-cli-share-results endpoint" time="0">
      <skipped/>
    </testcase>
    <testcase classname="CLI Share Results feature flag iacCliShareResults is enabled forwards project tags" name="CLI Share Results feature flag iacCliShareResults is enabled forwards project tags" time="0">
      <skipped/>
    </testcase>
    <testcase classname="CLI Share Results feature flag iacCliShareResults is enabled forwards project environment" name="CLI Share Results feature flag iacCliShareResults is enabled forwards project environment" time="0">
      <skipped/>
    </testcase>
    <testcase classname="CLI Share Results feature flag iacCliShareResults is enabled forwards project lifecycle" name="CLI Share Results feature flag iacCliShareResults is enabled forwards project lifecycle" time="0">
      <skipped/>
    </testcase>
    <testcase classname="CLI Share Results feature flag iacCliShareResults is enabled forwards project business criticality" name="CLI Share Results feature flag iacCliShareResults is enabled forwards project business criticality" time="0">
      <skipped/>
    </testcase>
    <testcase classname="CLI Share Results feature flag iacCliShareResults is enabled should print an error message if test usage is exceeded" name="CLI Share Results feature flag iacCliShareResults is enabled should print an error message if test usage is exceeded" time="0">
      <skipped/>
    </testcase>
    <testcase classname="CLI Share Results feature flag iacCliShareResults is enabled should filter out NONE custom policies severity issues and then forward" name="CLI Share Results feature flag iacCliShareResults is enabled should filter out NONE custom policies severity issues and then forward" time="0">
      <skipped/>
    </testcase>
    <testcase classname="CLI Share Results feature flag iacCliShareResults is enabled with target reference forwards the target reference to iac-cli-share-results endpoint" name="CLI Share Results feature flag iacCliShareResults is enabled with target reference forwards the target reference to iac-cli-share-results endpoint" time="0">
      <skipped/>
    </testcase>
  </testsuite>
  <testsuite name="iac test text output" errors="0" failures="0" skipped="10" timestamp="2026-01-22T16:22:18" time="0.03" tests="10">
    <testcase classname="iac test text output should show the IaC test title" name="iac test text output should show the IaC test title" time="0">
      <skipped/>
    </testcase>
    <testcase classname="iac test text output should show the spinner message" name="iac test text output should show the spinner message" time="0">
      <skipped/>
    </testcase>
    <testcase classname="iac test text output should show the test completion message" name="iac test text output should show the test completion message" time="0">
      <skipped/>
    </testcase>
    <testcase classname="iac test text output should show the issues list section with correct values" name="iac test text output should show the issues list section with correct values" time="0">
      <skipped/>
    </testcase>
    <testcase classname="iac test text output should show the test summary section with correct values" name="iac test text output should show the test summary section with correct values" time="0">
      <skipped/>
    </testcase>
    <testcase classname="iac test text output with multiple test results with test failures should show the failures list section with the correct values" name="iac test text output with multiple test results with test failures should show the failures list section with the correct values" time="0">
      <skipped/>
    </testcase>
    <testcase classname="iac test text output with multiple test results with test failures should include user tip for test failures" name="iac test text output with multiple test results with test failures should include user tip for test failures" time="0">
      <skipped/>
    </testcase>
    <testcase classname="iac test text output with only test failures should display the test failures list" name="iac test text output with only test failures should display the test failures list" time="0">
      <skipped/>
    </testcase>
    <testcase classname="iac test text output with no issues should display an appropriate message in the issues section" name="iac test text output with no issues should display an appropriate message in the issues section" time="0">
      <skipped/>
    </testcase>
    <testcase classname="iac test text output with issues generated by custom rules should include the public custom rule IDs" name="iac test text output with issues generated by custom rules should include the public custom rule IDs" time="0">
      <skipped/>
    </testcase>
  </testsuite>
  <testsuite name="npm alias support" errors="0" failures="0" skipped="11" timestamp="2026-01-22T16:22:18" time="0.032" tests="11">
    <testcase classname="npm alias support test npm alias v1 - print-deps no json warning msg" name="npm alias support test npm alias v1 - print-deps no json warning msg" time="0">
      <skipped/>
    </testcase>
    <testcase classname="npm alias support test npm alias v1 --json" name="npm alias support test npm alias v1 --json" time="0">
      <skipped/>
    </testcase>
    <testcase classname="npm alias support test npm alias v2" name="npm alias support test npm alias v2" time="0">
      <skipped/>
    </testcase>
    <testcase classname="npm alias support test npm alias v3" name="npm alias support test npm alias v3" time="0">
      <skipped/>
    </testcase>
    <testcase classname="npm alias support test npm alias v1 - multiple versions of same package via aliasing" name="npm alias support test npm alias v1 - multiple versions of same package via aliasing" time="0">
      <skipped/>
    </testcase>
    <testcase classname="npm alias support test npm alias v2 - multiple versions of same package via aliasing" name="npm alias support test npm alias v2 - multiple versions of same package via aliasing" time="0">
      <skipped/>
    </testcase>
    <testcase classname="npm alias support test npm alias v3 - multiple versions of same package via aliasing" name="npm alias support test npm alias v3 - multiple versions of same package via aliasing" time="0">
      <skipped/>
    </testcase>
    <testcase classname="npm alias support test yarn alias v1" name="npm alias support test yarn alias v1" time="0">
      <skipped/>
    </testcase>
    <testcase classname="npm alias support test yarn alias v2" name="npm alias support test yarn alias v2" time="0">
      <skipped/>
    </testcase>
    <testcase classname="npm alias support test npm override with alias syntax" name="npm alias support test npm override with alias syntax" time="0">
      <skipped/>
    </testcase>
    <testcase classname="npm alias support test yarn resolutions with alias syntax" name="npm alias support test yarn resolutions with alias syntax" time="0">
      <skipped/>
    </testcase>
  </testsuite>
  <testsuite name="instrumentation module" errors="0" failures="0" skipped="12" timestamp="2026-01-22T16:22:18" time="0.043" tests="12">
    <testcase classname="instrumentation module CLI support sends instrumentation data for the CLI" name="instrumentation module CLI support sends instrumentation data for the CLI" time="0">
      <skipped/>
    </testcase>
    <testcase classname="instrumentation module CLI support sends instrumentation data even if disable analytics is set via SNYK_DISABLE_ANALYTICS" name="instrumentation module CLI support sends instrumentation data even if disable analytics is set via SNYK_DISABLE_ANALYTICS" time="0">
      <skipped/>
    </testcase>
    <testcase classname="instrumentation module CLI support handles remapped v1 analytics data to the v2 instrumentation endpoint when SNYK_DISABLE_ANALYTICS is set to true" name="instrumentation module CLI support handles remapped v1 analytics data to the v2 instrumentation endpoint when SNYK_DISABLE_ANALYTICS is set to true" time="0">
      <skipped/>
    </testcase>
    <testcase classname="instrumentation module CLI support handles remapped v1 analytics data to the v2 instrumentation endpoint when SNYK_DISABLE_ANALYTICS is set to false" name="instrumentation module CLI support handles remapped v1 analytics data to the v2 instrumentation endpoint when SNYK_DISABLE_ANALYTICS is set to false" time="0">
      <skipped/>
    </testcase>
    <testcase classname="instrumentation module IDE support analytics command not called from IDE does not send instrumentation data for the VS_CODE IDE" name="instrumentation module IDE support analytics command not called from IDE does not send instrumentation data for the VS_CODE IDE" time="0">
      <skipped/>
    </testcase>
    <testcase classname="instrumentation module IDE support analytics command called from IDE sends instrumentation data for the VS_CODE IDE" name="instrumentation module IDE support analytics command called from IDE sends instrumentation data for the VS_CODE IDE" time="0">
      <skipped/>
    </testcase>
    <testcase classname="instrumentation module IDE support analytics command not called from IDE does not send instrumentation data for the JETBRAINS_IDE IDE" name="instrumentation module IDE support analytics command not called from IDE does not send instrumentation data for the JETBRAINS_IDE IDE" time="0">
      <skipped/>
    </testcase>
    <testcase classname="instrumentation module IDE support analytics command called from IDE sends instrumentation data for the JETBRAINS_IDE IDE" name="instrumentation module IDE support analytics command called from IDE sends instrumentation data for the JETBRAINS_IDE IDE" time="0">
      <skipped/>
    </testcase>
    <testcase classname="instrumentation module IDE support analytics command not called from IDE does not send instrumentation data for the VISUAL_STUDIO IDE" name="instrumentation module IDE support analytics command not called from IDE does not send instrumentation data for the VISUAL_STUDIO IDE" time="0">
      <skipped/>
    </testcase>
    <testcase classname="instrumentation module IDE support analytics command called from IDE sends instrumentation data for the VISUAL_STUDIO IDE" name="instrumentation module IDE support analytics command called from IDE sends instrumentation data for the VISUAL_STUDIO IDE" time="0">
      <skipped/>
    </testcase>
    <testcase classname="instrumentation module IDE support analytics command not called from IDE does not send instrumentation data for the ECLIPSE IDE" name="instrumentation module IDE support analytics command not called from IDE does not send instrumentation data for the ECLIPSE IDE" time="0">
      <skipped/>
    </testcase>
    <testcase classname="instrumentation module IDE support analytics command called from IDE sends instrumentation data for the ECLIPSE IDE" name="instrumentation module IDE support analytics command called from IDE sends instrumentation data for the ECLIPSE IDE" time="0">
      <skipped/>
    </testcase>
  </testsuite>
  <testsuite name="debug log" errors="0" failures="0" skipped="13" timestamp="2026-01-22T16:22:18" time="0.022" tests="13">
    <testcase classname="debug log redacts unknown values after end-of-options from args" name="debug log redacts unknown values after end-of-options from args" time="0">
      <skipped/>
    </testcase>
    <testcase classname="debug log redacts token from env var" name="debug log redacts token from env var" time="0">
      <skipped/>
    </testcase>
    <testcase classname="debug log redacts token from config file" name="debug log redacts token from config file" time="0">
      <skipped/>
    </testcase>
    <testcase classname="debug log redacts token from config file" name="debug log redacts token from config file" time="0">
      <skipped/>
    </testcase>
    <testcase classname="debug log redacts basic authentication" name="debug log redacts basic authentication" time="0">
      <skipped/>
    </testcase>
    <testcase classname="debug log redacts short-form basic authentication" name="debug log redacts short-form basic authentication" time="0">
      <skipped/>
    </testcase>
    <testcase classname="debug log redacts ENV-driven basic authentication" name="debug log redacts ENV-driven basic authentication" time="0">
      <skipped/>
    </testcase>
    <testcase classname="debug log redacts basic authentication with trace log level" name="debug log redacts basic authentication with trace log level" time="0">
      <skipped/>
    </testcase>
    <testcase classname="debug log redacts short-form basic authentication with trace log level" name="debug log redacts short-form basic authentication with trace log level" time="0">
      <skipped/>
    </testcase>
    <testcase classname="debug log redacts ENV-driven basic authentication with trace log level" name="debug log redacts ENV-driven basic authentication with trace log level" time="0">
      <skipped/>
    </testcase>
    <testcase classname="debug log redacts externally injected bearer token" name="debug log redacts externally injected bearer token" time="0">
      <skipped/>
    </testcase>
    <testcase classname="debug log trace level logs contain body content" name="debug log trace level logs contain body content" time="0">
      <skipped/>
    </testcase>
    <testcase classname="debug log debug level logs do not contain body content" name="debug log debug level logs do not contain body content" time="0">
      <skipped/>
    </testcase>
  </testsuite>
  <testsuite name="Auth" errors="0" failures="0" skipped="10" timestamp="2026-01-22T16:22:18" time="0.03" tests="10">
    <testcase classname="Auth token authentication successfully uses token authentication with interactive login" name="Auth token authentication successfully uses token authentication with interactive login" time="0">
      <skipped/>
    </testcase>
    <testcase classname="Auth token authentication fails to use token authentication with interactive login" name="Auth token authentication fails to use token authentication with interactive login" time="0">
      <skipped/>
    </testcase>
    <testcase classname="Auth oauth authentication successfully uses oauth with interactive login" name="Auth oauth authentication successfully uses oauth with interactive login" time="0">
      <skipped/>
    </testcase>
    <testcase classname="Auth oauth authentication successfully uses oauth client credentials grant to authenticate" name="Auth oauth authentication successfully uses oauth client credentials grant to authenticate" time="0">
      <skipped/>
    </testcase>
    <testcase classname="Auth oauth authentication fails to use oauth with authorization code grant" name="Auth oauth authentication fails to use oauth with authorization code grant" time="0">
      <skipped/>
    </testcase>
    <testcase classname="Auth oauth authentication fails to us oauth client credentials grant to authenticate" name="Auth oauth authentication fails to us oauth client credentials grant to authenticate" time="0">
      <skipped/>
    </testcase>
    <testcase classname="Auth ignore existing token when running auth" name="Auth ignore existing token when running auth" time="0">
      <skipped/>
    </testcase>
    <testcase classname="Auth fall back to API token based authentication for IDEs per default" name="Auth fall back to API token based authentication for IDEs per default" time="0">
      <skipped/>
    </testcase>
    <testcase classname="Auth pat prefers pat derived api over SNYK_API" name="Auth pat prefers pat derived api over SNYK_API" time="0">
      <skipped/>
    </testcase>
    <testcase classname="Auth pat successfully authenticates" name="Auth pat successfully authenticates" time="0">
      <skipped/>
    </testcase>
  </testsuite>
  <testsuite name="Basic acceptance test" errors="0" failures="0" skipped="5" timestamp="2026-01-22T16:22:18" time="0.029" tests="5">
    <testcase classname="Basic acceptance test Bootstrap binary &amp; execute a command" name="Basic acceptance test Bootstrap binary &amp; execute a command" time="0">
      <skipped/>
    </testcase>
    <testcase classname="Basic acceptance test Execute a command without bootstrap" name="Basic acceptance test Execute a command without bootstrap" time="0">
      <skipped/>
    </testcase>
    <testcase classname="Basic acceptance test Execute with --legacy-cli" name="Basic acceptance test Execute with --legacy-cli" time="0">
      <skipped/>
    </testcase>
    <testcase classname="Basic acceptance test Execute with a failing download" name="Basic acceptance test Execute with a failing download" time="0">
      <skipped/>
    </testcase>
    <testcase classname="Basic acceptance test Bootstrap binary fails when proxy is used but not allowed" name="Basic acceptance test Bootstrap binary fails when proxy is used but not allowed" time="0">
      <skipped/>
    </testcase>
  </testsuite>
  <testsuite name="outputs Error Catalog errors" errors="0" failures="0" skipped="13" timestamp="2026-01-22T16:22:19" time="0.035" tests="13">
    <testcase classname="outputs Error Catalog errors authentication errors typescript workflow snyk test" name="outputs Error Catalog errors authentication errors typescript workflow snyk test" time="0">
      <skipped/>
    </testcase>
    <testcase classname="outputs Error Catalog errors other network errors internal server errors typescript workflow snyk test" name="outputs Error Catalog errors other network errors internal server errors typescript workflow snyk test" time="0">
      <skipped/>
    </testcase>
    <testcase classname="outputs Error Catalog errors other network errors bad request errors typescript workflow snyk test" name="outputs Error Catalog errors other network errors bad request errors typescript workflow snyk test" time="0">
      <skipped/>
    </testcase>
    <testcase classname="outputs Error Catalog errors authentication errors golang/native workflow snyk code test" name="outputs Error Catalog errors authentication errors golang/native workflow snyk code test" time="0">
      <skipped/>
    </testcase>
    <testcase classname="outputs Error Catalog errors other network errors internal server errors golang/native workflow snyk code test" name="outputs Error Catalog errors other network errors internal server errors golang/native workflow snyk code test" time="0">
      <skipped/>
    </testcase>
    <testcase classname="outputs Error Catalog errors other network errors bad request errors golang/native workflow snyk code test" name="outputs Error Catalog errors other network errors bad request errors golang/native workflow snyk code test" time="0">
      <skipped/>
    </testcase>
    <testcase classname="outputs Error Catalog errors authentication errors typescript workflow snyk monitor" name="outputs Error Catalog errors authentication errors typescript workflow snyk monitor" time="0">
      <skipped/>
    </testcase>
    <testcase classname="outputs Error Catalog errors other network errors internal server errors typescript workflow snyk monitor" name="outputs Error Catalog errors other network errors internal server errors typescript workflow snyk monitor" time="0">
      <skipped/>
    </testcase>
    <testcase classname="outputs Error Catalog errors other network errors bad request errors typescript workflow snyk monitor" name="outputs Error Catalog errors other network errors bad request errors typescript workflow snyk monitor" time="0">
      <skipped/>
    </testcase>
    <testcase classname="outputs Error Catalog errors authentication errors typescript workflow snyk container monitor gcr.io/distroless/static@sha256:7198a357ff3a8ef750b041324873960cf2153c11cc50abb9d8d5f8bb089f6b4e" name="outputs Error Catalog errors authentication errors typescript workflow snyk container monitor gcr.io/distroless/static@sha256:7198a357ff3a8ef750b041324873960cf2153c11cc50abb9d8d5f8bb089f6b4e" time="0">
      <skipped/>
    </testcase>
    <testcase classname="outputs Error Catalog errors other network errors internal server errors typescript workflow snyk container monitor gcr.io/distroless/static@sha256:7198a357ff3a8ef750b041324873960cf2153c11cc50abb9d8d5f8bb089f6b4e" name="outputs Error Catalog errors other network errors internal server errors typescript workflow snyk container monitor gcr.io/distroless/static@sha256:7198a357ff3a8ef750b041324873960cf2153c11cc50abb9d8d5f8bb089f6b4e" time="0">
      <skipped/>
    </testcase>
    <testcase classname="outputs Error Catalog errors other network errors bad request errors typescript workflow snyk container monitor gcr.io/distroless/static@sha256:7198a357ff3a8ef750b041324873960cf2153c11cc50abb9d8d5f8bb089f6b4e" name="outputs Error Catalog errors other network errors bad request errors typescript workflow snyk container monitor gcr.io/distroless/static@sha256:7198a357ff3a8ef750b041324873960cf2153c11cc50abb9d8d5f8bb089f6b4e" time="0">
      <skipped/>
    </testcase>
    <testcase classname="special error cases Monitor 422 error handling" name="special error cases Monitor 422 error handling" time="0">
      <skipped/>
    </testcase>
  </testsuite>
  <testsuite name="extractProvenance" errors="0" failures="0" skipped="5" timestamp="2026-01-22T16:22:19" time="0.017" tests="5">
    <testcase classname="extractProvenance can extract and parse 1 required files" name="extractProvenance can extract and parse 1 required files" time="0">
      <skipped/>
    </testcase>
    <testcase classname="extractProvenance can extract and parse 1 required files" name="extractProvenance can extract and parse 1 required files" time="0">
      <skipped/>
    </testcase>
    <testcase classname="extractProvenance can extract and parse all required files with both -r and -c" name="extractProvenance can extract and parse all required files with both -r and -c" time="0">
      <skipped/>
    </testcase>
    <testcase classname="extractProvenance can extract and parse all required files with nested -r and -c" name="extractProvenance can extract and parse all required files with nested -r and -c" time="0">
      <skipped/>
    </testcase>
    <testcase classname="extractProvenance can extract and parse all required files when -r is recursive" name="extractProvenance can extract and parse all required files when -r is recursive" time="0">
      <skipped/>
    </testcase>
  </testsuite>
  <testsuite name="log4shell command" errors="0" failures="0" skipped="6" timestamp="2026-01-22T16:22:19" time="0.021" tests="6">
    <testcase classname="log4shell command detects vulnerable versions of log4j only in jar files" name="log4shell command detects vulnerable versions of log4j only in jar files" time="0">
      <skipped/>
    </testcase>
    <testcase classname="log4shell command detects vulnerable versions of log4j for mixed file extensions (jar, ear) and nested files" name="log4shell command detects vulnerable versions of log4j for mixed file extensions (jar, ear) and nested files" time="0">
      <skipped/>
    </testcase>
    <testcase classname="log4shell command not detects non-vulnerable versions of log4j" name="log4shell command not detects non-vulnerable versions of log4j" time="0">
      <skipped/>
    </testcase>
    <testcase classname="log4shell command detects vulnerable versions of nested log4j jar" name="log4shell command detects vulnerable versions of nested log4j jar" time="0">
      <skipped/>
    </testcase>
    <testcase classname="log4shell command detects vulnerable versions of log4j without jar" name="log4shell command detects vulnerable versions of log4j without jar" time="0">
      <skipped/>
    </testcase>
    <testcase classname="log4shell command displays DOS message for 2.16.x" name="log4shell command displays DOS message for 2.16.x" time="0">
      <skipped/>
    </testcase>
  </testsuite>
  <testsuite name="test --json" errors="0" failures="0" skipped="6" timestamp="2026-01-22T16:22:19" time="0.035" tests="6">
    <testcase classname="test --json test with --json returns without error and with JSON return type when no vulns found" name="test --json test with --json returns without error and with JSON return type when no vulns found" time="0">
      <skipped/>
    </testcase>
    <testcase classname="test --json test without --json returns without error and with a string return type when no vulns found" name="test --json test without --json returns without error and with a string return type when no vulns found" time="0">
      <skipped/>
    </testcase>
    <testcase classname="test --json test with --json throws error and error contains json output with vulnerabilities when vulns found" name="test --json test with --json throws error and error contains json output with vulnerabilities when vulns found" time="0">
      <skipped/>
    </testcase>
    <testcase classname="test --json handling responses larger than 512Mb string size limit in v8 container test --json" name="test --json handling responses larger than 512Mb string size limit in v8 container test --json" time="0">
      <skipped/>
    </testcase>
    <testcase classname="test --json when policy data is available includes a user note and reason" name="test --json when policy data is available includes a user note and reason" time="0">
      <skipped/>
    </testcase>
    <testcase classname="test --json when policy data is available returns well structured json" name="test --json when policy data is available returns well structured json" time="0">
      <skipped/>
    </testcase>
  </testsuite>
  <testsuite name="snyk container zstd test fixtures" errors="0" failures="0" skipped="6" timestamp="2026-01-22T16:22:19" time="0.025" tests="6">
    <testcase classname="snyk container zstd test fixtures docker archive (gzip compression) should scan docker archive successfully (docker archives use gzip)" name="snyk container zstd test fixtures docker archive (gzip compression) should scan docker archive successfully (docker archives use gzip)" time="0">
      <skipped/>
    </testcase>
    <testcase classname="snyk container zstd test fixtures docker archive (gzip compression) should extract dependencies from docker archive" name="snyk container zstd test fixtures docker archive (gzip compression) should extract dependencies from docker archive" time="0">
      <skipped/>
    </testcase>
    <testcase classname="snyk container zstd test fixtures docker archive (gzip compression) should handle depgraph command for docker archive" name="snyk container zstd test fixtures docker archive (gzip compression) should handle depgraph command for docker archive" time="0">
      <skipped/>
    </testcase>
    <testcase classname="snyk container zstd test fixtures oci archives with different compression should handle both zstd and gzip compressed OCI archives correctly" name="snyk container zstd test fixtures oci archives with different compression should handle both zstd and gzip compressed OCI archives correctly" time="0">
      <skipped/>
    </testcase>
    <testcase classname="snyk container zstd test fixtures zstd compressed oci archive should scan OCI archive with zstd compression" name="snyk container zstd test fixtures zstd compressed oci archive should scan OCI archive with zstd compression" time="0">
      <skipped/>
    </testcase>
    <testcase classname="snyk container zstd test fixtures zstd error handling should provide meaningful error for corrupted zstd data" name="snyk container zstd test fixtures zstd error handling should provide meaningful error for corrupted zstd data" time="0">
      <skipped/>
    </testcase>
  </testsuite>
  <testsuite name="test --json-file-output" errors="0" failures="0" skipped="8" timestamp="2026-01-22T16:22:19" time="0.041" tests="8">
    <testcase classname="test --json-file-output can save JSON output to file while sending human readable output to stdout" name="test --json-file-output can save JSON output to file while sending human readable output to stdout" time="0">
      <skipped/>
    </testcase>
    <testcase classname="test --json-file-output test --json-file-output produces same JSON output as normal JSON output to stdout" name="test --json-file-output test --json-file-output produces same JSON output as normal JSON output to stdout" time="0">
      <skipped/>
    </testcase>
    <testcase classname="test --json-file-output test --json-file-ouput handles responses larger than 512Mb string size limit in v8" name="test --json-file-output test --json-file-ouput handles responses larger than 512Mb string size limit in v8" time="0">
      <skipped/>
    </testcase>
    <testcase classname="test --json-file-output code test --json-file-ouput does not write an empty file if no issues are found" name="test --json-file-output code test --json-file-ouput does not write an empty file if no issues are found" time="0">
      <skipped/>
    </testcase>
    <testcase classname="test --json-file-output print-deps and json-file-output saves JSON output to file with depGraph when --print-deps and --json-file-output are being used" name="test --json-file-output print-deps and json-file-output saves JSON output to file with depGraph when --print-deps and --json-file-output are being used" time="0">
      <skipped/>
    </testcase>
    <testcase classname="test --json-file-output print-deps and json-file-output saves JSON output to file without a depGraph when --print-deps is not used" name="test --json-file-output print-deps and json-file-output saves JSON output to file without a depGraph when --print-deps is not used" time="0">
      <skipped/>
    </testcase>
    <testcase classname="test --json-file-output print-tree and json-file-output saves JSON output to file with depTree when --print-tree and --json-file-output are being used" name="test --json-file-output print-tree and json-file-output saves JSON output to file with depTree when --print-tree and --json-file-output are being used" time="0">
      <skipped/>
    </testcase>
    <testcase classname="test --json-file-output print-tree and json-file-output saves JSON output to file without a depTree when --print-tree is not used" name="test --json-file-output print-tree and json-file-output saves JSON output to file without a depTree when --print-tree is not used" time="0">
      <skipped/>
    </testcase>
  </testsuite>
  <testsuite name="snyk redteam (mocked servers only)" errors="0" failures="0" skipped="7" timestamp="2026-01-22T16:22:19" time="0.029" tests="7">
    <testcase classname="snyk redteam (mocked servers only) `redteam` generates a redteam report" name="snyk redteam (mocked servers only) `redteam` generates a redteam report" time="0">
      <skipped/>
    </testcase>
    <testcase classname="snyk redteam (mocked servers only) `redteam` fails if configuration is invalid" name="snyk redteam (mocked servers only) `redteam` fails if configuration is invalid" time="0">
      <skipped/>
    </testcase>
    <testcase classname="snyk redteam (mocked servers only) `redteam` displays a 400 error properly" name="snyk redteam (mocked servers only) `redteam` displays a 400 error properly" time="0">
      <skipped/>
    </testcase>
    <testcase classname="snyk redteam (mocked servers only) `redteam` can run a redteam scan with a scanning agent" name="snyk redteam (mocked servers only) `redteam` can run a redteam scan with a scanning agent" time="0">
      <skipped/>
    </testcase>
    <testcase classname="snyk redteam (mocked servers only) `redteam scanning-agent` can list scanning agents" name="snyk redteam (mocked servers only) `redteam scanning-agent` can list scanning agents" time="0">
      <skipped/>
    </testcase>
    <testcase classname="snyk redteam (mocked servers only) `redteam` can add scanning agents" name="snyk redteam (mocked servers only) `redteam` can add scanning agents" time="0">
      <skipped/>
    </testcase>
    <testcase classname="snyk redteam (mocked servers only) `redteam` can remove scanning agents" name="snyk redteam (mocked servers only) `redteam` can remove scanning agents" time="0">
      <skipped/>
    </testcase>
  </testsuite>
  <testsuite name="`test` command with `--print-effective-graph-with-errors` option" errors="0" failures="0" skipped="3" timestamp="2026-01-22T16:22:19" time="0.035" tests="3">
    <testcase classname="`test` command with `--print-effective-graph-with-errors` option works for project with no deps" name="`test` command with `--print-effective-graph-with-errors` option works for project with no deps" time="0">
      <skipped/>
    </testcase>
    <testcase classname="`test` command with `--print-effective-graph-with-errors` option successfully outputs dep graph for single project success" name="`test` command with `--print-effective-graph-with-errors` option successfully outputs dep graph for single project success" time="0">
      <skipped/>
    </testcase>
    <testcase classname="`test` command with `--print-effective-graph-with-errors` option outputs both error JSON and dep graphs for mixed success/failure with --all-projects" name="`test` command with `--print-effective-graph-with-errors` option outputs both error JSON and dep graphs for mixed success/failure with --all-projects" time="0">
      <skipped/>
    </testcase>
  </testsuite>
  <testsuite name="CloudFormation single file scan" errors="0" failures="0" skipped="12" timestamp="2026-01-22T16:22:19" time="0.062" tests="12">
    <testcase classname="CloudFormation single file scan finds issues in CloudFormation YAML file" name="CloudFormation single file scan finds issues in CloudFormation YAML file" time="0">
      <skipped/>
    </testcase>
    <testcase classname="CloudFormation single file scan finds issues in CloudFormation JSON file" name="CloudFormation single file scan finds issues in CloudFormation JSON file" time="0">
      <skipped/>
    </testcase>
    <testcase classname="CloudFormation single file scan filters out issues when using severity threshold" name="CloudFormation single file scan filters out issues when using severity threshold" time="0">
      <skipped/>
    </testcase>
    <testcase classname="CloudFormation single file scan outputs an error for files with no valid YAML" name="CloudFormation single file scan outputs an error for files with no valid YAML" time="0">
      <skipped/>
    </testcase>
    <testcase classname="CloudFormation single file scan outputs the expected text when running with --sarif flag" name="CloudFormation single file scan outputs the expected text when running with --sarif flag" time="0">
      <skipped/>
    </testcase>
    <testcase classname="CloudFormation single file scan outputs the expected text when running with --json flag" name="CloudFormation single file scan outputs the expected text when running with --json flag" time="0">
      <skipped/>
    </testcase>
    <testcase classname="CloudFormation single file scan for IaCV2 finds issues in CloudFormation YAML file" name="CloudFormation single file scan for IaCV2 finds issues in CloudFormation YAML file" time="0">
      <skipped/>
    </testcase>
    <testcase classname="CloudFormation single file scan for IaCV2 finds issues in CloudFormation JSON file" name="CloudFormation single file scan for IaCV2 finds issues in CloudFormation JSON file" time="0">
      <skipped/>
    </testcase>
    <testcase classname="CloudFormation single file scan for IaCV2 filters out issues when using severity threshold" name="CloudFormation single file scan for IaCV2 filters out issues when using severity threshold" time="0">
      <skipped/>
    </testcase>
    <testcase classname="CloudFormation single file scan for IaCV2 outputs an error for files with no valid YAML" name="CloudFormation single file scan for IaCV2 outputs an error for files with no valid YAML" time="0">
      <skipped/>
    </testcase>
    <testcase classname="CloudFormation single file scan for IaCV2 outputs the expected text when running with --sarif flag" name="CloudFormation single file scan for IaCV2 outputs the expected text when running with --sarif flag" time="0">
      <skipped/>
    </testcase>
    <testcase classname="CloudFormation single file scan for IaCV2 outputs the expected text when running with --json flag" name="CloudFormation single file scan for IaCV2 outputs the expected text when running with --json flag" time="0">
      <skipped/>
    </testcase>
  </testsuite>
  <testsuite name="snyk code test" errors="0" failures="0" skipped="5" timestamp="2026-01-22T16:22:19" time="0.038" tests="5">
    <testcase classname="snyk code test prints help info" name="snyk code test prints help info" time="0">
      <skipped/>
    </testcase>
    <testcase classname="snyk code test integration typescript workflow should show error if sast is not enabled" name="snyk code test integration typescript workflow should show error if sast is not enabled" time="0">
      <skipped/>
    </testcase>
    <testcase classname="snyk code test integration typescript workflow should support the SNYK_CODE_CLIENT_PROXY_URL env var" name="snyk code test integration typescript workflow should support the SNYK_CODE_CLIENT_PROXY_URL env var" time="0">
      <skipped/>
    </testcase>
    <testcase classname="snyk code test integration typescript workflow use remote LCE URL as base when LCE is enabled" name="snyk code test integration typescript workflow use remote LCE URL as base when LCE is enabled" time="0">
      <skipped/>
    </testcase>
    <testcase classname="snyk code test integration golang/native workflow should show error if sast is not enabled" name="snyk code test integration golang/native workflow should show error if sast is not enabled" time="0">
      <skipped/>
    </testcase>
  </testsuite>
  <testsuite name="snyk sbom (mocked server only)" errors="0" failures="0" skipped="7" timestamp="2026-01-22T16:22:19" time="0.032" tests="7">
    <testcase classname="snyk sbom (mocked server only) `sbom` generates an SBOM for a single project - CycloneDX 1.4" name="snyk sbom (mocked server only) `sbom` generates an SBOM for a single project - CycloneDX 1.4" time="0">
      <skipped/>
    </testcase>
    <testcase classname="snyk sbom (mocked server only) `sbom` includes a tool name in the document - CycloneDX 1.4" name="snyk sbom (mocked server only) `sbom` includes a tool name in the document - CycloneDX 1.4" time="0">
      <skipped/>
    </testcase>
    <testcase classname="snyk sbom (mocked server only) `sbom` is written to a file - CycloneDX 1.4" name="snyk sbom (mocked server only) `sbom` is written to a file - CycloneDX 1.4" time="0">
      <skipped/>
    </testcase>
    <testcase classname="snyk sbom (mocked server only) `sbom` generates an SBOM for a single project - CycloneDX 1.5" name="snyk sbom (mocked server only) `sbom` generates an SBOM for a single project - CycloneDX 1.5" time="0">
      <skipped/>
    </testcase>
    <testcase classname="snyk sbom (mocked server only) `sbom` includes a tool name in the document - CycloneDX 1.5" name="snyk sbom (mocked server only) `sbom` includes a tool name in the document - CycloneDX 1.5" time="0">
      <skipped/>
    </testcase>
    <testcase classname="snyk sbom (mocked server only) `sbom` generates an SBOM for a single project - CycloneDX 1.6" name="snyk sbom (mocked server only) `sbom` generates an SBOM for a single project - CycloneDX 1.6" time="0">
      <skipped/>
    </testcase>
    <testcase classname="snyk sbom (mocked server only) `sbom` retains the exit error code of the underlying SCA process" name="snyk sbom (mocked server only) `sbom` retains the exit error code of the underlying SCA process" time="0">
      <skipped/>
    </testcase>
  </testsuite>
  <testsuite name="snyk sbom test" errors="0" failures="0" skipped="7" timestamp="2026-01-22T16:22:19" time="0.025" tests="7">
    <testcase classname="snyk sbom test basic functionality should display human-readable output with test summary" name="snyk sbom test basic functionality should display human-readable output with test summary" time="0">
      <skipped/>
    </testcase>
    <testcase classname="snyk sbom test basic functionality should display human-readable output with test summary with experimental flag backwards compatibility" name="snyk sbom test basic functionality should display human-readable output with test summary with experimental flag backwards compatibility" time="0">
      <skipped/>
    </testcase>
    <testcase classname="snyk sbom test basic functionality should output valid JSON with vulnerability data" name="snyk sbom test basic functionality should output valid JSON with vulnerability data" time="0">
      <skipped/>
    </testcase>
    <testcase classname="snyk sbom test basic functionality should show error when --file flag is missing" name="snyk sbom test basic functionality should show error when --file flag is missing" time="0">
      <skipped/>
    </testcase>
    <testcase classname="snyk sbom test with reachability should display human-readable output with test summary" name="snyk sbom test with reachability should display human-readable output with test summary" time="0">
      <skipped/>
    </testcase>
    <testcase classname="snyk sbom test with reachability should emit valid json output with filtering only reachable vulnerabilities" name="snyk sbom test with reachability should emit valid json output with filtering only reachable vulnerabilities" time="0">
      <skipped/>
    </testcase>
    <testcase classname="snyk sbom test with reachability should output valid JSON with reachability data" name="snyk sbom test with reachability should output valid JSON with reachability data" time="0">
      <skipped/>
    </testcase>
  </testsuite>
  <testsuite name="`test` command with `--print-graph` option" errors="0" failures="0" skipped="3" timestamp="2026-01-22T16:22:19" time="0.031" tests="3">
    <testcase classname="`test` command with `--print-graph` option works for project with no deps" name="`test` command with `--print-graph` option works for project with no deps" time="0">
      <skipped/>
    </testcase>
    <testcase classname="`test` command with `--print-graph` option works for project with dep" name="`test` command with `--print-graph` option works for project with dep" time="0">
      <skipped/>
    </testcase>
    <testcase classname="`test` command with `--print-graph` option works with `--all-projects`" name="`test` command with `--print-graph` option works with `--all-projects`" time="0">
      <skipped/>
    </testcase>
  </testsuite>
  <testsuite name="Kubernetes single file scan" errors="0" failures="0" skipped="11" timestamp="2026-01-22T16:22:19" time="0.062" tests="11">
    <testcase classname="Kubernetes single file scan finds issues in Kubernetes JSON file" name="Kubernetes single file scan finds issues in Kubernetes JSON file" time="0">
      <skipped/>
    </testcase>
    <testcase classname="Kubernetes single file scan filters out issues when using severity threshold" name="Kubernetes single file scan filters out issues when using severity threshold" time="0">
      <skipped/>
    </testcase>
    <testcase classname="Kubernetes single file scan outputs an error for files with no valid YAML" name="Kubernetes single file scan outputs an error for files with no valid YAML" time="0">
      <skipped/>
    </testcase>
    <testcase classname="Kubernetes single file scan outputs the expected text when running with --sarif flag" name="Kubernetes single file scan outputs the expected text when running with --sarif flag" time="0">
      <skipped/>
    </testcase>
    <testcase classname="Kubernetes single file scan outputs the expected text when running with --json flag" name="Kubernetes single file scan outputs the expected text when running with --json flag" time="0">
      <skipped/>
    </testcase>
    <testcase classname="Kubernetes single file scan outputs an error for Helm files" name="Kubernetes single file scan outputs an error for Helm files" time="0">
      <skipped/>
    </testcase>
    <testcase classname="Kubernetes single file scan for IaCV2 finds issues in Kubernetes JSON file" name="Kubernetes single file scan for IaCV2 finds issues in Kubernetes JSON file" time="0">
      <skipped/>
    </testcase>
    <testcase classname="Kubernetes single file scan for IaCV2 filters out issues when using severity threshold" name="Kubernetes single file scan for IaCV2 filters out issues when using severity threshold" time="0">
      <skipped/>
    </testcase>
    <testcase classname="Kubernetes single file scan for IaCV2 outputs the expected text when running with --sarif flag" name="Kubernetes single file scan for IaCV2 outputs the expected text when running with --sarif flag" time="0">
      <skipped/>
    </testcase>
    <testcase classname="Kubernetes single file scan for IaCV2 outputs the expected text when running with --json flag" name="Kubernetes single file scan for IaCV2 outputs the expected text when running with --json flag" time="0">
      <skipped/>
    </testcase>
    <testcase classname="Kubernetes single file scan for IaCV2 outputs an error for Helm files" name="Kubernetes single file scan for IaCV2 outputs an error for Helm files" time="0">
      <skipped/>
    </testcase>
  </testsuite>
  <testsuite name="https" errors="0" failures="0" skipped="5" timestamp="2026-01-22T16:22:19" time="0.035" tests="5">
    <testcase classname="https invalid certificate rejects connections" name="https invalid certificate rejects connections" time="0">
      <skipped/>
    </testcase>
    <testcase classname="https invalid certificate accepts connections using --insecure" name="https invalid certificate accepts connections using --insecure" time="0">
      <skipped/>
    </testcase>
    <testcase classname="network retries respects max attempts" name="network retries respects max attempts" time="0">
      <skipped/>
    </testcase>
    <testcase classname="network retries maintenance error [SNYK-0099] does not attempt any retries" name="network retries maintenance error [SNYK-0099] does not attempt any retries" time="0">
      <skipped/>
    </testcase>
    <testcase classname="network retries maintenance error [SNYK-0099] returns correct exit code" name="network retries maintenance error [SNYK-0099] returns correct exit code" time="0">
      <skipped/>
    </testcase>
  </testsuite>
  <testsuite name="snyk sbom: maven options (mocked server only)" errors="0" failures="0" skipped="8" timestamp="2026-01-22T16:22:19" time="0.032" tests="8">
    <testcase classname="snyk sbom: maven options (mocked server only) `sbom --maven-aggregate-project` generates an SBOM for the multi-module maven project" name="snyk sbom: maven options (mocked server only) `sbom --maven-aggregate-project` generates an SBOM for the multi-module maven project" time="0">
      <skipped/>
    </testcase>
    <testcase classname="snyk sbom: maven options (mocked server only) `sbom --file` generates an SBOM without pruning" name="snyk sbom: maven options (mocked server only) `sbom --file` generates an SBOM without pruning" time="0">
      <skipped/>
    </testcase>
    <testcase classname="snyk sbom: maven options (mocked server only) `sbom --file` generates an SBOM without pruning with enableMavenDverboseExhaustiveDeps enabled" name="snyk sbom: maven options (mocked server only) `sbom --file` generates an SBOM without pruning with enableMavenDverboseExhaustiveDeps enabled" time="0">
      <skipped/>
    </testcase>
    <testcase classname="snyk sbom: maven options (mocked server only) `sbom --include-provenance` flag is accepted and passed through" name="snyk sbom: maven options (mocked server only) `sbom --include-provenance` flag is accepted and passed through" time="0">
      <skipped/>
    </testcase>
    <testcase classname="snyk sbom: maven options (mocked server only) `sbom --scan-unmanaged --file=&lt;NAME&gt;` fails to generate an SBOM for user defined JAR file" name="snyk sbom: maven options (mocked server only) `sbom --scan-unmanaged --file=&lt;NAME&gt;` fails to generate an SBOM for user defined JAR file" time="0">
      <skipped/>
    </testcase>
    <testcase classname="snyk sbom: maven options (mocked server only) `sbom --scan-unmanaged --file=&lt;NAME&gt;` generates an SBOM for the specific JAR file" name="snyk sbom: maven options (mocked server only) `sbom --scan-unmanaged --file=&lt;NAME&gt;` generates an SBOM for the specific JAR file" time="0">
      <skipped/>
    </testcase>
    <testcase classname="snyk sbom: maven options (mocked server only) `sbom --scan-all-unmanaged` generates an SBOM for all the available JARs" name="snyk sbom: maven options (mocked server only) `sbom --scan-all-unmanaged` generates an SBOM for all the available JARs" time="0">
      <skipped/>
    </testcase>
    <testcase classname="snyk sbom: maven options (mocked server only) `sbom using double dash (--) to specify a settings.xml for the underlying maven command" name="snyk sbom: maven options (mocked server only) `sbom using double dash (--) to specify a settings.xml for the underlying maven command" time="0">
      <skipped/>
    </testcase>
  </testsuite>
  <testsuite name="analytics module" errors="0" failures="0" skipped="4" timestamp="2026-01-22T16:22:19" time="0.033" tests="4">
    <testcase classname="analytics module detects upgradable protect paths with `snyk test` with upgradable path in the cwd" name="analytics module detects upgradable protect paths with `snyk test` with upgradable path in the cwd" time="0">
      <skipped/>
    </testcase>
    <testcase classname="analytics module detects upgradable protect paths with `snyk test` using `--file=`" name="analytics module detects upgradable protect paths with `snyk test` using `--file=`" time="0">
      <skipped/>
    </testcase>
    <testcase classname="analytics module detects upgradable protect paths with `snyk test` using paths as positional args" name="analytics module detects upgradable protect paths with `snyk test` using paths as positional args" time="0">
      <skipped/>
    </testcase>
    <testcase classname="analytics module detects no upgradable protect paths with `snyk test` with no upgradable paths in the cwd" name="analytics module detects no upgradable protect paths with `snyk test` with no upgradable paths in the cwd" time="0">
      <skipped/>
    </testcase>
  </testsuite>
  <testsuite name="cli token precedence" errors="0" failures="0" skipped="11" timestamp="2026-01-22T16:22:19" time="0.033" tests="11">
    <testcase classname="cli token precedence when snykAPI is set in config should use snykAPI auth type set in config" name="cli token precedence when snykAPI is set in config should use snykAPI auth type set in config" time="0">
      <skipped/>
    </testcase>
    <testcase classname="cli token precedence when snykAPI is set in config when env vars are set SNYK_OAUTH_TOKEN should override config" name="cli token precedence when snykAPI is set in config when env vars are set SNYK_OAUTH_TOKEN should override config" time="0">
      <skipped/>
    </testcase>
    <testcase classname="cli token precedence when snykAPI is set in config when env vars are set SNYK_DOCKER_TOKEN should override config" name="cli token precedence when snykAPI is set in config when env vars are set SNYK_DOCKER_TOKEN should override config" time="0">
      <skipped/>
    </testcase>
    <testcase classname="cli token precedence when snykAPI is set in config when env vars are set SNYK_TOKEN should override config" name="cli token precedence when snykAPI is set in config when env vars are set SNYK_TOKEN should override config" time="0">
      <skipped/>
    </testcase>
    <testcase classname="cli token precedence when snykAPI is set in config when token env vars are set SNYK_TOKEN should override config" name="cli token precedence when snykAPI is set in config when token env vars are set SNYK_TOKEN should override config" time="0">
      <skipped/>
    </testcase>
    <testcase classname="cli token precedence when snykAPI is set in config when token env vars are set SNYK_CFG_API should override config" name="cli token precedence when snykAPI is set in config when token env vars are set SNYK_CFG_API should override config" time="0">
      <skipped/>
    </testcase>
    <testcase classname="cli token precedence when snykOAuth is set in config should use snykOAuth auth type set in config" name="cli token precedence when snykOAuth is set in config should use snykOAuth auth type set in config" time="0">
      <skipped/>
    </testcase>
    <testcase classname="cli token precedence when snykOAuth is set in config when env vars are set SNYK_OAUTH_TOKEN should override config" name="cli token precedence when snykOAuth is set in config when env vars are set SNYK_OAUTH_TOKEN should override config" time="0">
      <skipped/>
    </testcase>
    <testcase classname="cli token precedence when snykOAuth is set in config when env vars are set SNYK_DOCKER_TOKEN should override config" name="cli token precedence when snykOAuth is set in config when env vars are set SNYK_DOCKER_TOKEN should override config" time="0">
      <skipped/>
    </testcase>
    <testcase classname="cli token precedence when snykOAuth is set in config when env vars are set SNYK_TOKEN should override config" name="cli token precedence when snykOAuth is set in config when env vars are set SNYK_TOKEN should override config" time="0">
      <skipped/>
    </testcase>
    <testcase classname="cli token precedence when snykOAuth is set in config when INTERNAL_OAUTH_TOKEN_STORAGE env var is set SNYK_OAUTH_TOKEN should NOT override other env var" name="cli token precedence when snykOAuth is set in config when INTERNAL_OAUTH_TOKEN_STORAGE env var is set SNYK_OAUTH_TOKEN should NOT override other env var" time="0">
      <skipped/>
    </testcase>
  </testsuite>
  <testsuite name="`test` command with `--print-effective-graph` option" errors="0" failures="0" skipped="3" timestamp="2026-01-22T16:22:19" time="0.034" tests="3">
    <testcase classname="`test` command with `--print-effective-graph` option works for project with no deps" name="`test` command with `--print-effective-graph` option works for project with no deps" time="0">
      <skipped/>
    </testcase>
    <testcase classname="`test` command with `--print-effective-graph` option works for project with dep" name="`test` command with `--print-effective-graph` option works for project with dep" time="0">
      <skipped/>
    </testcase>
    <testcase classname="`test` command with `--print-effective-graph` option works with `--all-projects`" name="`test` command with `--print-effective-graph` option works with `--all-projects`" time="0">
      <skipped/>
    </testcase>
  </testsuite>
  <testsuite name="ARM single file scan" errors="0" failures="0" skipped="10" timestamp="2026-01-22T16:22:19" time="0.061" tests="10">
    <testcase classname="ARM single file scan finds issues in ARM JSON file" name="ARM single file scan finds issues in ARM JSON file" time="0">
      <skipped/>
    </testcase>
    <testcase classname="ARM single file scan filters out issues when using severity threshold" name="ARM single file scan filters out issues when using severity threshold" time="0">
      <skipped/>
    </testcase>
    <testcase classname="ARM single file scan outputs an error for files with no valid JSON" name="ARM single file scan outputs an error for files with no valid JSON" time="0">
      <skipped/>
    </testcase>
    <testcase classname="ARM single file scan outputs the expected text when running with --sarif flag" name="ARM single file scan outputs the expected text when running with --sarif flag" time="0">
      <skipped/>
    </testcase>
    <testcase classname="ARM single file scan outputs the expected text when running with --json flag" name="ARM single file scan outputs the expected text when running with --json flag" time="0">
      <skipped/>
    </testcase>
    <testcase classname="ARM single file scan for IaCV2 finds issues in ARM JSON file" name="ARM single file scan for IaCV2 finds issues in ARM JSON file" time="0">
      <skipped/>
    </testcase>
    <testcase classname="ARM single file scan for IaCV2 filters out issues when using severity threshold" name="ARM single file scan for IaCV2 filters out issues when using severity threshold" time="0">
      <skipped/>
    </testcase>
    <testcase classname="ARM single file scan for IaCV2 outputs an error for files with no valid JSON" name="ARM single file scan for IaCV2 outputs an error for files with no valid JSON" time="0">
      <skipped/>
    </testcase>
    <testcase classname="ARM single file scan for IaCV2 outputs the expected text when running with --sarif flag" name="ARM single file scan for IaCV2 outputs the expected text when running with --sarif flag" time="0">
      <skipped/>
    </testcase>
    <testcase classname="ARM single file scan for IaCV2 outputs the expected text when running with --json flag" name="ARM single file scan for IaCV2 outputs the expected text when running with --json flag" time="0">
      <skipped/>
    </testcase>
  </testsuite>
  <testsuite name="snyk sbom: gradle options (mocked server only)" errors="0" failures="0" skipped="6" timestamp="2026-01-22T16:22:19" time="0.032" tests="6">
    <testcase classname="snyk sbom: gradle options (mocked server only) `sbom --sub-project=&lt;NAME&gt;` generates an SBOM for selected sub-project" name="snyk sbom: gradle options (mocked server only) `sbom --sub-project=&lt;NAME&gt;` generates an SBOM for selected sub-project" time="0">
      <skipped/>
    </testcase>
    <testcase classname="snyk sbom: gradle options (mocked server only) `sbom --gradle-sub-project=&lt;NAME&gt;` generates an SBOM for selected sub-project" name="snyk sbom: gradle options (mocked server only) `sbom --gradle-sub-project=&lt;NAME&gt;` generates an SBOM for selected sub-project" time="0">
      <skipped/>
    </testcase>
    <testcase classname="snyk sbom: gradle options (mocked server only) `sbom --all-sub-projects` generates an SBOM for all sub-projects" name="snyk sbom: gradle options (mocked server only) `sbom --all-sub-projects` generates an SBOM for all sub-projects" time="0">
      <skipped/>
    </testcase>
    <testcase classname="snyk sbom: gradle options (mocked server only) `sbom --configuration-matching=&lt;CONFIGURATION_REGEX&gt;` generates an SBOM only for matching configuration" name="snyk sbom: gradle options (mocked server only) `sbom --configuration-matching=&lt;CONFIGURATION_REGEX&gt;` generates an SBOM only for matching configuration" time="0">
      <skipped/>
    </testcase>
    <testcase classname="snyk sbom: gradle options (mocked server only) `sbom --configuration-attributes=&lt;ATTRIBUTE&gt;[,&lt;ATTRIBUTE&gt;]...` generates an SBOM only for matching variant" name="snyk sbom: gradle options (mocked server only) `sbom --configuration-attributes=&lt;ATTRIBUTE&gt;[,&lt;ATTRIBUTE&gt;]...` generates an SBOM only for matching variant" time="0">
      <skipped/>
    </testcase>
    <testcase classname="snyk sbom: gradle options (mocked server only) `sbom --init-script=&lt;FILE&gt;` applies given init script" name="snyk sbom: gradle options (mocked server only) `sbom --init-script=&lt;FILE&gt;` applies given init script" time="0">
      <skipped/>
    </testcase>
  </testsuite>
  <testsuite name="snyk fix" errors="0" failures="0" skipped="7" timestamp="2026-01-22T16:22:19" time="0.032" tests="7">
    <testcase classname="snyk fix succeeds when there are no vulns to fix" name="snyk fix succeeds when there are no vulns to fix" time="0">
      <skipped/>
    </testcase>
    <testcase classname="snyk fix fails when FF is not enabled" name="snyk fix fails when FF is not enabled" time="0">
      <skipped/>
    </testcase>
    <testcase classname="snyk fix fails when called with --unmanaged" name="snyk fix fails when called with --unmanaged" time="0">
      <skipped/>
    </testcase>
    <testcase classname="snyk fix fails when called with --docker (deprecated)" name="snyk fix fails when called with --docker (deprecated)" time="0">
      <skipped/>
    </testcase>
    <testcase classname="snyk fix fails when called with --code" name="snyk fix fails when called with --code" time="0">
      <skipped/>
    </testcase>
    <testcase classname="snyk fix fails when api requests fail" name="snyk fix fails when api requests fail" time="0">
      <skipped/>
    </testcase>
    <testcase classname="snyk fix runs successfully on a pipenv project" name="snyk fix runs successfully on a pipenv project" time="0">
      <skipped/>
    </testcase>
  </testsuite>
  <testsuite name="iac test --rules" errors="0" failures="0" skipped="10" timestamp="2026-01-22T16:22:19" time="0.029" tests="10">
    <testcase classname="iac test --rules scans local custom rules provided via the --rules flag" name="iac test --rules scans local custom rules provided via the --rules flag" time="0">
      <skipped/>
    </testcase>
    <testcase classname="iac test --rules does not show custom rules message if it scans local custom rules and uses --json flag" name="iac test --rules does not show custom rules message if it scans local custom rules and uses --json flag" time="0">
      <skipped/>
    </testcase>
    <testcase classname="iac test --rules presents an error message when the local rules cannot be found" name="iac test --rules presents an error message when the local rules cannot be found" time="0">
      <skipped/>
    </testcase>
    <testcase classname="iac test --rules presents an error message when the user is not entitled to custom-rules" name="iac test --rules presents an error message when the user is not entitled to custom-rules" time="0">
      <skipped/>
    </testcase>
    <testcase classname="iac test --rules when used with the --report flag should resolve successfully" name="iac test --rules when used with the --report flag should resolve successfully" time="0">
      <skipped/>
    </testcase>
    <testcase classname="iac test --rules when used with the --report flag should display a message informing of the application of custom rules" name="iac test --rules when used with the --report flag should display a message informing of the application of custom rules" time="0">
      <skipped/>
    </testcase>
    <testcase classname="iac test --rules when used with the --report flag should display a warning message for custom rules not being available on the platform if iacShareCliResultsCustomRules feature flag is not enabled" name="iac test --rules when used with the --report flag should display a warning message for custom rules not being available on the platform if iacShareCliResultsCustomRules feature flag is not enabled" time="0">
      <skipped/>
    </testcase>
    <testcase classname="iac test --rules when used with the --report flag should not display a warning message for custom rules not being available on the platform if iacShareCliResultsCustomRules feature flag is enabled" name="iac test --rules when used with the --report flag should not display a warning message for custom rules not being available on the platform if iacShareCliResultsCustomRules feature flag is enabled" time="0">
      <skipped/>
    </testcase>
    <testcase classname="iac test --rules when used with the --report flag when the --json flag is provided should not display the warning message for the custom rules not being available on the platform" name="iac test --rules when used with the --report flag when the --json flag is provided should not display the warning message for the custom rules not being available on the platform" time="0">
      <skipped/>
    </testcase>
    <testcase classname="iac test --rules when used with the --report flag when the --sarif flag is provided should not display the warning message for the custom rules not being available on the platform" name="iac test --rules when used with the --report flag when the --sarif flag is provided should not display the warning message for the custom rules not being available on the platform" time="0">
      <skipped/>
    </testcase>
  </testsuite>
  <testsuite name="Terraform plan scanning" errors="0" failures="0" skipped="9" timestamp="2026-01-22T16:22:19" time="0.029" tests="9">
    <testcase classname="Terraform plan scanning finds issues in a Terraform plan file" name="Terraform plan scanning finds issues in a Terraform plan file" time="0">
      <skipped/>
    </testcase>
    <testcase classname="Terraform plan scanning finds issues in a Terraform plan file - explicit delta scan with flag" name="Terraform plan scanning finds issues in a Terraform plan file - explicit delta scan with flag" time="0">
      <skipped/>
    </testcase>
    <testcase classname="Terraform plan scanning errors when a wrong value is passed to the --scan flag" name="Terraform plan scanning errors when a wrong value is passed to the --scan flag" time="0">
      <skipped/>
    </testcase>
    <testcase classname="Terraform plan scanning errors when no value is provided to the --scan flag" name="Terraform plan scanning errors when no value is provided to the --scan flag" time="0">
      <skipped/>
    </testcase>
    <testcase classname="Terraform plan scanning succesfully scans a TF-Plan with the --json output flag" name="Terraform plan scanning succesfully scans a TF-Plan with the --json output flag" time="0">
      <skipped/>
    </testcase>
    <testcase classname="Terraform plan scanning for IaCV2 finds issues in a Terraform plan file" name="Terraform plan scanning for IaCV2 finds issues in a Terraform plan file" time="0">
      <skipped/>
    </testcase>
    <testcase classname="Terraform plan scanning for IaCV2 finds issues in a Terraform plan file - explicit delta scan with flag" name="Terraform plan scanning for IaCV2 finds issues in a Terraform plan file - explicit delta scan with flag" time="0">
      <skipped/>
    </testcase>
    <testcase classname="Terraform plan scanning for IaCV2 errors when a wrong value is passed to the --scan flag" name="Terraform plan scanning for IaCV2 errors when a wrong value is passed to the --scan flag" time="0">
      <skipped/>
    </testcase>
    <testcase classname="Terraform plan scanning for IaCV2 succesfully scans a TF-Plan with the --json output flag" name="Terraform plan scanning for IaCV2 succesfully scans a TF-Plan with the --json output flag" time="0">
      <skipped/>
    </testcase>
  </testsuite>
  <testsuite name="print graph" errors="0" failures="0" skipped="6" timestamp="2026-01-22T16:22:19" time="0.025" tests="6">
    <testcase classname="print graph `snyk test --print-graph` should print a project&apos;s dep-graph" name="print graph `snyk test --print-graph` should print a project&apos;s dep-graph" time="0">
      <skipped/>
    </testcase>
    <testcase classname="print graph `snyk test --print-graph` should not prune maven dependencies" name="print graph `snyk test --print-graph` should not prune maven dependencies" time="0">
      <skipped/>
    </testcase>
    <testcase classname="print graph `snyk test --print-graph` should not prune gradle dependencies" name="print graph `snyk test --print-graph` should not prune gradle dependencies" time="0">
      <skipped/>
    </testcase>
    <testcase classname="print graph `snyk test --print-graph` resolves Maven metaversions" name="print graph `snyk test --print-graph` resolves Maven metaversions" time="0">
      <skipped/>
    </testcase>
    <testcase classname="print graph `snyk test --print-graph --include-provenance` includes purl in package info for Maven projects" name="print graph `snyk test --print-graph --include-provenance` includes purl in package info for Maven projects" time="0">
      <skipped/>
    </testcase>
    <testcase classname="print graph `snyk test --print-graph --all-projects` should not prune dependencies" name="print graph `snyk test --print-graph --all-projects` should not prune dependencies" time="0">
      <skipped/>
    </testcase>
  </testsuite>
  <testsuite name="`snyk test` of python projects with OS specific dependencies" errors="0" failures="0" skipped="3" timestamp="2026-01-22T16:22:19" time="0.032" tests="3">
    <testcase classname="`snyk test` of python projects with OS specific dependencies run `snyk test` on python project $fixture on the corresponding platform" name="`snyk test` of python projects with OS specific dependencies run `snyk test` on python project $fixture on the corresponding platform" time="0">
      <skipped/>
    </testcase>
    <testcase classname="`snyk test` of python projects with OS specific dependencies run `snyk test` on python project with SNYK_TMP_PATH set to valid directory" name="`snyk test` of python projects with OS specific dependencies run `snyk test` on python project with SNYK_TMP_PATH set to valid directory" time="0">
      <skipped/>
    </testcase>
    <testcase classname="`snyk test` of python projects with OS specific dependencies run `snyk test` on python project with SNYK_TMP_PATH set to invalid directory" name="`snyk test` of python projects with OS specific dependencies run `snyk test` on python project with SNYK_TMP_PATH set to invalid directory" time="0">
      <skipped/>
    </testcase>
  </testsuite>
  <testsuite name="unmanaged test" errors="0" failures="0" skipped="4" timestamp="2026-01-22T16:22:19" time="0.032" tests="4">
    <testcase classname="unmanaged test unmanaged issues returned by the backend" name="unmanaged test unmanaged issues returned by the backend" time="0">
      <skipped/>
    </testcase>
    <testcase classname="unmanaged test unmanaged issues ignored when .snyk exists" name="unmanaged test unmanaged issues ignored when .snyk exists" time="0">
      <skipped/>
    </testcase>
    <testcase classname="unmanaged test unmanaged JSON output includes unmanaged issues returned by the backend" name="unmanaged test unmanaged JSON output includes unmanaged issues returned by the backend" time="0">
      <skipped/>
    </testcase>
    <testcase classname="unmanaged test unmanaged JSON output includes ignored issues when .snyk exists" name="unmanaged test unmanaged JSON output includes ignored issues when .snyk exists" time="0">
      <skipped/>
    </testcase>
  </testsuite>
  <testsuite name="iac test JSON output" errors="0" failures="0" skipped="7" timestamp="2026-01-22T16:22:19" time="0.085" tests="7">
    <testcase classname="iac test JSON output should not show an initial message" name="iac test JSON output should not show an initial message" time="0">
      <skipped/>
    </testcase>
    <testcase classname="iac test JSON output should not show spinner messages" name="iac test JSON output should not show spinner messages" time="0">
      <skipped/>
    </testcase>
    <testcase classname="iac test JSON output with a single file when the test is successful should output a result in the correct schema" name="iac test JSON output with a single file when the test is successful should output a result in the correct schema" time="0">
      <skipped/>
    </testcase>
    <testcase classname="iac test JSON output with a single file when the test fails should output an error in the correct schema" name="iac test JSON output with a single file when the test fails should output an error in the correct schema" time="0">
      <skipped/>
    </testcase>
    <testcase classname="iac test JSON output with multiple files with some successful tests should output results in the correct schema" name="iac test JSON output with multiple files with some successful tests should output results in the correct schema" time="0">
      <skipped/>
    </testcase>
    <testcase classname="iac test JSON output with multiple files with some successful tests with multiple paths should return valid output" name="iac test JSON output with multiple files with some successful tests with multiple paths should return valid output" time="0">
      <skipped/>
    </testcase>
    <testcase classname="iac test JSON output with multiple files with only failing tests should output errors in the correct schema" name="iac test JSON output with multiple files with only failing tests should output errors in the correct schema" time="0">
      <skipped/>
    </testcase>
  </testsuite>
  <testsuite name="`snyk test` with `--file=`" errors="0" failures="0" skipped="4" timestamp="2026-01-22T16:22:20" time="0.033" tests="4">
    <testcase classname="`snyk test` with `--file=` without `.snyk` file policy field is empty in payload when using relative path" name="`snyk test` with `--file=` without `.snyk` file policy field is empty in payload when using relative path" time="0">
      <skipped/>
    </testcase>
    <testcase classname="`snyk test` with `--file=` without `.snyk` file policy field is empty in payload when using absolute path" name="`snyk test` with `--file=` without `.snyk` file policy field is empty in payload when using absolute path" time="0">
      <skipped/>
    </testcase>
    <testcase classname="`snyk test` with `--file=` with `.snyk` file picks up the `.snyk` file when using relative path" name="`snyk test` with `--file=` with `.snyk` file picks up the `.snyk` file when using relative path" time="0">
      <skipped/>
    </testcase>
    <testcase classname="`snyk test` with `--file=` with `.snyk` file picks up the `.snyk` file when using absolute path" name="`snyk test` with `--file=` with `.snyk` file picks up the `.snyk` file when using absolute path" time="0">
      <skipped/>
    </testcase>
  </testsuite>
  <testsuite name="conditionally write data to disk" errors="0" failures="0" skipped="4" timestamp="2026-01-22T16:22:20" time="0.028" tests="4">
    <testcase classname="conditionally write data to disk when temp dir and threshold are set should write to temp dir if payload is bigger than threshold" name="conditionally write data to disk when temp dir and threshold are set should write to temp dir if payload is bigger than threshold" time="0">
      <skipped/>
    </testcase>
    <testcase classname="conditionally write data to disk when only threshold is set should write to default temp dir if payload is bigger than threshold" name="conditionally write data to disk when only threshold is set should write to default temp dir if payload is bigger than threshold" time="0">
      <skipped/>
    </testcase>
    <testcase classname="conditionally write data to disk when temp dir and threshold are NOT set should use 512MB as default threshold" name="conditionally write data to disk when temp dir and threshold are NOT set should use 512MB as default threshold" time="0">
      <skipped/>
    </testcase>
    <testcase classname="conditionally write data to disk when feature is disabled should keep payload memory" name="conditionally write data to disk when feature is disabled should keep payload memory" time="0">
      <skipped/>
    </testcase>
  </testsuite>
  <testsuite name="npm nested real package with top-level alias shadowing" errors="0" failures="0" skipped="1" timestamp="2026-01-22T16:22:20" time="0.032" tests="1">
    <testcase classname="npm nested real package with top-level alias shadowing resolves nested real package when top-level alias shadows the same package name" name="npm nested real package with top-level alias shadowing resolves nested real package when top-level alias shadows the same package name" time="0">
      <skipped/>
    </testcase>
  </testsuite>
  <testsuite name="snyk sbom monitor (mocked server only)" errors="0" failures="0" skipped="5" timestamp="2026-01-22T16:22:20" time="0.03" tests="5">
    <testcase classname="snyk sbom monitor (mocked server only) monitor success" name="snyk sbom monitor (mocked server only) monitor success" time="0">
      <skipped/>
    </testcase>
    <testcase classname="snyk sbom monitor (mocked server only) monitor bad SBOM" name="snyk sbom monitor (mocked server only) monitor bad SBOM" time="0">
      <skipped/>
    </testcase>
    <testcase classname="snyk sbom monitor (mocked server only) missing experimental flag" name="snyk sbom monitor (mocked server only) missing experimental flag" time="0">
      <skipped/>
    </testcase>
    <testcase classname="snyk sbom monitor (mocked server only) missing file flag" name="snyk sbom monitor (mocked server only) missing file flag" time="0">
      <skipped/>
    </testcase>
    <testcase classname="snyk sbom monitor (mocked server only) feature flag sbomMonitorBeta is disabled" name="snyk sbom monitor (mocked server only) feature flag sbomMonitorBeta is disabled" time="0">
      <skipped/>
    </testcase>
  </testsuite>
  <testsuite name="Language Server Extension" errors="0" failures="0" skipped="3" timestamp="2026-01-22T16:22:20" time="0.046" tests="3">
    <testcase classname="Language Server Extension get ls licenses" name="Language Server Extension get ls licenses" time="0">
      <skipped/>
    </testcase>
    <testcase classname="Language Server Extension get ls version" name="Language Server Extension get ls version" time="0">
      <skipped/>
    </testcase>
    <testcase classname="Language Server Extension run and wait for diagnostics" name="Language Server Extension run and wait for diagnostics" time="0">
      <skipped/>
    </testcase>
  </testsuite>
  <testsuite name="help" errors="0" failures="0" skipped="9" timestamp="2026-01-22T16:22:20" time="0.019" tests="9">
    <testcase classname="help prints help info" name="help prints help info" time="0">
      <skipped/>
    </testcase>
    <testcase classname="help extensive snyk help prints help info when called with unknown argument" name="help extensive snyk help prints help info when called with unknown argument" time="0">
      <skipped/>
    </testcase>
    <testcase classname="help extensive snyk help prints help info when called with flag and unknown argument" name="help extensive snyk help prints help info when called with flag and unknown argument" time="0">
      <skipped/>
    </testcase>
    <testcase classname="help extensive snyk help prints specific help info for container" name="help extensive snyk help prints specific help info for container" time="0">
      <skipped/>
    </testcase>
    <testcase classname="help extensive snyk help prints specific help info for iac" name="help extensive snyk help prints specific help info for iac" time="0">
      <skipped/>
    </testcase>
    <testcase classname="help extensive snyk help prints specific help info when called with flag and equals sign" name="help extensive snyk help prints specific help info when called with flag and equals sign" time="0">
      <skipped/>
    </testcase>
    <testcase classname="help extensive snyk help prints help info for argument with mode" name="help extensive snyk help prints help info for argument with mode" time="0">
      <skipped/>
    </testcase>
    <testcase classname="help extensive snyk help prints help info without ascii escape sequences has NO_COLOR set" name="help extensive snyk help prints help info without ascii escape sequences has NO_COLOR set" time="0">
      <skipped/>
    </testcase>
    <testcase classname="help extensive snyk help prints help info without ascii escape sequences is not tty" name="help extensive snyk help prints help info without ascii escape sequences is not tty" time="0">
      <skipped/>
    </testcase>
  </testsuite>
  <testsuite name="npm bundled dependencies with non-hoisted bundle owner" errors="0" failures="0" skipped="1" timestamp="2026-01-22T16:22:20" time="0.032" tests="1">
    <testcase classname="npm bundled dependencies with non-hoisted bundle owner test bundled dependencies with non-hoisted bundle owner" name="npm bundled dependencies with non-hoisted bundle owner test bundled dependencies with non-hoisted bundle owner" time="0">
      <skipped/>
    </testcase>
  </testsuite>
  <testsuite name="uv lock acceptance" errors="0" failures="0" skipped="2" timestamp="2026-01-22T16:22:20" time="0.033" tests="2">
    <testcase classname="uv lock acceptance routes uv.lock through unified test API when feature flag is enabled" name="uv lock acceptance routes uv.lock through unified test API when feature flag is enabled" time="0">
      <skipped/>
    </testcase>
    <testcase classname="uv lock acceptance does not attempt to test a uv.lock file when the uv feature flag is disabled" name="uv lock acceptance does not attempt to test a uv.lock file when the uv feature flag is disabled" time="0">
      <skipped/>
    </testcase>
  </testsuite>
  <testsuite name="snyk sbom --all-projects (mocked server only)" errors="0" failures="0" skipped="3" timestamp="2026-01-22T16:22:20" time="0.031" tests="3">
    <testcase classname="snyk sbom --all-projects (mocked server only) `sbom mono-repo-project` generates an SBOM for multiple projects" name="snyk sbom --all-projects (mocked server only) `sbom mono-repo-project` generates an SBOM for multiple projects" time="0">
      <skipped/>
    </testcase>
    <testcase classname="snyk sbom --all-projects (mocked server only) `sbom mono-repo-project-manifests-only` generates an SBOM for multiple projects" name="snyk sbom --all-projects (mocked server only) `sbom mono-repo-project-manifests-only` generates an SBOM for multiple projects" time="0">
      <skipped/>
    </testcase>
    <testcase classname="snyk sbom --all-projects (mocked server only) `sbom mono-repo-project-manifests-only` generates an SBOM for multiple projects with enableMavenDverboseExhaustiveDeps enabled" name="snyk sbom --all-projects (mocked server only) `sbom mono-repo-project-manifests-only` generates an SBOM for multiple projects with enableMavenDverboseExhaustiveDeps enabled" time="0">
      <skipped/>
    </testcase>
  </testsuite>
  <testsuite name="Extra CA certificates specified with `NODE_EXTRA_CA_CERTS`" errors="0" failures="0" skipped="3" timestamp="2026-01-22T16:22:20" time="0.028" tests="3">
    <testcase classname="Extra CA certificates specified with `NODE_EXTRA_CA_CERTS` using a not existing file" name="Extra CA certificates specified with `NODE_EXTRA_CA_CERTS` using a not existing file" time="0">
      <skipped/>
    </testcase>
    <testcase classname="Extra CA certificates specified with `NODE_EXTRA_CA_CERTS` using an invalid file" name="Extra CA certificates specified with `NODE_EXTRA_CA_CERTS` using an invalid file" time="0">
      <skipped/>
    </testcase>
    <testcase classname="Extra CA certificates specified with `NODE_EXTRA_CA_CERTS` using a valid cert file" name="Extra CA certificates specified with `NODE_EXTRA_CA_CERTS` using a valid cert file" time="0">
      <skipped/>
    </testcase>
  </testsuite>
  <testsuite name="SARIF output is schema compliant" errors="0" failures="0" skipped="12" timestamp="2026-01-22T16:22:20" time="0.025" tests="12">
    <testcase classname="SARIF output is schema compliant for Snyk Open Source" name="SARIF output is schema compliant for Snyk Open Source" time="0">
      <skipped/>
    </testcase>
    <testcase classname="SARIF output is schema compliant for Snyk Open Source (UFM)" name="SARIF output is schema compliant for Snyk Open Source (UFM)" time="0">
      <skipped/>
    </testcase>
    <testcase classname="SARIF output is schema compliant for Snyk Code (native)" name="SARIF output is schema compliant for Snyk Code (native)" time="0">
      <skipped/>
    </testcase>
    <testcase classname="SARIF output is schema compliant for Snyk Code (legacy)" name="SARIF output is schema compliant for Snyk Code (legacy)" time="0">
      <skipped/>
    </testcase>
    <testcase classname="SARIF output is schema compliant for Snyk Container" name="SARIF output is schema compliant for Snyk Container" time="0">
      <skipped/>
    </testcase>
    <testcase classname="SARIF output is schema compliant for Snyk IaC" name="SARIF output is schema compliant for Snyk IaC" time="0">
      <skipped/>
    </testcase>
    <testcase classname="SARIF output is GitHub Actions compliant has runAutomationDetails.id for Snyk Open Source" name="SARIF output is GitHub Actions compliant has runAutomationDetails.id for Snyk Open Source" time="0">
      <skipped/>
    </testcase>
    <testcase classname="SARIF output is GitHub Actions compliant has runAutomationDetails.id for Snyk Open Source (UFM)" name="SARIF output is GitHub Actions compliant has runAutomationDetails.id for Snyk Open Source (UFM)" time="0">
      <skipped/>
    </testcase>
    <testcase classname="SARIF output is GitHub Actions compliant has runAutomationDetails.id for Snyk Code (native)" name="SARIF output is GitHub Actions compliant has runAutomationDetails.id for Snyk Code (native)" time="0">
      <skipped/>
    </testcase>
    <testcase classname="SARIF output is GitHub Actions compliant has runAutomationDetails.id for Snyk Code (legacy)" name="SARIF output is GitHub Actions compliant has runAutomationDetails.id for Snyk Code (legacy)" time="0">
      <skipped/>
    </testcase>
    <testcase classname="SARIF output is GitHub Actions compliant has runAutomationDetails.id for Snyk Container" name="SARIF output is GitHub Actions compliant has runAutomationDetails.id for Snyk Container" time="0">
      <skipped/>
    </testcase>
    <testcase classname="SARIF output is GitHub Actions compliant has runAutomationDetails.id for Snyk IaC" name="SARIF output is GitHub Actions compliant has runAutomationDetails.id for Snyk IaC" time="0">
      <skipped/>
    </testcase>
  </testsuite>
  <testsuite name="snyk test --all-projects with one project that has errors" errors="0" failures="0" skipped="4" timestamp="2026-01-22T16:22:20" time="0.032" tests="4">
    <testcase classname="snyk test --all-projects with one project that has errors and another that has issues (vulnerabilities) should exit with exit code 1 when the `--fail-fast` option is not set" name="snyk test --all-projects with one project that has errors and another that has issues (vulnerabilities) should exit with exit code 1 when the `--fail-fast` option is not set" time="0">
      <skipped/>
    </testcase>
    <testcase classname="snyk test --all-projects with one project that has errors and another that has issues (vulnerabilities) should exit with exit code 2 when the `--fail-fast` option is set" name="snyk test --all-projects with one project that has errors and another that has issues (vulnerabilities) should exit with exit code 2 when the `--fail-fast` option is set" time="0">
      <skipped/>
    </testcase>
    <testcase classname="snyk test --all-projects with one project that has errors and another has no issues (vulnerabilities) should exit with exit code 0 when the `--fail-fast` option is not set" name="snyk test --all-projects with one project that has errors and another has no issues (vulnerabilities) should exit with exit code 0 when the `--fail-fast` option is not set" time="0">
      <skipped/>
    </testcase>
    <testcase classname="snyk test --all-projects with one project that has errors and another has no issues (vulnerabilities) should exit with exit code 2 when the `--fail-fast` option is set" name="snyk test --all-projects with one project that has errors and another has no issues (vulnerabilities) should exit with exit code 2 when the `--fail-fast` option is set" time="0">
      <skipped/>
    </testcase>
  </testsuite>
  <testsuite name="npm aliased packages with nested dependencies" errors="0" failures="0" skipped="1" timestamp="2026-01-22T16:22:20" time="0.031" tests="1">
    <testcase classname="npm aliased packages with nested dependencies test aliased packages with nested dependencies" name="npm aliased packages with nested dependencies test aliased packages with nested dependencies" time="0">
      <skipped/>
    </testcase>
  </testsuite>
  <testsuite name="snyk sbom --command (mocked server only)" errors="0" failures="0" skipped="3" timestamp="2026-01-22T16:22:20" time="0.033" tests="3">
    <testcase classname="snyk sbom --command (mocked server only) `sbom pip-app` generates an SBOM with a specified python command" name="snyk sbom --command (mocked server only) `sbom pip-app` generates an SBOM with a specified python command" time="0">
      <skipped/>
    </testcase>
    <testcase classname="snyk sbom --command (mocked server only) `sbom pip-app-custom` generates an SBOM with pip for custom manifest names" name="snyk sbom --command (mocked server only) `sbom pip-app-custom` generates an SBOM with pip for custom manifest names" time="0">
      <skipped/>
    </testcase>
    <testcase classname="snyk sbom --command (mocked server only) `sbom pip-app-private` generates an SBOM and skips unresolved packages" name="snyk sbom --command (mocked server only) `sbom pip-app-private` generates an SBOM and skips unresolved packages" time="0">
      <skipped/>
    </testcase>
  </testsuite>
  <testsuite name="snyk sbom: nuget options (mocked server only)" errors="0" failures="0" skipped="3" timestamp="2026-01-22T16:22:20" time="0.032" tests="3">
    <testcase classname="snyk sbom: nuget options (mocked server only) `sbom --assets-project-name` generates an SBOM for the NuGet project by using the project name in project.assets.json if found" name="snyk sbom: nuget options (mocked server only) `sbom --assets-project-name` generates an SBOM for the NuGet project by using the project name in project.assets.json if found" time="0">
      <skipped/>
    </testcase>
    <testcase classname="snyk sbom: nuget options (mocked server only) `sbom --packages-folder=...` generates an SBOM for the NuGet project by specifying a custom path to the packages folder." name="snyk sbom: nuget options (mocked server only) `sbom --packages-folder=...` generates an SBOM for the NuGet project by specifying a custom path to the packages folder." time="0">
      <skipped/>
    </testcase>
    <testcase classname="snyk sbom: nuget options (mocked server only) `sbom --file` generates an SBOM for the NuGet project by using the file flag with a .sln solution file" name="snyk sbom: nuget options (mocked server only) `sbom --file` generates an SBOM for the NuGet project by using the file flag with a .sln solution file" time="0">
      <skipped/>
    </testcase>
  </testsuite>
  <testsuite name="npm bundled dependencies" errors="0" failures="0" skipped="1" timestamp="2026-01-22T16:22:20" time="0.032" tests="1">
    <testcase classname="npm bundled dependencies test npm package with bundled dependencies" name="npm bundled dependencies test npm package with bundled dependencies" time="0">
      <skipped/>
    </testcase>
  </testsuite>
  <testsuite name="snyk test --sarif" errors="0" failures="0" skipped="2" timestamp="2026-01-22T16:22:20" time="0.033" tests="2">
    <testcase classname="snyk test --sarif `snyk test --sarif` includes the expected output" name="snyk test --sarif `snyk test --sarif` includes the expected output" time="0">
      <skipped/>
    </testcase>
    <testcase classname="snyk test --sarif `snyk test --sarif --all-sub-projects` on gradle multi-project includes full file paths" name="snyk test --sarif `snyk test --sarif --all-sub-projects` on gradle multi-project includes full file paths" time="0">
      <skipped/>
    </testcase>
  </testsuite>
  <testsuite name="--org" errors="0" failures="0" skipped="2" timestamp="2026-01-22T16:22:20" time="0.054" tests="2">
    <testcase classname="--org orgID is sent to the API" name="--org orgID is sent to the API" time="0">
      <skipped/>
    </testcase>
    <testcase classname="--org orgID is sent to the API, even if the org slug name is passed as parameter" name="--org orgID is sent to the API, even if the org slug name is passed as parameter" time="0">
      <skipped/>
    </testcase>
  </testsuite>
  <testsuite name="snyk test --yarn-workspaces (mocked server only)" errors="0" failures="0" skipped="4" timestamp="2026-01-22T16:22:20" time="0.033" tests="4">
    <testcase classname="snyk test --yarn-workspaces (mocked server only) `test yarn-out-of-sync` out of sync fails by default" name="snyk test --yarn-workspaces (mocked server only) `test yarn-out-of-sync` out of sync fails by default" time="0">
      <skipped/>
    </testcase>
    <testcase classname="snyk test --yarn-workspaces (mocked server only) `test yarn-out-of-sync` out of sync succeeds" name="snyk test --yarn-workspaces (mocked server only) `test yarn-out-of-sync` out of sync succeeds" time="0">
      <skipped/>
    </testcase>
    <testcase classname="snyk test --yarn-workspaces (mocked server only) `test yarn-workspaces-v2-resolutions` succeeds" name="snyk test --yarn-workspaces (mocked server only) `test yarn-workspaces-v2-resolutions` succeeds" time="0">
      <skipped/>
    </testcase>
    <testcase classname="snyk test --yarn-workspaces (mocked server only) `test empty --yarn-workspaces`" name="snyk test --yarn-workspaces (mocked server only) `test empty --yarn-workspaces`" time="0">
      <skipped/>
    </testcase>
  </testsuite>
  <testsuite name="npm optional dependencies without separate package entries" errors="0" failures="0" skipped="1" timestamp="2026-01-22T16:22:20" time="0.035" tests="1">
    <testcase classname="npm optional dependencies without separate package entries test optional dependencies without separate package entries" name="npm optional dependencies without separate package entries test optional dependencies without separate package entries" time="0">
      <skipped/>
    </testcase>
  </testsuite>
  <testsuite name="PAT" errors="0" failures="0" skipped="3" timestamp="2026-01-22T16:22:20" time="0.031" tests="3">
    <testcase classname="PAT derives api from pat for authorised requests" name="PAT derives api from pat for authorised requests" time="0">
      <skipped/>
    </testcase>
    <testcase classname="PAT api derived from pat takes precedence over SNYK_API" name="PAT api derived from pat takes precedence over SNYK_API" time="0">
      <skipped/>
    </testcase>
    <testcase classname="PAT auth error when pat is invalid" name="PAT auth error when pat is invalid" time="0">
      <skipped/>
    </testcase>
  </testsuite>
  <testsuite name="--target-reference" errors="0" failures="0" skipped="2" timestamp="2026-01-22T16:22:20" time="0.033" tests="2">
    <testcase classname="--target-reference forwards value to container monitor endpoint" name="--target-reference forwards value to container monitor endpoint" time="0">
      <skipped/>
    </testcase>
    <testcase classname="--target-reference forwards value to test endpoint" name="--target-reference forwards value to test endpoint" time="0">
      <skipped/>
    </testcase>
  </testsuite>
  <testsuite name="undefined" errors="0" failures="0" skipped="2" timestamp="2026-01-22T16:22:20" time="0.032" tests="2">
    <testcase classname=" returns value in one line" name=" returns value in one line" time="0">
      <skipped/>
    </testcase>
    <testcase classname="snyk config set endpoint set and use endpoint" name="snyk config set endpoint set and use endpoint" time="0">
      <skipped/>
    </testcase>
  </testsuite>
  <testsuite name="snyk container - chisel images" errors="0" failures="0" skipped="4" timestamp="2026-01-22T16:22:20" time="0.02" tests="4">
    <testcase classname="snyk container - chisel images test finds dependencies in chisel images" name="snyk container - chisel images test finds dependencies in chisel images" time="0">
      <skipped/>
    </testcase>
    <testcase classname="snyk container - chisel images test correctly identifies OS for chisel images with release info" name="snyk container - chisel images test correctly identifies OS for chisel images with release info" time="0">
      <skipped/>
    </testcase>
    <testcase classname="snyk container - chisel images test produces valid JSON output structure for chisel images" name="snyk container - chisel images test produces valid JSON output structure for chisel images" time="0">
      <skipped/>
    </testcase>
    <testcase classname="snyk container - chisel images test prints dependencies with --print-deps flag" name="snyk container - chisel images test prints dependencies with --print-deps flag" time="0">
      <skipped/>
    </testcase>
  </testsuite>
  <testsuite name="iac test --org" errors="0" failures="0" skipped="6" timestamp="2026-01-22T16:22:20" time="0.029" tests="6">
    <testcase classname="iac test --org uses the default org" name="iac test --org uses the default org" time="0">
      <skipped/>
    </testcase>
    <testcase classname="iac test --org uses the the org provided via the --org flag" name="iac test --org uses the the org provided via the --org flag" time="0">
      <skipped/>
    </testcase>
    <testcase classname="iac test --org uses the the org provided via the SNYK_CFG_ORG variable" name="iac test --org uses the the org provided via the SNYK_CFG_ORG variable" time="0">
      <skipped/>
    </testcase>
    <testcase classname="iac test --org for IaCV2 uses the default org" name="iac test --org for IaCV2 uses the default org" time="0">
      <skipped/>
    </testcase>
    <testcase classname="iac test --org for IaCV2 uses the the org provided via the --org flag" name="iac test --org for IaCV2 uses the the org provided via the --org flag" time="0">
      <skipped/>
    </testcase>
    <testcase classname="iac test --org for IaCV2 uses the the org provided via the SNYK_CFG_ORG variable" name="iac test --org for IaCV2 uses the the org provided via the SNYK_CFG_ORG variable" time="0">
      <skipped/>
    </testcase>
  </testsuite>
  <testsuite name="snyk container zstd archive edge cases" errors="0" failures="0" skipped="2" timestamp="2026-01-22T16:22:20" time="0.02" tests="2">
    <testcase classname="snyk container zstd archive edge cases archive format handling should handle zstd compressed OCI archive with auto-detection (no prefix)" name="snyk container zstd archive edge cases archive format handling should handle zstd compressed OCI archive with auto-detection (no prefix)" time="0">
      <skipped/>
    </testcase>
    <testcase classname="snyk container zstd archive edge cases archive format handling should handle zstd compressed OCI archive with explicit oci-archive prefix" name="snyk container zstd archive edge cases archive format handling should handle zstd compressed OCI archive with explicit oci-archive prefix" time="0">
      <skipped/>
    </testcase>
  </testsuite>
  <testsuite name="config" errors="0" failures="0" skipped="4" timestamp="2026-01-22T16:22:20" time="0.03" tests="4">
    <testcase classname="config loads API_REST_URL from config key if set" name="config loads API_REST_URL from config key if set" time="0">
      <skipped/>
    </testcase>
    <testcase classname="config fails with incorrect base url for sanity check" name="config fails with incorrect base url for sanity check" time="0">
      <skipped/>
    </testcase>
    <testcase classname="config loads API_REST_URL from API_V3_URL if set" name="config loads API_REST_URL from API_V3_URL if set" time="0">
      <skipped/>
    </testcase>
    <testcase classname="config prefers API_V3_URL over API_REST_URL when both are set" name="config prefers API_V3_URL over API_REST_URL when both are set" time="0">
      <skipped/>
    </testcase>
  </testsuite>
  <testsuite name="snyk test with missing node_modules" errors="0" failures="0" skipped="3" timestamp="2026-01-22T16:22:20" time="0.032" tests="3">
    <testcase classname="snyk test with missing node_modules throws when missing node_modules" name="snyk test with missing node_modules throws when missing node_modules" time="0">
      <skipped/>
    </testcase>
    <testcase classname="snyk test with missing node_modules does not throw when missing node_modules &amp; package.json has no dependencies" name="snyk test with missing node_modules does not throw when missing node_modules &amp; package.json has no dependencies" time="0">
      <skipped/>
    </testcase>
    <testcase classname="snyk test with missing node_modules does not throw when missing node_modules &amp; package.json has no dependencies (with --dev)" name="snyk test with missing node_modules does not throw when missing node_modules &amp; package.json has no dependencies (with --dev)" time="0">
      <skipped/>
    </testcase>
  </testsuite>
  <testsuite name="golang sboms (mocked server only)" errors="0" failures="0" skipped="1" timestamp="2026-01-22T16:22:20" time="0.032" tests="1">
    <testcase classname="golang sboms (mocked server only) Golang SBOMs contain properly formatted PackageURLs" name="golang sboms (mocked server only) Golang SBOMs contain properly formatted PackageURLs" time="0">
      <skipped/>
    </testcase>
  </testsuite>
  <testsuite name="snyk sbom: npm options (mocked server only)" errors="0" failures="0" skipped="2" timestamp="2026-01-22T16:22:21" time="0.032" tests="2">
    <testcase classname="snyk sbom: npm options (mocked server only) `sbom --strict-out-of-sync=false` generates an SBOM for the NPM project by NOT preventing scanning out-of-sync NPM lockfiles." name="snyk sbom: npm options (mocked server only) `sbom --strict-out-of-sync=false` generates an SBOM for the NPM project by NOT preventing scanning out-of-sync NPM lockfiles." time="0">
      <skipped/>
    </testcase>
    <testcase classname="snyk sbom: npm options (mocked server only) `sbom --strict-out-of-sync=true` fails to generate an SBOM for the NPM project because out-of-sync NPM lockfiles." name="snyk sbom: npm options (mocked server only) `sbom --strict-out-of-sync=true` fails to generate an SBOM for the NPM project because out-of-sync NPM lockfiles." time="0">
      <skipped/>
    </testcase>
  </testsuite>
  <testsuite name="--target-reference" errors="0" failures="0" skipped="2" timestamp="2026-01-22T16:22:21" time="0.032" tests="2">
    <testcase classname="--target-reference forwards value to monitor endpoint" name="--target-reference forwards value to monitor endpoint" time="0">
      <skipped/>
    </testcase>
    <testcase classname="--target-reference forwards value to test endpoint" name="--target-reference forwards value to test endpoint" time="0">
      <skipped/>
    </testcase>
  </testsuite>
  <testsuite name="iac update-exclude-policy" errors="0" failures="0" skipped="2" timestamp="2026-01-22T16:22:21" time="0.056" tests="2">
    <testcase classname="iac update-exclude-policy update-exclude-policy fail without the right entitlement" name="iac update-exclude-policy update-exclude-policy fail without the right entitlement" time="0">
      <skipped/>
    </testcase>
    <testcase classname="iac update-exclude-policy update-exclude-policy successfully executed when org has the entitlement" name="iac update-exclude-policy update-exclude-policy successfully executed when org has the entitlement" time="0">
      <skipped/>
    </testcase>
  </testsuite>
  <testsuite name="`snyk test` of basic projects for each language/ecosystem" errors="0" failures="0" skipped="3" timestamp="2026-01-22T16:22:21" time="0.032" tests="3">
    <testcase classname="`snyk test` of basic projects for each language/ecosystem run `snyk test` on a maven project with Dverbose" name="`snyk test` of basic projects for each language/ecosystem run `snyk test` on a maven project with Dverbose" time="0">
      <skipped/>
    </testcase>
    <testcase classname="`snyk test` of basic projects for each language/ecosystem run `snyk test` on a maven project with scopes collision with Dverbose" name="`snyk test` of basic projects for each language/ecosystem run `snyk test` on a maven project with scopes collision with Dverbose" time="0">
      <skipped/>
    </testcase>
    <testcase classname="`snyk test` of basic projects for each language/ecosystem run `snyk test` on a maven project with Dverbose omitted versions" name="`snyk test` of basic projects for each language/ecosystem run `snyk test` on a maven project with Dverbose omitted versions" time="0">
      <skipped/>
    </testcase>
  </testsuite>
  <testsuite name="iac capture" errors="0" failures="0" skipped="3" timestamp="2026-01-22T16:22:21" time="0.029" tests="3">
    <testcase classname="iac capture capture fail when not used as an iac sub-command" name="iac capture capture fail when not used as an iac sub-command" time="0">
      <skipped/>
    </testcase>
    <testcase classname="iac capture Launch capture without states" name="iac capture Launch capture without states" time="0">
      <skipped/>
    </testcase>
    <testcase classname="iac capture Launch capture with a state success" name="iac capture Launch capture with a state success" time="0">
      <skipped/>
    </testcase>
  </testsuite>
  <testsuite name="iac test --json file.yaml" errors="0" failures="0" skipped="2" timestamp="2026-01-22T16:22:21" time="0.03" tests="2">
    <testcase classname="iac test --json file.yaml supports the correct line numbers for multi-doc YAML files" name="iac test --json file.yaml supports the correct line numbers for multi-doc YAML files" time="0">
      <skipped/>
    </testcase>
    <testcase classname="iac test --json file.yaml for IaCV2 supports the correct line numbers for multi-doc YAML files" name="iac test --json file.yaml for IaCV2 supports the correct line numbers for multi-doc YAML files" time="0">
      <skipped/>
    </testcase>
  </testsuite>
  <testsuite name="snyk config environment" errors="0" failures="0" skipped="5" timestamp="2026-01-22T16:22:21" time="0.02" tests="5">
    <testcase classname="snyk config environment successfully configure with a partial DNS name" name="snyk config environment successfully configure with a partial DNS name" time="0">
      <skipped/>
    </testcase>
    <testcase classname="snyk config environment successfully configure with a URL" name="snyk config environment successfully configure with a URL" time="0">
      <skipped/>
    </testcase>
    <testcase classname="snyk config environment fail with an invalid env alias" name="snyk config environment fail with an invalid env alias" time="0">
      <skipped/>
    </testcase>
    <testcase classname="snyk config environment fail with env var collision" name="snyk config environment fail with env var collision" time="0">
      <skipped/>
    </testcase>
    <testcase classname="snyk config environment successfully configure by ignoring env var collisions" name="snyk config environment successfully configure by ignoring env var collisions" time="0">
      <skipped/>
    </testcase>
  </testsuite>
  <testsuite name="OAuth Token" errors="0" failures="0" skipped="2" timestamp="2026-01-22T16:22:21" time="0.032" tests="2">
    <testcase classname="OAuth Token uses oauth token for authorised requests when testing projects" name="OAuth Token uses oauth token for authorised requests when testing projects" time="0">
      <skipped/>
    </testcase>
    <testcase classname="OAuth Token uses oauth token for authorised requests when monitoring projects" name="OAuth Token uses oauth token for authorised requests when monitoring projects" time="0">
      <skipped/>
    </testcase>
  </testsuite>
  <testsuite name="trust policies" errors="0" failures="0" skipped="2" timestamp="2026-01-22T16:22:21" time="0.033" tests="2">
    <testcase classname="trust policies `snyk test` detects suggested ignore policies" name="trust policies `snyk test` detects suggested ignore policies" time="0">
      <skipped/>
    </testcase>
    <testcase classname="trust policies `snyk test --trust-policies` applies suggested ignore policies" name="trust policies `snyk test --trust-policies` applies suggested ignore policies" time="0">
      <skipped/>
    </testcase>
  </testsuite>
  <testsuite name="snyk test with patched vulnerabilities" errors="0" failures="0" skipped="1" timestamp="2026-01-22T16:22:21" time="0.033" tests="1">
    <testcase classname="snyk test with patched vulnerabilities takes into account patched vulnerabilities" name="snyk test with patched vulnerabilities takes into account patched vulnerabilities" time="0">
      <skipped/>
    </testcase>
  </testsuite>
  <testsuite name="test formatting for human consumption" errors="0" failures="0" skipped="2" timestamp="2026-01-22T16:22:21" time="0.035" tests="2">
    <testcase classname="test formatting for human consumption includes a summary of vulnerabilites and paths" name="test formatting for human consumption includes a summary of vulnerabilites and paths" time="0">
      <skipped/>
    </testcase>
    <testcase classname="test formatting for human consumption includes a user note and reason" name="test formatting for human consumption includes a user note and reason" time="0">
      <skipped/>
    </testcase>
  </testsuite>
  <testsuite name="snyk config endpoint" errors="0" failures="0" skipped="1" timestamp="2026-01-22T16:22:21" time="0.022" tests="1">
    <testcase classname="snyk config endpoint can set an endpoint after setting an invalid one" name="snyk config endpoint can set an endpoint after setting an invalid one" time="0">
      <skipped/>
    </testcase>
  </testsuite>
  <testsuite name="snyk test --fail-on" errors="0" failures="0" skipped="9" timestamp="2026-01-22T16:22:21" time="0.033" tests="9">
    <testcase classname="snyk test --fail-on snyk test --fail-on=&quot;all&quot; with no-vulns result exits with 0" name="snyk test --fail-on snyk test --fail-on=&quot;all&quot; with no-vulns result exits with 0" time="0">
      <skipped/>
    </testcase>
    <testcase classname="snyk test --fail-on snyk test --fail-on=&quot;all&quot; with no-fixable result exits with 0" name="snyk test --fail-on snyk test --fail-on=&quot;all&quot; with no-fixable result exits with 0" time="0">
      <skipped/>
    </testcase>
    <testcase classname="snyk test --fail-on snyk test --fail-on=&quot;all&quot; with upgradable result exits with 1" name="snyk test --fail-on snyk test --fail-on=&quot;all&quot; with upgradable result exits with 1" time="0">
      <skipped/>
    </testcase>
    <testcase classname="snyk test --fail-on snyk test --fail-on=&quot;all&quot; with patchable result exits with 1" name="snyk test --fail-on snyk test --fail-on=&quot;all&quot; with patchable result exits with 1" time="0">
      <skipped/>
    </testcase>
    <testcase classname="snyk test --fail-on snyk test --fail-on=&quot;upgradable&quot; with upgradable result exits with 1" name="snyk test --fail-on snyk test --fail-on=&quot;upgradable&quot; with upgradable result exits with 1" time="0">
      <skipped/>
    </testcase>
    <testcase classname="snyk test --fail-on snyk test --fail-on=&quot;upgradable&quot; with patchable result exits with 0" name="snyk test --fail-on snyk test --fail-on=&quot;upgradable&quot; with patchable result exits with 0" time="0">
      <skipped/>
    </testcase>
    <testcase classname="snyk test --fail-on snyk test --fail-on=&quot;patchable&quot; with upgradable result exits with 0" name="snyk test --fail-on snyk test --fail-on=&quot;patchable&quot; with upgradable result exits with 0" time="0">
      <skipped/>
    </testcase>
    <testcase classname="snyk test --fail-on snyk test --fail-on=&quot;patchable&quot; with patchable result exits with 1" name="snyk test --fail-on snyk test --fail-on=&quot;patchable&quot; with patchable result exits with 1" time="0">
      <skipped/>
    </testcase>
    <testcase classname="snyk test --fail-on snyk test --fail-on=&quot;invalid-value&quot; with no-vulns result exits with 2" name="snyk test --fail-on snyk test --fail-on=&quot;invalid-value&quot; with no-vulns result exits with 2" time="0">
      <skipped/>
    </testcase>
  </testsuite>
  <testsuite name="iac test SARIF output" errors="0" failures="0" skipped="3" timestamp="2026-01-22T16:22:21" time="0.061" tests="3">
    <testcase classname="iac test SARIF output should not show an initial message" name="iac test SARIF output should not show an initial message" time="0">
      <skipped/>
    </testcase>
    <testcase classname="iac test SARIF output should not show spinner messages" name="iac test SARIF output should not show spinner messages" time="0">
      <skipped/>
    </testcase>
    <testcase classname="iac test SARIF output with multiple paths should return valid output" name="iac test SARIF output with multiple paths should return valid output" time="0">
      <skipped/>
    </testcase>
  </testsuite>
  <testsuite name="checkPackageToolSupported" errors="0" failures="0" skipped="2" timestamp="2026-01-22T16:22:21" time="0.024" tests="2">
    <testcase classname="checkPackageToolSupported pipenv fix package called with correct data" name="checkPackageToolSupported pipenv fix package called with correct data" time="0">
      <skipped/>
    </testcase>
    <testcase classname="checkPackageToolSupported poetry fix package called with correct data" name="checkPackageToolSupported poetry fix package called with correct data" time="0">
      <skipped/>
    </testcase>
  </testsuite>
  <testsuite name="spotlight vuln notification" errors="0" failures="0" skipped="1" timestamp="2026-01-22T16:22:21" time="0.032" tests="1">
    <testcase classname="spotlight vuln notification includes spotlight vuln notification for Log4j SNYK-JAVA-ORGAPACHELOGGINGLOG4J-2314720" name="spotlight vuln notification includes spotlight vuln notification for Log4j SNYK-JAVA-ORGAPACHELOGGINGLOG4J-2314720" time="0">
      <skipped/>
    </testcase>
  </testsuite>
  <testsuite name="snyk test retry mechanism" errors="0" failures="0" skipped="2" timestamp="2026-01-22T16:22:21" time="0.056" tests="2">
    <testcase classname="snyk test retry mechanism run `snyk test` on an arbitrary cocoapods project and expect retries in case of failures" name="snyk test retry mechanism run `snyk test` on an arbitrary cocoapods project and expect retries in case of failures" time="0">
      <skipped/>
    </testcase>
    <testcase classname="snyk test retry mechanism run `snyk test` on an arbitrary cocoapods project and expect failure when the retry budget is consumed" name="snyk test retry mechanism run `snyk test` on an arbitrary cocoapods project and expect failure when the retry budget is consumed" time="0">
      <skipped/>
    </testcase>
  </testsuite>
  <testsuite name="snyk sbom --yarn-workspaces (mocked server only)" errors="0" failures="0" skipped="1" timestamp="2026-01-22T16:22:21" time="0.032" tests="1">
    <testcase classname="snyk sbom --yarn-workspaces (mocked server only) `sbom yarn-workspaces` generates an SBOM for multiple yarn workspaces" name="snyk sbom --yarn-workspaces (mocked server only) `sbom yarn-workspaces` generates an SBOM for multiple yarn workspaces" time="0">
      <skipped/>
    </testcase>
  </testsuite>
  <testsuite name="--reachability-id" errors="0" failures="0" skipped="1" timestamp="2026-01-22T16:22:21" time="0.032" tests="1">
    <testcase classname="--reachability-id forwards value to monitor graph endpoint" name="--reachability-id forwards value to monitor graph endpoint" time="0">
      <skipped/>
    </testcase>
  </testsuite>
  <testsuite name="gomodules dep-graphs" errors="0" failures="0" skipped="1" timestamp="2026-01-22T16:22:21" time="0.033" tests="1">
    <testcase classname="gomodules dep-graphs includes PackageURLs in gomodules dep-graphs" name="gomodules dep-graphs includes PackageURLs in gomodules dep-graphs" time="0">
      <skipped/>
    </testcase>
  </testsuite>
  <testsuite name="woof" errors="0" failures="0" skipped="11" timestamp="2026-01-22T16:22:21" time="0.021" tests="11">
    <testcase classname="woof Woofs in English by default" name="woof Woofs in English by default" time="0">
      <skipped/>
    </testcase>
    <testcase classname="woof Woofs in English when passed unsupported language" name="woof Woofs in English when passed unsupported language" time="0">
      <skipped/>
    </testcase>
    <testcase classname="woof Woofs in { langCode: &apos;en&apos;, expectedWoof: &apos;Woof!&apos; }" name="woof Woofs in { langCode: &apos;en&apos;, expectedWoof: &apos;Woof!&apos; }" time="0">
      <skipped/>
    </testcase>
    <testcase classname="woof Woofs in { langCode: &apos;he&apos;, expectedWoof: &apos;בה! &apos; }" name="woof Woofs in { langCode: &apos;he&apos;, expectedWoof: &apos;בה! &apos; }" time="0">
      <skipped/>
    </testcase>
    <testcase classname="woof Woofs in { langCode: &apos;ru&apos;, expectedWoof: &apos;Гав!&apos; }" name="woof Woofs in { langCode: &apos;ru&apos;, expectedWoof: &apos;Гав!&apos; }" time="0">
      <skipped/>
    </testcase>
    <testcase classname="woof Woofs in { langCode: &apos;es&apos;, expectedWoof: &apos;Guau!&apos; }" name="woof Woofs in { langCode: &apos;es&apos;, expectedWoof: &apos;Guau!&apos; }" time="0">
      <skipped/>
    </testcase>
    <testcase classname="woof Woofs in { langCode: &apos;cs&apos;, expectedWoof: &apos;Haf!&apos; }" name="woof Woofs in { langCode: &apos;cs&apos;, expectedWoof: &apos;Haf!&apos; }" time="0">
      <skipped/>
    </testcase>
    <testcase classname="woof Woofs in { langCode: &apos;uk&apos;, expectedWoof: &apos;Гав!&apos; }" name="woof Woofs in { langCode: &apos;uk&apos;, expectedWoof: &apos;Гав!&apos; }" time="0">
      <skipped/>
    </testcase>
    <testcase classname="woof Woofs in { langCode: &apos;de&apos;, expectedWoof: &apos;Wuff!&apos; }" name="woof Woofs in { langCode: &apos;de&apos;, expectedWoof: &apos;Wuff!&apos; }" time="0">
      <skipped/>
    </testcase>
    <testcase classname="woof Woofs in { langCode: &apos;ro&apos;, expectedWoof: &apos;Ham!&apos; }" name="woof Woofs in { langCode: &apos;ro&apos;, expectedWoof: &apos;Ham!&apos; }" time="0">
      <skipped/>
    </testcase>
    <testcase classname="woof Woofs in { langCode: &apos;cat&apos;, expectedWoof: &apos;Meow?&apos; }" name="woof Woofs in { langCode: &apos;cat&apos;, expectedWoof: &apos;Meow?&apos; }" time="0">
      <skipped/>
    </testcase>
  </testsuite>
  <testsuite name="--tags" errors="0" failures="0" skipped="6" timestamp="2026-01-22T16:22:21" time="0.231" tests="6">
    <testcase classname="--tags raises the correct error when passed as --project-tags (i.e. missing the =)" name="--tags raises the correct error when passed as --project-tags (i.e. missing the =)" time="0">
      <skipped/>
    </testcase>
    <testcase classname="--tags returns an empty set of tags when passed as --project-tags=" name="--tags returns an empty set of tags when passed as --project-tags=" time="0">
      <skipped/>
    </testcase>
    <testcase classname="--tags returns undefined when --project-tags is not passed" name="--tags returns undefined when --project-tags is not passed" time="0">
      <skipped/>
    </testcase>
    <testcase classname="--tags raises the correct error when a key is supplied with no value" name="--tags raises the correct error when a key is supplied with no value" time="0">
      <skipped/>
    </testcase>
    <testcase classname="--tags parses a single key/value pair into the correct data structure" name="--tags parses a single key/value pair into the correct data structure" time="0">
      <skipped/>
    </testcase>
    <testcase classname="--tags parses multiple key/value pairs into the correct data structure" name="--tags parses multiple key/value pairs into the correct data structure" time="0">
      <skipped/>
    </testcase>
  </testsuite>
  <testsuite name="GitHub action - IaC" errors="0" failures="0" skipped="5" timestamp="2026-01-22T16:22:22" time="0.073" tests="5">
    <testcase classname="GitHub action - IaC when provided config: {&quot;relativeDir&quot;:&quot;&quot;,&quot;inputPath&quot;:&quot;/Users/ianvidal/repos/cli/test/fixtures/iac/kubernetes/pod-valid.json&quot;} tests the GH Action SARIF output" name="GitHub action - IaC when provided config: {&quot;relativeDir&quot;:&quot;&quot;,&quot;inputPath&quot;:&quot;/Users/ianvidal/repos/cli/test/fixtures/iac/kubernetes/pod-valid.json&quot;} tests the GH Action SARIF output" time="0">
      <skipped/>
    </testcase>
    <testcase classname="GitHub action - IaC when provided config: {&quot;relativeDir&quot;:&quot;&quot;,&quot;inputPath&quot;:&quot;./iac/kubernetes/pod-valid.json&quot;} tests the GH Action SARIF output" name="GitHub action - IaC when provided config: {&quot;relativeDir&quot;:&quot;&quot;,&quot;inputPath&quot;:&quot;./iac/kubernetes/pod-valid.json&quot;} tests the GH Action SARIF output" time="0">
      <skipped/>
    </testcase>
    <testcase classname="GitHub action - IaC when provided config: {&quot;relativeDir&quot;:&quot;&quot;,&quot;inputPath&quot;:&quot;./iac&quot;} tests the GH Action SARIF output" name="GitHub action - IaC when provided config: {&quot;relativeDir&quot;:&quot;&quot;,&quot;inputPath&quot;:&quot;./iac&quot;} tests the GH Action SARIF output" time="0">
      <skipped/>
    </testcase>
    <testcase classname="GitHub action - IaC when provided config: {&quot;relativeDir&quot;:&quot;iac&quot;,&quot;inputPath&quot;:&quot;.&quot;} tests the GH Action SARIF output" name="GitHub action - IaC when provided config: {&quot;relativeDir&quot;:&quot;iac&quot;,&quot;inputPath&quot;:&quot;.&quot;} tests the GH Action SARIF output" time="0">
      <skipped/>
    </testcase>
    <testcase classname="GitHub action - IaC when provided config: {&quot;relativeDir&quot;:&quot;iac&quot;,&quot;inputPath&quot;:&quot;&quot;} tests the GH Action SARIF output" name="GitHub action - IaC when provided config: {&quot;relativeDir&quot;:&quot;iac&quot;,&quot;inputPath&quot;:&quot;&quot;} tests the GH Action SARIF output" time="0">
      <skipped/>
    </testcase>
  </testsuite>
  <testsuite name="dep-graph" errors="0" failures="0" skipped="3" timestamp="2026-01-22T16:22:22" time="0.026" tests="3">
    <testcase classname="dep-graph hasUnknownVersions returns true when dep-graph has unknown versions" name="dep-graph hasUnknownVersions returns true when dep-graph has unknown versions" time="0">
      <skipped/>
    </testcase>
    <testcase classname="dep-graph hasUnknownVersions returns false when dep-graph does not have unknown versions" name="dep-graph hasUnknownVersions returns false when dep-graph does not have unknown versions" time="0">
      <skipped/>
    </testcase>
    <testcase classname="dep-graph hasUnknownVersions returns false when dep-graph is undefined" name="dep-graph hasUnknownVersions returns false when dep-graph is undefined" time="0">
      <skipped/>
    </testcase>
  </testsuite>
  <testsuite name="FIPS" errors="0" failures="0" skipped="1" timestamp="2026-01-22T16:22:22" time="0.021" tests="1">
    <testcase classname="FIPS Tests are disabled!" name="FIPS Tests are disabled!" time="0">
      <skipped/>
    </testcase>
  </testsuite>
  <testsuite name="exit code behaviour - legacycli" errors="0" failures="0" skipped="6" timestamp="2026-01-22T16:22:22" time="0.018" tests="6">
    <testcase classname="exit code behaviour - legacycli map legacy cli exit code 0 to 0" name="exit code behaviour - legacycli map legacy cli exit code 0 to 0" time="0">
      <skipped/>
    </testcase>
    <testcase classname="exit code behaviour - legacycli map legacy cli exit code 1 to 1" name="exit code behaviour - legacycli map legacy cli exit code 1 to 1" time="0">
      <skipped/>
    </testcase>
    <testcase classname="exit code behaviour - legacycli map legacy cli exit code 2 to 2" name="exit code behaviour - legacycli map legacy cli exit code 2 to 2" time="0">
      <skipped/>
    </testcase>
    <testcase classname="exit code behaviour - legacycli map legacy cli exit code 3 to 3" name="exit code behaviour - legacycli map legacy cli exit code 3 to 3" time="0">
      <skipped/>
    </testcase>
    <testcase classname="exit code behaviour - legacycli map legacy cli exit code -1 to 2" name="exit code behaviour - legacycli map legacy cli exit code -1 to 2" time="0">
      <skipped/>
    </testcase>
    <testcase classname="exit code behaviour - general Correct exit code when snyk_timeout_secs expires" name="exit code behaviour - general Correct exit code when snyk_timeout_secs expires" time="0">
      <skipped/>
    </testcase>
  </testsuite>
  <testsuite name="iac test with infrastructureAsCode entitlement" errors="0" failures="0" skipped="1" timestamp="2026-01-22T16:22:22" time="0.033" tests="1">
    <testcase classname="iac test with infrastructureAsCode entitlement fails to scan because the user is not entitled to infrastructureAsCode" name="iac test with infrastructureAsCode entitlement fails to scan because the user is not entitled to infrastructureAsCode" time="0">
      <skipped/>
    </testcase>
  </testsuite>
  <testsuite name="Auto detect API URL" errors="0" failures="0" skipped="1" timestamp="2026-01-22T16:22:22" time="0.017" tests="1">
    <testcase classname="Auto detect API URL Based on OAuth token claim" name="Auto detect API URL Based on OAuth token claim" time="0">
      <skipped/>
    </testcase>
  </testsuite>
  <testsuite name="snyk sbom: unmanaged options" errors="0" failures="0" skipped="1" timestamp="2026-01-22T16:22:22" time="0.021" tests="1">
    <testcase classname="snyk sbom: unmanaged options `sbom --max-depth=1` generates an SBOM includind the dependencies within the archive" name="snyk sbom: unmanaged options `sbom --max-depth=1` generates an SBOM includind the dependencies within the archive" time="0">
      <skipped/>
    </testcase>
  </testsuite>
  <testsuite name="checkPath() regression test snyk/cli#3406" errors="0" failures="0" skipped="1" timestamp="2026-01-22T16:22:22" time="0.057" tests="1">
    <testcase classname="checkPath() regression test snyk/cli#3406 supports scanning a project matching an OSS manifest name" name="checkPath() regression test snyk/cli#3406 supports scanning a project matching an OSS manifest name" time="0">
      <skipped/>
    </testcase>
  </testsuite>
  <testsuite name="Fix PR" errors="0" failures="0" skipped="1" timestamp="2026-01-22T16:22:22" time="0.022" tests="1">
    <testcase classname="Fix PR patches vulnerable dependencies on install" name="Fix PR patches vulnerable dependencies on install" time="0">
      <skipped/>
    </testcase>
  </testsuite>
  <testsuite name="mcp-scan command" errors="0" failures="0" skipped="1" timestamp="2026-01-22T16:22:22" time="0.023" tests="1">
    <testcase classname="mcp-scan command invokes mcp-scan and prints invariant version text" name="mcp-scan command invokes mcp-scan and prints invariant version text" time="0">
      <skipped/>
    </testcase>
  </testsuite>
  <testsuite name="Parallel CLI execution" errors="0" failures="0" skipped="1" timestamp="2026-01-22T16:22:22" time="0.021" tests="1">
    <testcase classname="Parallel CLI execution parallel test" name="Parallel CLI execution parallel test" time="0">
      <skipped/>
    </testcase>
  </testsuite>
  <testsuite name="Enable preview features" errors="0" failures="0" skipped="2" timestamp="2026-01-22T16:22:22" time="0.017" tests="2">
    <testcase classname="Enable preview features force enable" name="Enable preview features force enable" time="0">
      <skipped/>
    </testcase>
    <testcase classname="Enable preview features force disable" name="Enable preview features force disable" time="0">
      <skipped/>
    </testcase>
  </testsuite>
  <testsuite name="--about" errors="0" failures="0" skipped="1" timestamp="2026-01-22T16:22:22" time="0.019" tests="1">
    <testcase classname="--about prints open source attribution information" name="--about prints open source attribution information" time="0">
      <skipped/>
    </testcase>
  </testsuite>
  <testsuite name="cli env" errors="0" failures="0" skipped="1" timestamp="2026-01-22T16:22:22" time="0.021" tests="1">
    <testcase classname="cli env should run the command with the correct env" name="cli env should run the command with the correct env" time="0">
      <skipped/>
    </testcase>
  </testsuite>
  <testsuite name="user journey" errors="0" failures="0" skipped="61" timestamp="2026-01-22T16:22:22" time="4.36" tests="67">
    <testcase classname="user journey typescript workflow cli args delimiting args should pass expected args to the command as expected" name="user journey typescript workflow cli args delimiting args should pass expected args to the command as expected" time="0">
      <skipped/>
    </testcase>
    <testcase classname="user journey typescript workflow cli args snyk test command should fail when --file is not specified correctly" name="user journey typescript workflow cli args snyk test command should fail when --file is not specified correctly" time="0">
      <skipped/>
    </testcase>
    <testcase classname="user journey typescript workflow cli args snyk version command should show cli version" name="user journey typescript workflow cli args snyk version command should show cli version" time="0">
      <skipped/>
    </testcase>
    <testcase classname="user journey typescript workflow cli args snyk test command should fail when --packageManager is not specified correctly" name="user journey typescript workflow cli args snyk test command should fail when --packageManager is not specified correctly" time="0">
      <skipped/>
    </testcase>
    <testcase classname="user journey typescript workflow cli args snyk test command should fail when iac --file is specified" name="user journey typescript workflow cli args snyk test command should fail when iac --file is specified" time="0">
      <skipped/>
    </testcase>
    <testcase classname="user journey typescript workflow cli args snyk test multiple paths with --project-name=NAME" name="user journey typescript workflow cli args snyk test multiple paths with --project-name=NAME" time="0">
      <skipped/>
    </testcase>
    <testcase classname="user journey typescript workflow cli args snyk test --file=file.sln --project-name=NAME" name="user journey typescript workflow cli args snyk test --file=file.sln --project-name=NAME" time="0">
      <skipped/>
    </testcase>
    <testcase classname="user journey typescript workflow cli args snyk test --file=blah --scan-all-unmanaged" name="user journey typescript workflow cli args snyk test --file=blah --scan-all-unmanaged" time="0">
      <skipped/>
    </testcase>
    <testcase classname="user journey typescript workflow cli args snyk test --maven-aggregate-project --project-name=blah" name="user journey typescript workflow cli args snyk test --maven-aggregate-project --project-name=blah" time="0">
      <skipped/>
    </testcase>
    <testcase classname="user journey typescript workflow cli args test using --file and --yarn-workspaces displays error message" name="user journey typescript workflow cli args test using --file and --yarn-workspaces displays error message" time="0">
      <skipped/>
    </testcase>
    <testcase classname="user journey typescript workflow cli args monitor using --file and --yarn-workspaces displays error message" name="user journey typescript workflow cli args monitor using --file and --yarn-workspaces displays error message" time="0">
      <skipped/>
    </testcase>
    <testcase classname="user journey typescript workflow cli args test using --package-manager and --yarn-workspaces displays error message" name="user journey typescript workflow cli args test using --package-manager and --yarn-workspaces displays error message" time="0">
      <skipped/>
    </testcase>
    <testcase classname="user journey typescript workflow cli args monitor using --package-manager and --yarn-workspaces displays error message" name="user journey typescript workflow cli args monitor using --package-manager and --yarn-workspaces displays error message" time="0">
      <skipped/>
    </testcase>
    <testcase classname="user journey typescript workflow cli args test using --project-name and --yarn-workspaces displays error message" name="user journey typescript workflow cli args test using --project-name and --yarn-workspaces displays error message" time="0">
      <skipped/>
    </testcase>
    <testcase classname="user journey typescript workflow cli args monitor using --project-name and --yarn-workspaces displays error message" name="user journey typescript workflow cli args monitor using --project-name and --yarn-workspaces displays error message" time="0">
      <skipped/>
    </testcase>
    <testcase classname="user journey typescript workflow cli args test using --docker and --yarn-workspaces displays error message" name="user journey typescript workflow cli args test using --docker and --yarn-workspaces displays error message" time="0">
      <skipped/>
    </testcase>
    <testcase classname="user journey typescript workflow cli args monitor using --docker and --yarn-workspaces displays error message" name="user journey typescript workflow cli args monitor using --docker and --yarn-workspaces displays error message" time="0">
      <skipped/>
    </testcase>
    <testcase classname="user journey typescript workflow cli args test using --all-sub-projects and --yarn-workspaces displays error message" name="user journey typescript workflow cli args test using --all-sub-projects and --yarn-workspaces displays error message" time="0">
      <skipped/>
    </testcase>
    <testcase classname="user journey typescript workflow cli args monitor using --all-sub-projects and --yarn-workspaces displays error message" name="user journey typescript workflow cli args monitor using --all-sub-projects and --yarn-workspaces displays error message" time="0">
      <skipped/>
    </testcase>
    <testcase classname="user journey typescript workflow cli args test using --file and --all-projects displays error message" name="user journey typescript workflow cli args test using --file and --all-projects displays error message" time="0">
      <skipped/>
    </testcase>
    <testcase classname="user journey typescript workflow cli args monitor using --file and --all-projects displays error message" name="user journey typescript workflow cli args monitor using --file and --all-projects displays error message" time="0">
      <skipped/>
    </testcase>
    <testcase classname="user journey typescript workflow cli args test using --package-manager and --all-projects displays error message" name="user journey typescript workflow cli args test using --package-manager and --all-projects displays error message" time="0">
      <skipped/>
    </testcase>
    <testcase classname="user journey typescript workflow cli args monitor using --package-manager and --all-projects displays error message" name="user journey typescript workflow cli args monitor using --package-manager and --all-projects displays error message" time="0">
      <skipped/>
    </testcase>
    <testcase classname="user journey typescript workflow cli args test using --project-name and --all-projects displays error message" name="user journey typescript workflow cli args test using --project-name and --all-projects displays error message" time="0">
      <skipped/>
    </testcase>
    <testcase classname="user journey typescript workflow cli args monitor using --project-name and --all-projects displays error message" name="user journey typescript workflow cli args monitor using --project-name and --all-projects displays error message" time="0">
      <skipped/>
    </testcase>
    <testcase classname="user journey typescript workflow cli args test using --docker and --all-projects displays error message" name="user journey typescript workflow cli args test using --docker and --all-projects displays error message" time="0">
      <skipped/>
    </testcase>
    <testcase classname="user journey typescript workflow cli args monitor using --docker and --all-projects displays error message" name="user journey typescript workflow cli args monitor using --docker and --all-projects displays error message" time="0">
      <skipped/>
    </testcase>
    <testcase classname="user journey typescript workflow cli args test using --all-sub-projects and --all-projects displays error message" name="user journey typescript workflow cli args test using --all-sub-projects and --all-projects displays error message" time="0">
      <skipped/>
    </testcase>
    <testcase classname="user journey typescript workflow cli args monitor using --all-sub-projects and --all-projects displays error message" name="user journey typescript workflow cli args monitor using --all-sub-projects and --all-projects displays error message" time="0">
      <skipped/>
    </testcase>
    <testcase classname="user journey typescript workflow cli args test using --yarn-workspaces and --all-projects displays error message" name="user journey typescript workflow cli args test using --yarn-workspaces and --all-projects displays error message" time="0">
      <skipped/>
    </testcase>
    <testcase classname="user journey typescript workflow cli args monitor using --yarn-workspaces and --all-projects displays error message" name="user journey typescript workflow cli args monitor using --yarn-workspaces and --all-projects displays error message" time="0">
      <skipped/>
    </testcase>
    <testcase classname="user journey typescript workflow cli args snyk test --exclude without --all-project displays error message" name="user journey typescript workflow cli args snyk test --exclude without --all-project displays error message" time="0">
      <skipped/>
    </testcase>
    <testcase classname="user journey typescript workflow cli args snyk test --exclude without any value displays error message" name="user journey typescript workflow cli args snyk test --exclude without any value displays error message" time="0">
      <skipped/>
    </testcase>
    <testcase classname="user journey typescript workflow cli args snyk test --exclude=path/to/dir displays error message" name="user journey typescript workflow cli args snyk test --exclude=path/to/dir displays error message" time="0">
      <skipped/>
    </testcase>
    <testcase classname="user journey typescript workflow cli args config not allowed with --json-file-output" name="user journey typescript workflow cli args config not allowed with --json-file-output" time="0">
      <skipped/>
    </testcase>
    <testcase classname="user journey typescript workflow cli args ignore not allowed with --json-file-output" name="user journey typescript workflow cli args ignore not allowed with --json-file-output" time="0">
      <skipped/>
    </testcase>
    <testcase classname="user journey typescript workflow cli args modules not allowed with --json-file-output" name="user journey typescript workflow cli args modules not allowed with --json-file-output" time="0">
      <skipped/>
    </testcase>
    <testcase classname="user journey typescript workflow cli args monitor not allowed with --json-file-output" name="user journey typescript workflow cli args monitor not allowed with --json-file-output" time="0">
      <skipped/>
    </testcase>
    <testcase classname="user journey typescript workflow cli args policy not allowed with --json-file-output" name="user journey typescript workflow cli args policy not allowed with --json-file-output" time="0">
      <skipped/>
    </testcase>
    <testcase classname="user journey typescript workflow cli args protect not allowed with --json-file-output" name="user journey typescript workflow cli args protect not allowed with --json-file-output" time="0">
      <skipped/>
    </testcase>
    <testcase classname="user journey typescript workflow cli args version not allowed with --json-file-output" name="user journey typescript workflow cli args version not allowed with --json-file-output" time="0">
      <skipped/>
    </testcase>
    <testcase classname="user journey typescript workflow cli args wizard not allowed with --json-file-output" name="user journey typescript workflow cli args wizard not allowed with --json-file-output" time="0">
      <skipped/>
    </testcase>
    <testcase classname="user journey typescript workflow cli args woof not allowed with --json-file-output" name="user journey typescript workflow cli args woof not allowed with --json-file-output" time="0">
      <skipped/>
    </testcase>
    <testcase classname="user journey typescript workflow cli args project attributes are implemented --project{-business-criticality, -lifecycle, -environment}" name="user journey typescript workflow cli args project attributes are implemented --project{-business-criticality, -lifecycle, -environment}" time="0">
      <skipped/>
    </testcase>
    <testcase classname="user journey typescript workflow cli args snyk monitor --project-tags is implemented" name="user journey typescript workflow cli args snyk monitor --project-tags is implemented" time="0">
      <skipped/>
    </testcase>
    <testcase classname="user journey typescript workflow cli args snyk container monitor --project-tags is implemented" name="user journey typescript workflow cli args snyk container monitor --project-tags is implemented" time="0">
      <skipped/>
    </testcase>
    <testcase classname="user journey typescript workflow cli args snyk test --json-file-output no value produces error message" name="user journey typescript workflow cli args snyk test --json-file-output no value produces error message" time="0">
      <skipped/>
    </testcase>
    <testcase classname="user journey typescript workflow cli args snyk test --json-file-output no value produces error message" name="user journey typescript workflow cli args snyk test --json-file-output no value produces error message" time="0">
      <skipped/>
    </testcase>
    <testcase classname="user journey typescript workflow cli args snyk test --json-file-output no value produces error message" name="user journey typescript workflow cli args snyk test --json-file-output no value produces error message" time="0">
      <skipped/>
    </testcase>
    <testcase classname="user journey typescript workflow cli args snyk test --json-file-output no value produces error message" name="user journey typescript workflow cli args snyk test --json-file-output no value produces error message" time="0">
      <skipped/>
    </testcase>
    <testcase classname="user journey typescript workflow cli args iac test with flags not allowed with --sarif" name="user journey typescript workflow cli args iac test with flags not allowed with --sarif" time="0">
      <skipped/>
    </testcase>
    <testcase classname="user journey typescript workflow cli args container test with flags not allowed with --sarif" name="user journey typescript workflow cli args container test with flags not allowed with --sarif" time="0">
      <skipped/>
    </testcase>
    <testcase classname="user journey typescript workflow cli args snyk test --sarif-file-output no value produces error message" name="user journey typescript workflow cli args snyk test --sarif-file-output no value produces error message" time="0">
      <skipped/>
    </testcase>
    <testcase classname="user journey typescript workflow cli args snyk test --sarif-file-output no value produces error message" name="user journey typescript workflow cli args snyk test --sarif-file-output no value produces error message" time="0">
      <skipped/>
    </testcase>
    <testcase classname="user journey typescript workflow cli args snyk test --sarif-file-output no value produces error message" name="user journey typescript workflow cli args snyk test --sarif-file-output no value produces error message" time="0">
      <skipped/>
    </testcase>
    <testcase classname="user journey typescript workflow cli args snyk test --sarif-file-output no value produces error message" name="user journey typescript workflow cli args snyk test --sarif-file-output no value produces error message" time="0">
      <skipped/>
    </testcase>
    <testcase classname="user journey typescript workflow cli args container test --json-file-output can be used at the same time as --sarif-file-output" name="user journey typescript workflow cli args container test --json-file-output can be used at the same time as --sarif-file-output" time="0">
      <skipped/>
    </testcase>
    <testcase classname="user journey typescript workflow cli args container test --sarif-file-output can be used at the same time as --sarif" name="user journey typescript workflow cli args container test --sarif-file-output can be used at the same time as --sarif" time="0">
      <skipped/>
    </testcase>
    <testcase classname="user journey typescript workflow cli args container test --sarif-file-output without vulns" name="user journey typescript workflow cli args container test --sarif-file-output without vulns" time="0">
      <skipped/>
    </testcase>
    <testcase classname="user journey typescript workflow cli args container test --sarif-file-output can be used at the same time as --json" name="user journey typescript workflow cli args container test --sarif-file-output can be used at the same time as --json" time="0">
      <skipped/>
    </testcase>
    <testcase classname="user journey typescript workflow cli args container test --file=Dockerfile --exclude-base-image-vulns returns exit code 0" name="user journey typescript workflow cli args container test --file=Dockerfile --exclude-base-image-vulns returns exit code 0" time="0">
      <skipped/>
    </testcase>
    <testcase classname="user journey typescript workflow cli args container test nested-jars-depth validation should fail with invalid nested-jars-depth value (non-numeric: true)" name="user journey typescript workflow cli args container test nested-jars-depth validation should fail with invalid nested-jars-depth value (non-numeric: true)" time="0.733">
    </testcase>
    <testcase classname="user journey typescript workflow cli args container test nested-jars-depth validation should fail with invalid nested-jars-depth value (non-numeric: false)" name="user journey typescript workflow cli args container test nested-jars-depth validation should fail with invalid nested-jars-depth value (non-numeric: false)" time="0.728">
    </testcase>
    <testcase classname="user journey typescript workflow cli args container test nested-jars-depth validation should fail with invalid nested-jars-depth value (non-numeric: Infinity)" name="user journey typescript workflow cli args container test nested-jars-depth validation should fail with invalid nested-jars-depth value (non-numeric: Infinity)" time="0.724">
    </testcase>
    <testcase classname="user journey typescript workflow cli args container test nested-jars-depth validation should fail with invalid nested-jars-depth value (negative number)" name="user journey typescript workflow cli args container test nested-jars-depth validation should fail with invalid nested-jars-depth value (negative number)" time="0.72">
    </testcase>
    <testcase classname="user journey typescript workflow cli args container test nested-jars-depth validation should fail when using both nested-jars-depth and shaded-jars-depth flags" name="user journey typescript workflow cli args container test nested-jars-depth validation should fail when using both nested-jars-depth and shaded-jars-depth flags" time="0.726">
    </testcase>
    <testcase classname="user journey typescript workflow cli args container test nested-jars-depth validation should accept valid numeric nested-jars-depth value" name="user journey typescript workflow cli args container test nested-jars-depth validation should accept valid numeric nested-jars-depth value" time="0.561">
    </testcase>
  </testsuite>
</testsuites>